2025-11-03T19:46:22.4484680Z Current runner version: '2.329.0'
2025-11-03T19:46:22.4499800Z ##[group]Runner Image Provisioner
2025-11-03T19:46:22.4500360Z Hosted Compute Agent
2025-11-03T19:46:22.4500710Z Version: 20251016.436
2025-11-03T19:46:22.4501090Z Commit: 8ab8ac8bfd662a3739dab9fe09456aba92132568
2025-11-03T19:46:22.4501530Z Build Date: 2025-10-15T20:44:12Z
2025-11-03T19:46:22.4501940Z ##[endgroup]
2025-11-03T19:46:22.4502280Z ##[group]Operating System
2025-11-03T19:46:22.4502650Z macOS
2025-11-03T19:46:22.4502960Z 15.7.1
2025-11-03T19:46:22.4503250Z 24G231
2025-11-03T19:46:22.4503540Z ##[endgroup]
2025-11-03T19:46:22.4503850Z ##[group]Runner Image
2025-11-03T19:46:22.4504190Z Image: macos-15-arm64
2025-11-03T19:46:22.4504580Z Version: 20251021.0066
2025-11-03T19:46:22.4505450Z Included Software: https://github.com/actions/runner-images/blob/macos-15-arm64/20251021.0066/images/macos/macos-15-arm64-Readme.md
2025-11-03T19:46:22.4506940Z Image Release: https://github.com/actions/runner-images/releases/tag/macos-15-arm64%2F20251021.0066
2025-11-03T19:46:22.4507820Z ##[endgroup]
2025-11-03T19:46:22.4508530Z ##[group]GITHUB_TOKEN Permissions
2025-11-03T19:46:22.4509540Z Contents: write
2025-11-03T19:46:22.4509860Z Metadata: read
2025-11-03T19:46:22.4510170Z ##[endgroup]
2025-11-03T19:46:22.4511590Z Secret source: Actions
2025-11-03T19:46:22.4512000Z Prepare workflow directory
2025-11-03T19:46:22.4815030Z Prepare all required actions
2025-11-03T19:46:22.4843550Z Getting action download info
2025-11-03T19:46:22.7219580Z Download action repository 'actions/checkout@v4' (SHA:08eba0b27e820071cde6df949e0beb9ba4906955)
2025-11-03T19:46:23.1307770Z Download action repository 'fortran-lang/setup-fortran@v1' (SHA:d2ba6ea44297a24407def2f6e117954d844a5368)
2025-11-03T19:46:24.2568370Z Download action repository 'actions/setup-python@v5' (SHA:a26af69be951a213d495a4c3e4e4022e16d87065)
2025-11-03T19:46:24.3550340Z Download action repository 'actions/upload-artifact@v4' (SHA:ea165f8d65b6e75b540449e92b4886f43607fa02)
2025-11-03T19:46:24.5309170Z Getting action download info
2025-11-03T19:46:24.7104820Z Download action repository 'actions/cache@v4' (SHA:0057852bfaa89a56745cba8c7296529d2fc39830)
2025-11-03T19:46:24.7899680Z Download action repository 'mamba-org/setup-micromamba@v2.0.6' (SHA:7f29b8b80078b1b601dfa018b0f7425c587c63bb)
2025-11-03T19:46:26.3095400Z Download action repository 'ilammy/msvc-dev-cmd@v1.13.0' (SHA:0b201ec74fa43914dc39ae48a89fd1d8cb592756)
2025-11-03T19:46:27.5213220Z Complete job name: Build wheels (macOS native per-arch via cibuildwheel) (macos-15)
2025-11-03T19:46:27.5738800Z ##[group]Run actions/checkout@v4
2025-11-03T19:46:27.5739210Z with:
2025-11-03T19:46:27.5739350Z   fetch-depth: 0
2025-11-03T19:46:27.5739500Z   repository: ACERT-ESR/NLSL
2025-11-03T19:46:27.5739880Z   token: ***
2025-11-03T19:46:27.5740080Z   ssh-strict: true
2025-11-03T19:46:27.5740230Z   ssh-user: git
2025-11-03T19:46:27.5740360Z   persist-credentials: true
2025-11-03T19:46:27.5740510Z   clean: true
2025-11-03T19:46:27.5740650Z   sparse-checkout-cone-mode: true
2025-11-03T19:46:27.5740850Z   fetch-tags: false
2025-11-03T19:46:27.5740980Z   show-progress: true
2025-11-03T19:46:27.5741110Z   lfs: false
2025-11-03T19:46:27.5741220Z   submodules: false
2025-11-03T19:46:27.5741350Z   set-safe-directory: true
2025-11-03T19:46:27.5741670Z env:
2025-11-03T19:46:27.5741800Z   CIBW_BUILD: cp3{9,10,11,12,13,14}-*
2025-11-03T19:46:27.5741970Z   CIBW_ARCHS_MACOS: native
2025-11-03T19:46:27.5742130Z   CIBW_ENVIRONMENT_MACOS: FC=gfortran
2025-11-03T19:46:27.5742370Z   CIBW_ENVIRONMENT_WINDOWS: CC=gcc CXX=g++ FC=gfortran
2025-11-03T19:46:27.5742600Z   MACOSX_DEPLOYMENT_TARGET: 12.0
2025-11-03T19:46:27.5742800Z ##[endgroup]
2025-11-03T19:46:27.8761830Z Syncing repository: ACERT-ESR/NLSL
2025-11-03T19:46:27.8763570Z ##[group]Getting Git version info
2025-11-03T19:46:27.8764250Z Working directory is '/Users/runner/work/NLSL/NLSL'
2025-11-03T19:46:27.8766240Z [command]/opt/homebrew/bin/git version
2025-11-03T19:46:27.9364460Z git version 2.50.1
2025-11-03T19:46:27.9402620Z ##[endgroup]
2025-11-03T19:46:27.9411380Z Copying '/Users/runner/.gitconfig' to '/Users/runner/work/_temp/9f8de2c7-4b8c-4479-b88f-46ec0f14a8f0/.gitconfig'
2025-11-03T19:46:27.9418180Z Temporarily overriding HOME='/Users/runner/work/_temp/9f8de2c7-4b8c-4479-b88f-46ec0f14a8f0' before making global git config changes
2025-11-03T19:46:27.9419080Z Adding repository directory to the temporary git global config as a safe directory
2025-11-03T19:46:27.9422700Z [command]/opt/homebrew/bin/git config --global --add safe.directory /Users/runner/work/NLSL/NLSL
2025-11-03T19:46:27.9512160Z Deleting the contents of '/Users/runner/work/NLSL/NLSL'
2025-11-03T19:46:27.9531060Z ##[group]Initializing the repository
2025-11-03T19:46:27.9531560Z [command]/opt/homebrew/bin/git init /Users/runner/work/NLSL/NLSL
2025-11-03T19:46:27.9698250Z hint: Using 'master' as the name for the initial branch. This default branch name
2025-11-03T19:46:27.9699100Z hint: is subject to change. To configure the initial branch name to use in all
2025-11-03T19:46:27.9700040Z hint: of your new repositories, which will suppress this warning, call:
2025-11-03T19:46:27.9700400Z hint:
2025-11-03T19:46:27.9700640Z hint: 	git config --global init.defaultBranch <name>
2025-11-03T19:46:27.9700850Z hint:
2025-11-03T19:46:27.9701090Z hint: Names commonly chosen instead of 'master' are 'main', 'trunk' and
2025-11-03T19:46:27.9701510Z hint: 'development'. The just-created branch can be renamed via this command:
2025-11-03T19:46:27.9701790Z hint:
2025-11-03T19:46:27.9701950Z hint: 	git branch -m <name>
2025-11-03T19:46:27.9702150Z hint:
2025-11-03T19:46:27.9702400Z hint: Disable this message with "git config set advice.defaultBranchName false"
2025-11-03T19:46:27.9702790Z Initialized empty Git repository in /Users/runner/work/NLSL/NLSL/.git/
2025-11-03T19:46:27.9706700Z [command]/opt/homebrew/bin/git remote add origin https://github.com/ACERT-ESR/NLSL
2025-11-03T19:46:27.9780350Z ##[endgroup]
2025-11-03T19:46:27.9781090Z ##[group]Disabling automatic garbage collection
2025-11-03T19:46:27.9782340Z [command]/opt/homebrew/bin/git config --local gc.auto 0
2025-11-03T19:46:27.9841880Z ##[endgroup]
2025-11-03T19:46:27.9842780Z ##[group]Setting up auth
2025-11-03T19:46:27.9847500Z [command]/opt/homebrew/bin/git config --local --name-only --get-regexp core\.sshCommand
2025-11-03T19:46:27.9914130Z [command]/opt/homebrew/bin/git submodule foreach --recursive sh -c "git config --local --name-only --get-regexp 'core\.sshCommand' && git config --local --unset-all 'core.sshCommand' || :"
2025-11-03T19:46:28.1286000Z [command]/opt/homebrew/bin/git config --local --name-only --get-regexp http\.https\:\/\/github\.com\/\.extraheader
2025-11-03T19:46:28.1564830Z [command]/opt/homebrew/bin/git submodule foreach --recursive sh -c "git config --local --name-only --get-regexp 'http\.https\:\/\/github\.com\/\.extraheader' && git config --local --unset-all 'http.https://github.com/.extraheader' || :"
2025-11-03T19:46:28.2196090Z [command]/opt/homebrew/bin/git config --local http.https://github.com/.extraheader AUTHORIZATION: basic ***
2025-11-03T19:46:28.2259990Z ##[endgroup]
2025-11-03T19:46:28.2260330Z ##[group]Fetching the repository
2025-11-03T19:46:28.2268250Z [command]/opt/homebrew/bin/git -c protocol.version=2 fetch --prune --no-recurse-submodules origin +refs/heads/*:refs/remotes/origin/* +refs/tags/*:refs/tags/*
2025-11-03T19:46:29.9234240Z From https://github.com/ACERT-ESR/NLSL
2025-11-03T19:46:29.9235270Z  * [new branch]      4mkv8d-codex/refactor-nlsl-module-to-use-class -> origin/4mkv8d-codex/refactor-nlsl-module-to-use-class
2025-11-03T19:46:29.9235900Z  * [new branch]      basis_pruning         -> origin/basis_pruning
2025-11-03T19:46:29.9237980Z  * [new branch]      codex/add-fortran-logging-interface-with-c-helpers -> origin/codex/add-fortran-logging-interface-with-c-helpers
2025-11-03T19:46:29.9240010Z  * [new branch]      codex/add-ipfind-integration-with-tests -> origin/codex/add-ipfind-integration-with-tests
2025-11-03T19:46:29.9242710Z  * [new branch]      codex/add-pure-python-helpers-for-spectrum-processing -> origin/codex/add-pure-python-helpers-for-spectrum-processing
2025-11-03T19:46:29.9244660Z  * [new branch]      codex/convert-runexamples_first.py-to-pytest-unit-test -> origin/codex/convert-runexamples_first.py-to-pytest-unit-test
2025-11-03T19:46:29.9246710Z  * [new branch]      codex/create-new-readme-with-examples-section -> origin/codex/create-new-readme-with-examples-section
2025-11-03T19:46:29.9248730Z  * [new branch]      codex/create-unit-test-for-first-case -> origin/codex/create-unit-test-for-first-case
2025-11-03T19:46:29.9251170Z  * [new branch]      codex/find-nlsl.parameters-object-access -> origin/codex/find-nlsl.parameters-object-access
2025-11-03T19:46:29.9253250Z  * [new branch]      codex/fix-clearance-issue-in-nlsl-init -> origin/codex/fix-clearance-issue-in-nlsl-init
2025-11-03T19:46:29.9255190Z  * [new branch]      codex/fix-compiler-warnings-during-installation -> origin/codex/fix-compiler-warnings-during-installation
2025-11-03T19:46:29.9257720Z  * [new branch]      codex/fix-importerror-in-nlsl-module -> origin/codex/fix-importerror-in-nlsl-module
2025-11-03T19:46:29.9259820Z  * [new branch]      codex/fix-module-reloading-in-tests -> origin/codex/fix-module-reloading-in-tests
2025-11-03T19:46:29.9261770Z  * [new branch]      codex/fix-name-mismatches-in-_names-arrays -> origin/codex/fix-name-mismatches-in-_names-arrays
2025-11-03T19:46:29.9265110Z  * [new branch]      codex/implement-fit_params-class-and-interface -> origin/codex/implement-fit_params-class-and-interface
2025-11-03T19:46:29.9266730Z  * [new branch]      codex/investigate-compilation-issues-with-make -> origin/codex/investigate-compilation-issues-with-make
2025-11-03T19:46:29.9268460Z  * [new branch]      codex/investigate-nspc-compilation-issue -> origin/codex/investigate-nspc-compilation-issue
2025-11-03T19:46:29.9270520Z  * [new branch]      codex/investigate-procline-command-behavior -> origin/codex/investigate-procline-command-behavior
2025-11-03T19:46:29.9273590Z  * [new branch]      codex/locate-appropriate-subdirectory-groupings -> origin/codex/locate-appropriate-subdirectory-groupings
2025-11-03T19:46:29.9275520Z  * [new branch]      codex/plot-simulated-spectrum-with-optimal-parameters -> origin/codex/plot-simulated-spectrum-with-optimal-parameters
2025-11-03T19:46:29.9277300Z  * [new branch]      codex/refactor-nlsl-module-to-use-class -> origin/codex/refactor-nlsl-module-to-use-class
2025-11-03T19:46:29.9280310Z  * [new branch]      codex/refactor-to-pyproject.toml-with-meson -> origin/codex/refactor-to-pyproject.toml-with-meson
2025-11-03T19:46:29.9282570Z  * [new branch]      codex/refactor-wrspc-to-write_spc-and-update-calls -> origin/codex/refactor-wrspc-to-write_spc-and-update-calls
2025-11-03T19:46:29.9283890Z  * [new branch]      codex/remove-procline-usage-in-nlsl-class -> origin/codex/remove-procline-usage-in-nlsl-class
2025-11-03T19:46:29.9286090Z  * [new branch]      codex/rename-variables-across-fortran-sources -> origin/codex/rename-variables-across-fortran-sources
2025-11-03T19:46:29.9288140Z  * [new branch]      codex/review-make-warnings -> origin/codex/review-make-warnings
2025-11-03T19:46:29.9289490Z  * [new branch]      codex/update-character-array-declarations-in-pynlsl.pyf -> origin/codex/update-character-array-declarations-in-pynlsl.pyf
2025-11-03T19:46:29.9291770Z  * [new branch]      codex/update-setipr-subroutine-in-fortran -> origin/codex/update-setipr-subroutine-in-fortran
2025-11-03T19:46:29.9293980Z  * [new branch]      devel                 -> origin/devel
2025-11-03T19:46:29.9296590Z  * [new branch]      fdotlu-codex/fix-module-reloading-in-tests -> origin/fdotlu-codex/fix-module-reloading-in-tests
2025-11-03T19:46:29.9298150Z  * [new branch]      master                -> origin/master
2025-11-03T19:46:29.9300390Z  * [new branch]      nlspmc                -> origin/nlspmc
2025-11-03T19:46:29.9301920Z  * [new branch]      packaging_dev         -> origin/packaging_dev
2025-11-03T19:46:29.9303610Z  * [new branch]      parameter_work        -> origin/parameter_work
2025-11-03T19:46:29.9306470Z  * [new branch]      setting_with_routines -> origin/setting_with_routines
2025-11-03T19:46:29.9307970Z  * [new branch]      windows_compilation   -> origin/windows_compilation
2025-11-03T19:46:29.9393140Z [command]/opt/homebrew/bin/git branch --list --remote origin/master
2025-11-03T19:46:29.9456540Z   origin/master
2025-11-03T19:46:29.9461760Z [command]/opt/homebrew/bin/git rev-parse refs/remotes/origin/master
2025-11-03T19:46:29.9516320Z f76389b230c8874ee0f2dbee81a82935d526c1f2
2025-11-03T19:46:29.9523190Z [command]/opt/homebrew/bin/git -c protocol.version=2 fetch --no-tags --prune --no-recurse-submodules origin +e3d30b33c344f637a6c66eeb6fc1135648b8fcee:refs/remotes/origin/master
2025-11-03T19:46:29.9676580Z From https://github.com/ACERT-ESR/NLSL
2025-11-03T19:46:29.9677990Z  + f76389b...e3d30b3 e3d30b33c344f637a6c66eeb6fc1135648b8fcee -> origin/master  (forced update)
2025-11-03T19:46:29.9739360Z ##[endgroup]
2025-11-03T19:46:29.9739670Z ##[group]Determining the checkout info
2025-11-03T19:46:29.9740040Z ##[endgroup]
2025-11-03T19:46:29.9743580Z [command]/opt/homebrew/bin/git sparse-checkout disable
2025-11-03T19:46:29.9805640Z [command]/opt/homebrew/bin/git config --local --unset-all extensions.worktreeConfig
2025-11-03T19:46:29.9852890Z ##[group]Checking out the ref
2025-11-03T19:46:29.9855610Z [command]/opt/homebrew/bin/git checkout --progress --force -B master refs/remotes/origin/master
2025-11-03T19:46:30.1838850Z Reset branch 'master'
2025-11-03T19:46:30.1841670Z branch 'master' set up to track 'origin/master'.
2025-11-03T19:46:30.1846760Z ##[endgroup]
2025-11-03T19:46:30.1918310Z [command]/opt/homebrew/bin/git log -1 --format=%H
2025-11-03T19:46:30.1976150Z e3d30b33c344f637a6c66eeb6fc1135648b8fcee
2025-11-03T19:46:30.2176810Z ##[group]Run fortran-lang/setup-fortran@v1
2025-11-03T19:46:30.2177010Z with:
2025-11-03T19:46:30.2177120Z   compiler: gcc
2025-11-03T19:46:30.2177250Z   update-environment: true
2025-11-03T19:46:30.2177390Z env:
2025-11-03T19:46:30.2177500Z   CIBW_BUILD: cp3{9,10,11,12,13,14}-*
2025-11-03T19:46:30.2177680Z   CIBW_ARCHS_MACOS: native
2025-11-03T19:46:30.2177840Z   CIBW_ENVIRONMENT_MACOS: FC=gfortran
2025-11-03T19:46:30.2178050Z   CIBW_ENVIRONMENT_WINDOWS: CC=gcc CXX=g++ FC=gfortran
2025-11-03T19:46:30.2178260Z   MACOSX_DEPLOYMENT_TARGET: 12.0
2025-11-03T19:46:30.2178410Z ##[endgroup]
2025-11-03T19:46:30.2310730Z ##[group]Run cd $(echo "/$GITHUB_ACTION_PATH" | sed -e 's/\\/\//g' -e 's/://')
2025-11-03T19:46:30.2311090Z [36;1mcd $(echo "/$GITHUB_ACTION_PATH" | sed -e 's/\\/\//g' -e 's/://')[0m
2025-11-03T19:46:30.2311320Z [36;1msource ./main.sh[0m
2025-11-03T19:46:30.2311450Z [36;1m[0m
2025-11-03T19:46:30.2311570Z [36;1mif [[ "true" == "true" ]]; then[0m
2025-11-03T19:46:30.2311770Z [36;1m  echo "FC=${FC}" >> $GITHUB_ENV[0m
2025-11-03T19:46:30.2311960Z [36;1m  echo "CC=${CC}" >> $GITHUB_ENV[0m
2025-11-03T19:46:30.2312130Z [36;1m  echo "CXX=${CXX}" >> $GITHUB_ENV[0m
2025-11-03T19:46:30.2312290Z [36;1mfi[0m
2025-11-03T19:46:30.2346740Z shell: /bin/bash --noprofile --norc -e -o pipefail {0}
2025-11-03T19:46:30.2346960Z env:
2025-11-03T19:46:30.2347090Z   CIBW_BUILD: cp3{9,10,11,12,13,14}-*
2025-11-03T19:46:30.2347250Z   CIBW_ARCHS_MACOS: native
2025-11-03T19:46:30.2347410Z   CIBW_ENVIRONMENT_MACOS: FC=gfortran
2025-11-03T19:46:30.2347610Z   CIBW_ENVIRONMENT_WINDOWS: CC=gcc CXX=g++ FC=gfortran
2025-11-03T19:46:30.2347810Z   MACOSX_DEPLOYMENT_TARGET: 12.0
2025-11-03T19:46:30.2347960Z   COMPILER: gcc
2025-11-03T19:46:30.2348070Z   VERSION: 
2025-11-03T19:46:30.2348170Z ##[endgroup]
2025-11-03T19:46:30.2764450Z ++ compiler=gcc
2025-11-03T19:46:30.2857340Z +++ uname -s
2025-11-03T19:46:30.2860880Z +++ tr '[:upper:]' '[:lower:]'
2025-11-03T19:46:30.2862260Z ++ platform=darwin
2025-11-03T19:46:30.2862540Z ++ [[ macOS == \m\a\c\O\S ]]
2025-11-03T19:46:30.2862880Z ++ [[ gcc == \i\n\t\e\l ]]
2025-11-03T19:46:30.2863110Z ++ source ./setup-fortran.sh
2025-11-03T19:46:30.2863330Z +++ set -ex
2025-11-03T19:46:30.2863510Z ++ case $compiler in
2025-11-03T19:46:30.2864200Z ++ version=latest
2025-11-03T19:46:30.2864390Z ++ install_gcc darwin
2025-11-03T19:46:30.2864610Z ++ local platform=darwin
2025-11-03T19:46:30.2864820Z ++ case $platform in
2025-11-03T19:46:30.2865050Z ++ install_gcc_brew
2025-11-03T19:46:30.2865700Z ++ [[ latest == \l\a\t\e\s\t ]]
2025-11-03T19:46:30.2865930Z ++ brew install --force gcc
2025-11-03T19:46:33.7734480Z ##[warning]gcc 15.2.0 is already installed and up-to-date.
To reinstall 15.2.0, run:
  brew reinstall gcc

2025-11-03T19:46:33.7971360Z +++ brew list --versions gcc
2025-11-03T19:46:33.8071550Z +++ grep -o '[0-9]\+'
2025-11-03T19:46:33.8172680Z +++ head -1
2025-11-03T19:46:34.2411490Z ++ gcc_version=15
2025-11-03T19:46:34.2421230Z +++ sw_vers -productVersion
2025-11-03T19:46:34.2422150Z +++ cut -d. -f1
2025-11-03T19:46:34.2499750Z ++ os_ver=15
2025-11-03T19:46:34.2500230Z ++ ((  15 > 13  ))
2025-11-03T19:46:34.2500690Z ++ bindir=/opt/homebrew/bin
2025-11-03T19:46:34.2501040Z ++ ln -fs /opt/homebrew/bin/gfortran-15 /usr/local/bin/gfortran
2025-11-03T19:46:34.2533490Z ++ ln -fs /opt/homebrew/bin/gcc-15 /usr/local/bin/gcc
2025-11-03T19:46:34.2555610Z ++ ln -fs /opt/homebrew/bin/g++-15 /usr/local/bin/g++
2025-11-03T19:46:34.2576070Z ++ export FC=gfortran
2025-11-03T19:46:34.2576260Z ++ FC=gfortran
2025-11-03T19:46:34.2576390Z ++ export CC=gcc
2025-11-03T19:46:34.2576520Z ++ CC=gcc
2025-11-03T19:46:34.2576650Z ++ export CXX=g++
2025-11-03T19:46:34.2576780Z ++ CXX=g++
2025-11-03T19:46:34.2576910Z + [[ true == \t\r\u\e ]]
2025-11-03T19:46:34.2577070Z + echo FC=gfortran
2025-11-03T19:46:34.2577460Z + echo CC=gcc
2025-11-03T19:46:34.2578460Z + echo CXX=g++
2025-11-03T19:46:34.2614590Z ##[group]Run # Intel compilers may have restored from cache so env vars may not be set
2025-11-03T19:46:34.2615360Z [36;1m# Intel compilers may have restored from cache so env vars may not be set[0m
2025-11-03T19:46:34.2615700Z [36;1mif [[ "$RUNNER_OS" == "Windows" ]]; then[0m
2025-11-03T19:46:34.2615930Z [36;1m  if [[ "gcc" == "intel" ]]; then[0m
2025-11-03T19:46:34.2616120Z [36;1m    FC=ifx[0m
2025-11-03T19:46:34.2616290Z [36;1m    CC=icx[0m
2025-11-03T19:46:34.2616430Z [36;1m    CXX=icx[0m
2025-11-03T19:46:34.2616610Z [36;1m    echo SETVARS_COMPLETED=1>>$GITHUB_ENV[0m
2025-11-03T19:46:34.2616940Z [36;1m  elif [[ "gcc" == "intel-classic" ]]; then[0m
2025-11-03T19:46:34.2617150Z [36;1m    FC=ifort[0m
2025-11-03T19:46:34.2617300Z [36;1m    CC=icl[0m
2025-11-03T19:46:34.2617440Z [36;1m    CXX=icl[0m
2025-11-03T19:46:34.2617630Z [36;1m    echo SETVARS_COMPLETED=1>>$GITHUB_ENV[0m
2025-11-03T19:46:34.2617830Z [36;1m  fi[0m
2025-11-03T19:46:34.2617960Z [36;1mfi[0m
2025-11-03T19:46:34.2618100Z [36;1m[0m
2025-11-03T19:46:34.2618350Z [36;1mif [[ "true" == "true" ]]; then[0m
2025-11-03T19:46:34.2618540Z [36;1m  # cmake[0m
2025-11-03T19:46:34.2618700Z [36;1m  echo FC=$FC>>$GITHUB_ENV[0m
2025-11-03T19:46:34.2618910Z [36;1m  echo CC=$CC>>$GITHUB_ENV[0m
2025-11-03T19:46:34.2619090Z [36;1m  echo CXX=$CXX>>$GITHUB_ENV[0m
2025-11-03T19:46:34.2619290Z [36;1m  # fpm[0m
2025-11-03T19:46:34.2619440Z [36;1m  echo FPM_FC=$FC>>$GITHUB_ENV[0m
2025-11-03T19:46:34.2619650Z [36;1m  echo FPM_CC=$CC>>$GITHUB_ENV[0m
2025-11-03T19:46:34.2619840Z [36;1m  echo FPM_CXX=$CXX>>$GITHUB_ENV[0m
2025-11-03T19:46:34.2620020Z [36;1mfi[0m
2025-11-03T19:46:34.2620130Z [36;1m[0m
2025-11-03T19:46:34.2620270Z [36;1m# set action outputs[0m
2025-11-03T19:46:34.2620440Z [36;1mecho fc=$FC>>$GITHUB_OUTPUT[0m
2025-11-03T19:46:34.2620620Z [36;1mecho cc=$CC>>$GITHUB_OUTPUT[0m
2025-11-03T19:46:34.2620810Z [36;1mecho cxx=$CXX>>$GITHUB_OUTPUT[0m
2025-11-03T19:46:34.2650890Z shell: /bin/bash --noprofile --norc -e -o pipefail {0}
2025-11-03T19:46:34.2651110Z env:
2025-11-03T19:46:34.2651280Z   CIBW_BUILD: cp3{9,10,11,12,13,14}-*
2025-11-03T19:46:34.2651460Z   CIBW_ARCHS_MACOS: native
2025-11-03T19:46:34.2669290Z   CIBW_ENVIRONMENT_MACOS: FC=gfortran
2025-11-03T19:46:34.2669560Z   CIBW_ENVIRONMENT_WINDOWS: CC=gcc CXX=g++ FC=gfortran
2025-11-03T19:46:34.2669780Z   MACOSX_DEPLOYMENT_TARGET: 12.0
2025-11-03T19:46:34.2670490Z   FC: gfortran
2025-11-03T19:46:34.2670630Z   CC: gcc
2025-11-03T19:46:34.2670750Z   CXX: g++
2025-11-03T19:46:34.2670900Z ##[endgroup]
2025-11-03T19:46:34.3057530Z ##[group]Run actions/setup-python@v5
2025-11-03T19:46:34.3057760Z with:
2025-11-03T19:46:34.3057910Z   python-version: 3.11
2025-11-03T19:46:34.3058060Z   cache: pip
2025-11-03T19:46:34.3058280Z   cache-dependency-path: pyproject.toml
2025-11-03T19:46:34.3058520Z   check-latest: false
2025-11-03T19:46:34.3058750Z   token: ***
2025-11-03T19:46:34.3058890Z   update-environment: true
2025-11-03T19:46:34.3059060Z   allow-prereleases: false
2025-11-03T19:46:34.3059240Z   freethreaded: false
2025-11-03T19:46:34.3059390Z env:
2025-11-03T19:46:34.3059520Z   CIBW_BUILD: cp3{9,10,11,12,13,14}-*
2025-11-03T19:46:34.3059730Z   CIBW_ARCHS_MACOS: native
2025-11-03T19:46:34.3059890Z   CIBW_ENVIRONMENT_MACOS: FC=gfortran
2025-11-03T19:46:34.3060120Z   CIBW_ENVIRONMENT_WINDOWS: CC=gcc CXX=g++ FC=gfortran
2025-11-03T19:46:34.3060380Z   MACOSX_DEPLOYMENT_TARGET: 12.0
2025-11-03T19:46:34.3060580Z   FC: gfortran
2025-11-03T19:46:34.3060720Z   CC: gcc
2025-11-03T19:46:34.3060830Z   CXX: g++
2025-11-03T19:46:34.3061030Z   FPM_FC: gfortran
2025-11-03T19:46:34.3061160Z   FPM_CC: gcc
2025-11-03T19:46:34.3061280Z   FPM_CXX: g++
2025-11-03T19:46:34.3061420Z ##[endgroup]
2025-11-03T19:46:34.4469910Z ##[group]Installed versions
2025-11-03T19:46:34.4546510Z Successfully set up CPython (3.11.9)
2025-11-03T19:46:34.4547010Z ##[endgroup]
2025-11-03T19:46:34.4640310Z [command]/Users/runner/hostedtoolcache/Python/3.11.9/arm64/bin/pip cache dir
2025-11-03T19:46:35.3205130Z /Users/runner/Library/Caches/pip
2025-11-03T19:46:35.5065930Z pip cache is not found
2025-11-03T19:46:35.5107620Z ##[group]Run python -m pip install -U pip
2025-11-03T19:46:35.5107910Z [36;1mpython -m pip install -U pip[0m
2025-11-03T19:46:35.5108130Z [36;1mpip install cibuildwheel delocate[0m
2025-11-03T19:46:35.5153130Z shell: /bin/bash -e {0}
2025-11-03T19:46:35.5153360Z env:
2025-11-03T19:46:35.5153550Z   CIBW_BUILD: cp3{9,10,11,12,13,14}-*
2025-11-03T19:46:35.5153750Z   CIBW_ARCHS_MACOS: native
2025-11-03T19:46:35.5153920Z   CIBW_ENVIRONMENT_MACOS: FC=gfortran
2025-11-03T19:46:35.5154160Z   CIBW_ENVIRONMENT_WINDOWS: CC=gcc CXX=g++ FC=gfortran
2025-11-03T19:46:35.5154420Z   MACOSX_DEPLOYMENT_TARGET: 12.0
2025-11-03T19:46:35.5154610Z   FC: gfortran
2025-11-03T19:46:35.5154750Z   CC: gcc
2025-11-03T19:46:35.5154900Z   CXX: g++
2025-11-03T19:46:35.5155020Z   FPM_FC: gfortran
2025-11-03T19:46:35.5155160Z   FPM_CC: gcc
2025-11-03T19:46:35.5155290Z   FPM_CXX: g++
2025-11-03T19:46:35.5155530Z   pythonLocation: /Users/runner/hostedtoolcache/Python/3.11.9/arm64
2025-11-03T19:46:35.5155970Z   PKG_CONFIG_PATH: /Users/runner/hostedtoolcache/Python/3.11.9/arm64/lib/pkgconfig
2025-11-03T19:46:35.5156330Z   Python_ROOT_DIR: /Users/runner/hostedtoolcache/Python/3.11.9/arm64
2025-11-03T19:46:35.5156660Z   Python2_ROOT_DIR: /Users/runner/hostedtoolcache/Python/3.11.9/arm64
2025-11-03T19:46:35.5157010Z   Python3_ROOT_DIR: /Users/runner/hostedtoolcache/Python/3.11.9/arm64
2025-11-03T19:46:35.5157250Z ##[endgroup]
2025-11-03T19:46:36.4863760Z Requirement already satisfied: pip in /Library/Frameworks/Python.framework/Versions/3.11/lib/python3.11/site-packages (25.2)
2025-11-03T19:46:36.6243090Z Collecting pip
2025-11-03T19:46:36.6635880Z   Downloading pip-25.3-py3-none-any.whl.metadata (4.7 kB)
2025-11-03T19:46:36.6703190Z Downloading pip-25.3-py3-none-any.whl (1.8 MB)
2025-11-03T19:46:36.6898970Z    â”â”â”â”â”â”â”â”â”â”â”â”â”â”â”â”â”â”â”â”â”â”â”â”â”â”â”â”â”â”â”â”â”â”â”â”â”â”â”â” 1.8/1.8 MB 101.2 MB/s  0:00:00
2025-11-03T19:46:36.7079830Z Installing collected packages: pip
2025-11-03T19:46:36.7080440Z   Attempting uninstall: pip
2025-11-03T19:46:36.7090190Z     Found existing installation: pip 25.2
2025-11-03T19:46:36.7332710Z     Uninstalling pip-25.2:
2025-11-03T19:46:37.0104170Z       Successfully uninstalled pip-25.2
2025-11-03T19:46:37.7032160Z Successfully installed pip-25.3
2025-11-03T19:46:38.2544200Z Collecting cibuildwheel
2025-11-03T19:46:38.2946990Z   Downloading cibuildwheel-3.2.1-py3-none-any.whl.metadata (24 kB)
2025-11-03T19:46:38.3250290Z Collecting delocate
2025-11-03T19:46:38.3275980Z   Downloading delocate-0.13.0-py3-none-any.whl.metadata (15 kB)
2025-11-03T19:46:38.3454990Z Collecting bashlex!=0.13 (from cibuildwheel)
2025-11-03T19:46:38.3530940Z   Downloading bashlex-0.18-py2.py3-none-any.whl.metadata (1.1 kB)
2025-11-03T19:46:38.3721830Z Collecting bracex (from cibuildwheel)
2025-11-03T19:46:38.3771380Z   Downloading bracex-2.6-py3-none-any.whl.metadata (3.6 kB)
2025-11-03T19:46:38.3972540Z Collecting build>=1.0.0 (from cibuildwheel)
2025-11-03T19:46:38.4026710Z   Downloading build-1.3.0-py3-none-any.whl.metadata (5.6 kB)
2025-11-03T19:46:38.4106280Z Requirement already satisfied: certifi in /Library/Frameworks/Python.framework/Versions/3.11/lib/python3.11/site-packages (from cibuildwheel) (2025.10.5)
2025-11-03T19:46:38.4182230Z Collecting dependency-groups>=1.2 (from cibuildwheel)
2025-11-03T19:46:38.4226400Z   Downloading dependency_groups-1.3.1-py3-none-any.whl.metadata (2.3 kB)
2025-11-03T19:46:38.4471400Z Collecting filelock (from cibuildwheel)
2025-11-03T19:46:38.4525230Z   Downloading filelock-3.20.0-py3-none-any.whl.metadata (2.1 kB)
2025-11-03T19:46:38.4726460Z Collecting humanize (from cibuildwheel)
2025-11-03T19:46:38.4770200Z   Downloading humanize-4.14.0-py3-none-any.whl.metadata (7.8 kB)
2025-11-03T19:46:38.5010320Z Collecting packaging>=20.9 (from cibuildwheel)
2025-11-03T19:46:38.5065840Z   Downloading packaging-25.0-py3-none-any.whl.metadata (3.3 kB)
2025-11-03T19:46:38.5288120Z Collecting patchelf (from cibuildwheel)
2025-11-03T19:46:38.5382510Z   Downloading patchelf-0.17.2.4-py3-none-macosx_10_9_universal2.whl.metadata (3.7 kB)
2025-11-03T19:46:38.6160110Z Collecting platformdirs (from cibuildwheel)
2025-11-03T19:46:38.6277290Z   Downloading platformdirs-4.5.0-py3-none-any.whl.metadata (12 kB)
2025-11-03T19:46:38.6768040Z Collecting pyelftools>=0.29 (from cibuildwheel)
2025-11-03T19:46:38.6933580Z   Downloading pyelftools-0.32-py3-none-any.whl.metadata (372 bytes)
2025-11-03T19:46:38.7287960Z Collecting wheel>=0.33.6 (from cibuildwheel)
2025-11-03T19:46:38.7400280Z   Downloading wheel-0.45.1-py3-none-any.whl.metadata (2.3 kB)
2025-11-03T19:46:38.7727920Z Collecting typing_extensions>=4.12.2 (from delocate)
2025-11-03T19:46:38.7836160Z   Downloading typing_extensions-4.15.0-py3-none-any.whl.metadata (3.3 kB)
2025-11-03T19:46:38.8060160Z Collecting macholib (from delocate)
2025-11-03T19:46:38.8161840Z   Downloading macholib-1.16.3-py2.py3-none-any.whl.metadata (11 kB)
2025-11-03T19:46:38.8720570Z Collecting pyproject_hooks (from build>=1.0.0->cibuildwheel)
2025-11-03T19:46:38.8822270Z   Downloading pyproject_hooks-1.2.0-py3-none-any.whl.metadata (1.3 kB)
2025-11-03T19:46:38.8948930Z Collecting altgraph>=0.17 (from macholib->delocate)
2025-11-03T19:46:38.9049970Z   Downloading altgraph-0.17.4-py2.py3-none-any.whl.metadata (7.3 kB)
2025-11-03T19:46:38.9251590Z Downloading cibuildwheel-3.2.1-py3-none-any.whl (126 kB)
2025-11-03T19:46:38.9453140Z Downloading delocate-0.13.0-py3-none-any.whl (238 kB)
2025-11-03T19:46:38.9757460Z Downloading bashlex-0.18-py2.py3-none-any.whl (69 kB)
2025-11-03T19:46:38.9858590Z Downloading build-1.3.0-py3-none-any.whl (23 kB)
2025-11-03T19:46:38.9970580Z Downloading dependency_groups-1.3.1-py3-none-any.whl (8.7 kB)
2025-11-03T19:46:39.0189780Z Downloading packaging-25.0-py3-none-any.whl (66 kB)
2025-11-03T19:46:39.0394540Z Downloading pyelftools-0.32-py3-none-any.whl (188 kB)
2025-11-03T19:46:39.0496910Z Downloading typing_extensions-4.15.0-py3-none-any.whl (44 kB)
2025-11-03T19:46:39.0599730Z Downloading wheel-0.45.1-py3-none-any.whl (72 kB)
2025-11-03T19:46:39.0701630Z Downloading bracex-2.6-py3-none-any.whl (11 kB)
2025-11-03T19:46:39.0834160Z Downloading filelock-3.20.0-py3-none-any.whl (16 kB)
2025-11-03T19:46:39.1054330Z Downloading humanize-4.14.0-py3-none-any.whl (132 kB)
2025-11-03T19:46:39.1155560Z Downloading macholib-1.16.3-py2.py3-none-any.whl (38 kB)
2025-11-03T19:46:39.1259580Z Downloading altgraph-0.17.4-py2.py3-none-any.whl (21 kB)
2025-11-03T19:46:39.1362360Z Downloading patchelf-0.17.2.4-py3-none-macosx_10_9_universal2.whl (184 kB)
2025-11-03T19:46:39.1464040Z Downloading platformdirs-4.5.0-py3-none-any.whl (18 kB)
2025-11-03T19:46:39.1565680Z Downloading pyproject_hooks-1.2.0-py3-none-any.whl (10 kB)
2025-11-03T19:46:39.1972380Z Installing collected packages: pyelftools, altgraph, wheel, typing_extensions, pyproject_hooks, platformdirs, patchelf, packaging, macholib, humanize, filelock, bracex, bashlex, dependency-groups, delocate, build, cibuildwheel
2025-11-03T19:46:39.7638940Z 
2025-11-03T19:46:39.7740540Z Successfully installed altgraph-0.17.4 bashlex-0.18 bracex-2.6 build-1.3.0 cibuildwheel-3.2.1 delocate-0.13.0 dependency-groups-1.3.1 filelock-3.20.0 humanize-4.14.0 macholib-1.16.3 packaging-25.0 patchelf-0.17.2.4 platformdirs-4.5.0 pyelftools-0.32 pyproject_hooks-1.2.0 typing_extensions-4.15.0 wheel-0.45.1
2025-11-03T19:46:39.8222950Z ##[group]Run FC=gfortran python -m cibuildwheel --output-dir wheelhouse
2025-11-03T19:46:39.8224230Z [36;1mFC=gfortran python -m cibuildwheel --output-dir wheelhouse[0m
2025-11-03T19:46:39.8287630Z shell: /bin/bash -e {0}
2025-11-03T19:46:39.8287820Z env:
2025-11-03T19:46:39.8287960Z   CIBW_BUILD: cp3{9,10,11,12,13,14}-*
2025-11-03T19:46:39.8288150Z   CIBW_ARCHS_MACOS: native
2025-11-03T19:46:39.8288320Z   CIBW_ENVIRONMENT_MACOS: FC=gfortran
2025-11-03T19:46:39.8288550Z   CIBW_ENVIRONMENT_WINDOWS: CC=gcc CXX=g++ FC=gfortran
2025-11-03T19:46:39.8288770Z   MACOSX_DEPLOYMENT_TARGET: 12.0
2025-11-03T19:46:39.8288950Z   FC: gfortran
2025-11-03T19:46:39.8289080Z   CC: gcc
2025-11-03T19:46:39.8289200Z   CXX: g++
2025-11-03T19:46:39.8289320Z   FPM_FC: gfortran
2025-11-03T19:46:39.8289450Z   FPM_CC: gcc
2025-11-03T19:46:39.8289580Z   FPM_CXX: g++
2025-11-03T19:46:39.8289800Z   pythonLocation: /Users/runner/hostedtoolcache/Python/3.11.9/arm64
2025-11-03T19:46:39.8290230Z   PKG_CONFIG_PATH: /Users/runner/hostedtoolcache/Python/3.11.9/arm64/lib/pkgconfig
2025-11-03T19:46:39.8290600Z   Python_ROOT_DIR: /Users/runner/hostedtoolcache/Python/3.11.9/arm64
2025-11-03T19:46:39.8290940Z   Python2_ROOT_DIR: /Users/runner/hostedtoolcache/Python/3.11.9/arm64
2025-11-03T19:46:39.8291270Z   Python3_ROOT_DIR: /Users/runner/hostedtoolcache/Python/3.11.9/arm64
2025-11-03T19:46:39.8291600Z   CIBW_REPAIR_WHEEL_COMMAND_MACOS: delocate-wheel -w {dest_dir} {wheel}
2025-11-03T19:46:39.8291900Z ##[endgroup]
2025-11-03T19:46:40.2541740Z 
2025-11-03T19:46:40.2645280Z      _ _       _ _   _       _           _
2025-11-03T19:46:40.2760260Z  ___|_| |_ _ _|_| |_| |_ _ _| |_ ___ ___| |
2025-11-03T19:46:40.2760660Z |  _| | . | | | | | . | | | |   | -_| -_| |
2025-11-03T19:46:40.2760880Z |___|_|___|___|_|_|___|_____|_|_|___|___|_|
2025-11-03T19:46:40.2761040Z 
2025-11-03T19:46:40.2865020Z cibuildwheel version 3.2.1
2025-11-03T19:46:40.2965470Z 
2025-11-03T19:46:40.3067680Z Build options:
2025-11-03T19:46:40.3168140Z   platform: macos
2025-11-03T19:46:40.3269780Z   [38;5;244mallow_empty: False[0m
2025-11-03T19:46:40.3372610Z   [38;5;244marchitectures: arm64[0m
2025-11-03T19:46:40.3473760Z   build_selector: 
2025-11-03T19:46:40.3575020Z     build_config: cp3{9,10,11,12,13,14}-*
2025-11-03T19:46:40.3697500Z     skip_config: 
2025-11-03T19:46:40.3808650Z     requires_python: None
2025-11-03T19:46:40.3917370Z     enable: [][0m
2025-11-03T19:46:40.4021160Z   output_dir: /Users/runner/work/NLSL/NLSL/wheelhouse[0m
2025-11-03T19:46:40.4123030Z   package_dir: /Users/runner/work/NLSL/NLSL[0m
2025-11-03T19:46:40.4123330Z   [38;5;244mtest_selector: 
2025-11-03T19:46:40.4228150Z [38;5;244m    skip_config:[0m
2025-11-03T19:46:40.4331600Z   [38;5;244mbefore_all: [0m
2025-11-03T19:46:40.4433750Z   [38;5;244mbefore_build: [0m
2025-11-03T19:46:40.4535200Z   [38;5;244mbefore_test: [0m
2025-11-03T19:46:40.4636530Z   [38;5;244mbuild_frontend: build[0m
2025-11-03T19:46:40.4737790Z   [38;5;244mbuild_verbosity: 0[0m
2025-11-03T19:46:40.4838940Z   [38;5;244mconfig_settings: [0m
2025-11-03T19:46:40.4942510Z   [38;5;244mcontainer_engine: docker[0m
2025-11-03T19:46:40.5046670Z   [38;5;244mdependency_constraints: pinned[0m
2025-11-03T19:46:40.5148220Z   environment: 
2025-11-03T19:46:40.5267160Z     FC=gfortran[0m
2025-11-03T19:46:40.5373520Z   [38;5;244mmanylinux_images: None[0m
2025-11-03T19:46:40.5476290Z   [38;5;244mmusllinux_images: None[0m
2025-11-03T19:46:40.5584450Z   [38;5;244mpyodide_version: None[0m
2025-11-03T19:46:40.5680520Z   repair_command: delocate-wheel -w {dest_dir} {wheel}[0m
2025-11-03T19:46:40.5783390Z   [38;5;244mtest_command: [0m
2025-11-03T19:46:40.5885570Z   [38;5;244mtest_environment: [0m
2025-11-03T19:46:40.5989570Z   [38;5;244mtest_extras: [0m
2025-11-03T19:46:40.6094850Z   [38;5;244mtest_groups: [0m
2025-11-03T19:46:40.6205240Z   [38;5;244mtest_requires: [0m
2025-11-03T19:46:40.6314510Z   [38;5;244mtest_sources: [0m
2025-11-03T19:46:40.6423300Z   [38;5;244mxbuild_tools: None[0m
2025-11-03T19:46:40.6557820Z 
2025-11-03T19:46:40.6660450Z Cache folder: /Users/runner/Library/Caches/cibuildwheel
2025-11-03T19:46:40.6761560Z 
2025-11-03T19:46:40.6870220Z Here we go!
2025-11-03T19:46:40.6986480Z 
2025-11-03T19:46:40.7095420Z 
2025-11-03T19:46:40.7199760Z [1m[34mBuilding cp39-macosx_arm64 wheel[0m
2025-11-03T19:46:40.7307920Z CPython 3.9 macOS arm64 - Apple Silicon
2025-11-03T19:46:40.7413970Z 
2025-11-03T19:46:40.7518000Z ##[group]Installing Python cp39...
2025-11-03T19:46:40.7617540Z 
2025-11-03T19:46:40.7719180Z + pkgutil --pkgs
2025-11-03T19:46:40.7823430Z + Download https://www.python.org/ftp/python/3.9.13/python-3.9.13-macos11.pkg to /Users/runner/Library/Caches/cibuildwheel/cpython-installer/python-3.9.13-macos11.pkg
2025-11-03T19:46:40.7929450Z + sudo installer -pkg /Users/runner/Library/Caches/cibuildwheel/cpython-installer/python-3.9.13-macos11.pkg -target /
2025-11-03T19:47:04.0374630Z installer: Package name is Python
2025-11-03T19:47:04.0477090Z installer: Upgrading at base path /
2025-11-03T19:47:04.0550460Z installer: The upgrade was successful.
2025-11-03T19:47:04.0661140Z + /Library/Frameworks/Python.framework/Versions/3.9/bin/python3 /Library/Frameworks/Python.framework/Versions/3.11/lib/python3.11/site-packages/cibuildwheel/resources/install_certifi.py
2025-11-03T19:47:05.4807560Z Collecting certifi
2025-11-03T19:47:05.5023470Z   Downloading certifi-2025.10.5-py3-none-any.whl (163 kB)
2025-11-03T19:47:05.5198120Z      â”â”â”â”â”â”â”â”â”â”â”â”â”â”â”â”â”â”â”â”â”â”â”â”â”â”â”â”â”â”â”â”â”â”â”â”â”â” 163.3/163.3 KB 13.9 MB/s eta 0:00:00
2025-11-03T19:47:05.5579210Z Installing collected packages: certifi
2025-11-03T19:47:05.5745970Z Successfully installed certifi-2025.10.5
2025-11-03T19:47:05.6934680Z  -- pip install --upgrade certifi
2025-11-03T19:47:05.7036720Z  -- removing any existing file or link
2025-11-03T19:47:05.7099360Z  -- creating symlink to certifi certificate bundle
2025-11-03T19:47:05.7121280Z  -- setting permissions
2025-11-03T19:47:05.7168150Z  -- update complete
2025-11-03T19:47:05.7171120Z ##[endgroup]
2025-11-03T19:47:05.7173240Z                                                              [32mâœ“ [0m25.45s
2025-11-03T19:47:05.7173970Z ##[group]Setting up build environment...
2025-11-03T19:47:05.7174360Z 
2025-11-03T19:47:05.7174900Z + Download https://github.com/pypa/get-virtualenv/releases/download/20.35.2/virtualenv.pyz to /Users/runner/Library/Caches/cibuildwheel/virtualenv-20.35.2.pyz
2025-11-03T19:47:06.0844710Z + /Library/Frameworks/Python.framework/Versions/3.11/bin/python -sS /Users/runner/Library/Caches/cibuildwheel/virtualenv-20.35.2.pyz --activators= --no-periodic-update --pip=25.2 --no-setuptools --symlink-app-data --python /Library/Frameworks/Python.framework/Versions/3.9/bin/python3.9 /private/var/folders/xc/cl1fyykn2pj4ryhdw6r1mqtc0000gn/T/cibw-run-r38q9rmd/cp39-macosx_arm64/build/venv
2025-11-03T19:47:07.8899540Z created virtual environment CPython3.9.13.final.0-64 in 1358ms
2025-11-03T19:47:07.8954050Z   creator CPython3Posix(dest=/private/var/folders/xc/cl1fyykn2pj4ryhdw6r1mqtc0000gn/T/cibw-run-r38q9rmd/cp39-macosx_arm64/build/venv, clear=False, no_vcs_ignore=False, global=False)
2025-11-03T19:47:07.9058550Z   seeder FromAppData(download=False, pip=25.2, via=symlink, app_data_dir=/Users/runner/Library/Application Support/virtualenv)
2025-11-03T19:47:07.9176520Z     added seed packages: pip==25.2
2025-11-03T19:47:07.9310770Z + which python
2025-11-03T19:47:07.9484500Z /private/var/folders/xc/cl1fyykn2pj4ryhdw6r1mqtc0000gn/T/cibw-run-r38q9rmd/cp39-macosx_arm64/build/venv/bin/python
2025-11-03T19:47:07.9593620Z + python --version
2025-11-03T19:47:07.9705960Z Python 3.9.13
2025-11-03T19:47:07.9812740Z + which pip
2025-11-03T19:47:07.9913950Z /private/var/folders/xc/cl1fyykn2pj4ryhdw6r1mqtc0000gn/T/cibw-run-r38q9rmd/cp39-macosx_arm64/build/venv/bin/pip
2025-11-03T19:47:08.0016010Z + pip --version
2025-11-03T19:47:08.2279990Z pip 25.2 from /private/var/folders/xc/cl1fyykn2pj4ryhdw6r1mqtc0000gn/T/cibw-run-r38q9rmd/cp39-macosx_arm64/build/venv/lib/python3.9/site-packages/pip (python 3.9)
2025-11-03T19:47:08.2508740Z ##[endgroup]
2025-11-03T19:47:08.2510720Z                                                               [32mâœ“ [0m2.55s
2025-11-03T19:47:08.2512130Z ##[group]Installing build tools...
2025-11-03T19:47:08.2512790Z 
2025-11-03T19:47:08.2514280Z + pip install --upgrade delocate 'build[virtualenv]' -c file:///Library/Frameworks/Python.framework/Versions/3.11/lib/python3.11/site-packages/cibuildwheel/resources/constraints-python39.txt
2025-11-03T19:47:08.7764240Z Collecting delocate
2025-11-03T19:47:08.7811020Z   Using cached delocate-0.13.0-py3-none-any.whl.metadata (15 kB)
2025-11-03T19:47:08.7997130Z Collecting build[virtualenv]
2025-11-03T19:47:08.8038900Z   Using cached build-1.3.0-py3-none-any.whl.metadata (5.6 kB)
2025-11-03T19:47:08.8225880Z Collecting packaging>=20.9 (from delocate)
2025-11-03T19:47:08.8264770Z   Using cached packaging-25.0-py3-none-any.whl.metadata (3.3 kB)
2025-11-03T19:47:08.8495290Z Collecting typing_extensions>=4.12.2 (from delocate)
2025-11-03T19:47:08.8568400Z   Using cached typing_extensions-4.15.0-py3-none-any.whl.metadata (3.3 kB)
2025-11-03T19:47:08.8710860Z Collecting macholib (from delocate)
2025-11-03T19:47:08.8770690Z   Using cached macholib-1.16.3-py2.py3-none-any.whl.metadata (11 kB)
2025-11-03T19:47:08.8920710Z Collecting pyproject_hooks (from build[virtualenv])
2025-11-03T19:47:08.8967710Z   Using cached pyproject_hooks-1.2.0-py3-none-any.whl.metadata (1.3 kB)
2025-11-03T19:47:08.9392270Z Collecting importlib-metadata>=4.6 (from build[virtualenv])
2025-11-03T19:47:08.9539460Z   Downloading importlib_metadata-8.7.0-py3-none-any.whl.metadata (4.8 kB)
2025-11-03T19:47:09.0017310Z Collecting tomli>=1.1.0 (from build[virtualenv])
2025-11-03T19:47:09.0220070Z   Downloading tomli-2.3.0-py3-none-any.whl.metadata (10 kB)
2025-11-03T19:47:09.0772470Z Collecting virtualenv>=20.11 (from build[virtualenv])
2025-11-03T19:47:09.0822110Z   Downloading virtualenv-20.35.2-py3-none-any.whl.metadata (4.6 kB)
2025-11-03T19:47:09.1264890Z Collecting zipp>=3.20 (from importlib-metadata>=4.6->build[virtualenv])
2025-11-03T19:47:09.1336410Z   Downloading zipp-3.23.0-py3-none-any.whl.metadata (3.6 kB)
2025-11-03T19:47:09.1792450Z Collecting distlib<1,>=0.3.7 (from virtualenv>=20.11->build[virtualenv])
2025-11-03T19:47:09.1941100Z   Downloading distlib-0.4.0-py2.py3-none-any.whl.metadata (5.2 kB)
2025-11-03T19:47:09.2347270Z Collecting filelock<4,>=3.12.2 (from virtualenv>=20.11->build[virtualenv])
2025-11-03T19:47:09.2424280Z   Downloading filelock-3.19.1-py3-none-any.whl.metadata (2.1 kB)
2025-11-03T19:47:09.2703060Z Collecting platformdirs<5,>=3.9.1 (from virtualenv>=20.11->build[virtualenv])
2025-11-03T19:47:09.2777460Z   Downloading platformdirs-4.4.0-py3-none-any.whl.metadata (12 kB)
2025-11-03T19:47:09.3064430Z Collecting altgraph>=0.17 (from macholib->delocate)
2025-11-03T19:47:09.3115790Z   Using cached altgraph-0.17.4-py2.py3-none-any.whl.metadata (7.3 kB)
2025-11-03T19:47:09.3191020Z Using cached delocate-0.13.0-py3-none-any.whl (238 kB)
2025-11-03T19:47:09.3253900Z Using cached build-1.3.0-py3-none-any.whl (23 kB)
2025-11-03T19:47:09.3359480Z Downloading importlib_metadata-8.7.0-py3-none-any.whl (27 kB)
2025-11-03T19:47:09.3447190Z Using cached packaging-25.0-py3-none-any.whl (66 kB)
2025-11-03T19:47:09.3555210Z Downloading tomli-2.3.0-py3-none-any.whl (14 kB)
2025-11-03T19:47:09.3673270Z Using cached typing_extensions-4.15.0-py3-none-any.whl (44 kB)
2025-11-03T19:47:09.3825750Z Downloading virtualenv-20.35.2-py3-none-any.whl (6.0 MB)
2025-11-03T19:47:09.4438930Z    â”â”â”â”â”â”â”â”â”â”â”â”â”â”â”â”â”â”â”â”â”â”â”â”â”â”â”â”â”â”â”â”â”â”â”â”â”â”â”â” 6.0/6.0 MB 100.5 MB/s  0:00:00
2025-11-03T19:47:09.4579190Z Downloading distlib-0.4.0-py2.py3-none-any.whl (469 kB)
2025-11-03T19:47:09.4746100Z Downloading filelock-3.19.1-py3-none-any.whl (15 kB)
2025-11-03T19:47:09.4875380Z Downloading platformdirs-4.4.0-py3-none-any.whl (18 kB)
2025-11-03T19:47:09.5038610Z Downloading zipp-3.23.0-py3-none-any.whl (10 kB)
2025-11-03T19:47:09.5143270Z Using cached macholib-1.16.3-py2.py3-none-any.whl (38 kB)
2025-11-03T19:47:09.5188270Z Using cached altgraph-0.17.4-py2.py3-none-any.whl (21 kB)
2025-11-03T19:47:09.5256520Z Using cached pyproject_hooks-1.2.0-py3-none-any.whl (10 kB)
2025-11-03T19:47:09.5806370Z Installing collected packages: distlib, altgraph, zipp, typing_extensions, tomli, pyproject_hooks, platformdirs, packaging, macholib, filelock, virtualenv, importlib-metadata, delocate, build
2025-11-03T19:47:10.1922360Z 
2025-11-03T19:47:10.1971390Z Successfully installed altgraph-0.17.4 build-1.3.0 delocate-0.13.0 distlib-0.4.0 filelock-3.19.1 importlib-metadata-8.7.0 macholib-1.16.3 packaging-25.0 platformdirs-4.4.0 pyproject_hooks-1.2.0 tomli-2.3.0 typing_extensions-4.15.0 virtualenv-20.35.2 zipp-3.23.0
2025-11-03T19:47:10.2541840Z + python -m pip freeze --all
2025-11-03T19:47:10.5341760Z ##[endgroup]
2025-11-03T19:47:10.5344530Z                                                               [32mâœ“ [0m2.28s
2025-11-03T19:47:10.5346330Z ##[group]Building wheel...
2025-11-03T19:47:10.5350300Z 
2025-11-03T19:47:10.5364020Z + python -m build /Users/runner/work/NLSL/NLSL --wheel --outdir=/private/var/folders/xc/cl1fyykn2pj4ryhdw6r1mqtc0000gn/T/cibw-run-r38q9rmd/cp39-macosx_arm64/built_wheel
2025-11-03T19:47:10.6598380Z * Creating isolated environment: venv+pip...
2025-11-03T19:47:10.6681660Z * Installing packages in isolated environment:
2025-11-03T19:47:12.5067000Z   - meson-python>=0.15
2025-11-03T19:47:12.5169390Z   - meson>=1.2
2025-11-03T19:47:12.5271950Z   - ninja>=1.11
2025-11-03T19:47:12.5372910Z   - numpy>=1.26.5
2025-11-03T19:47:12.5473500Z * Getting build dependencies for wheel...
2025-11-03T19:47:12.6889750Z * Building wheel...
2025-11-03T19:47:13.2819000Z + meson setup /Users/runner/work/NLSL/NLSL /Users/runner/work/NLSL/NLSL/.mesonpy-k2k62pfo -Dbuildtype=release -Db_ndebug=if-release -Db_vscrt=md --native-file=/Users/runner/work/NLSL/NLSL/.mesonpy-k2k62pfo/meson-python-native-file.ini
2025-11-03T19:47:20.0594530Z The Meson build system
2025-11-03T19:47:20.0595150Z Version: 1.9.1
2025-11-03T19:47:20.0595550Z Source dir: /Users/runner/work/NLSL/NLSL
2025-11-03T19:47:20.0595940Z Build dir: /Users/runner/work/NLSL/NLSL/.mesonpy-k2k62pfo
2025-11-03T19:47:20.0596450Z Build type: native build
2025-11-03T19:47:20.0596670Z Project name: NLSL
2025-11-03T19:47:20.0596950Z Project version: 0.1.0
2025-11-03T19:47:20.0597380Z Fortran compiler for the host machine: gfortran (gcc 15.2.0 "GNU Fortran (Homebrew GCC 15.2.0) 15.2.0")
2025-11-03T19:47:20.0602510Z Fortran linker for the host machine: gfortran ld64 1167.5
2025-11-03T19:47:20.0604100Z C compiler for the host machine: gcc (gcc 15.2.0 "gcc (Homebrew GCC 15.2.0) 15.2.0")
2025-11-03T19:47:20.0605190Z C linker for the host machine: gcc ld64 1167.5
2025-11-03T19:47:20.0605920Z Host machine cpu family: aarch64
2025-11-03T19:47:20.0606610Z Host machine cpu: aarch64
2025-11-03T19:47:20.0607930Z Program python found: YES (/private/var/folders/xc/cl1fyykn2pj4ryhdw6r1mqtc0000gn/T/build-env-ftpzpooe/bin/python)
2025-11-03T19:47:20.0609330Z WARNING: You should add the boolean check kwarg to the run_command call.
2025-11-03T19:47:20.0610130Z          It currently defaults to false,
2025-11-03T19:47:20.0630450Z          but it will default to true in meson 2.0.
2025-11-03T19:47:20.0630960Z          See also: https://github.com/mesonbuild/meson/issues/9300
2025-11-03T19:47:20.0631360Z Found pkg-config: YES (/opt/homebrew/bin/pkg-config) 2.5.1
2025-11-03T19:47:20.0631670Z Run-time dependency python found: YES 3.9
2025-11-03T19:47:20.0632100Z WARNING: extract_all_objects called without setting recursive
2025-11-03T19:47:20.0632410Z keyword argument. Meson currently defaults to
2025-11-03T19:47:20.0632690Z non-recursive to maintain backward compatibility but
2025-11-03T19:47:20.0633080Z the default will be changed in meson 2.0.
2025-11-03T19:47:20.0633210Z 
2025-11-03T19:47:20.0633400Z WARNING: extract_all_objects called without setting recursive
2025-11-03T19:47:20.0633730Z keyword argument. Meson currently defaults to
2025-11-03T19:47:20.0634020Z non-recursive to maintain backward compatibility but
2025-11-03T19:47:20.0675320Z the default will be changed in meson 2.0.
2025-11-03T19:47:20.0676160Z 
2025-11-03T19:47:20.0676490Z WARNING: extract_all_objects called without setting recursive
2025-11-03T19:47:20.0676900Z keyword argument. Meson currently defaults to
2025-11-03T19:47:20.0677320Z non-recursive to maintain backward compatibility but
2025-11-03T19:47:20.0677660Z the default will be changed in meson 2.0.
2025-11-03T19:47:20.0677860Z 
2025-11-03T19:47:20.0677920Z Build targets in project: 5
2025-11-03T19:47:20.0678120Z 
2025-11-03T19:47:20.0678170Z NLSL 0.1.0
2025-11-03T19:47:20.0678320Z 
2025-11-03T19:47:20.0678460Z   User defined options
2025-11-03T19:47:20.0678820Z     Native files: /Users/runner/work/NLSL/NLSL/.mesonpy-k2k62pfo/meson-python-native-file.ini
2025-11-03T19:47:20.0679240Z     b_ndebug    : if-release
2025-11-03T19:47:20.0679550Z     b_vscrt     : md
2025-11-03T19:47:20.0679770Z     buildtype   : release
2025-11-03T19:47:20.0679870Z 
2025-11-03T19:47:20.0680300Z Found ninja-1.13.0.git.kitware.jobserver-pipe-1 at /private/var/folders/xc/cl1fyykn2pj4ryhdw6r1mqtc0000gn/T/build-env-ftpzpooe/bin/ninja
2025-11-03T19:47:20.1362180Z + /private/var/folders/xc/cl1fyykn2pj4ryhdw6r1mqtc0000gn/T/build-env-ftpzpooe/bin/ninja
2025-11-03T19:47:20.4419860Z [1/126] Compiling C object libnlsl_c.a.p/lprmpt.c.o
2025-11-03T19:47:20.4458650Z [2/126] Compiling C object libnlsl_c.a.p/catch.c.o
2025-11-03T19:47:20.5072500Z [3/126] Scanning target nlsl_fixed for modules
2025-11-03T19:47:20.5997110Z [4/126] Generating dynamic dependency information for target nlsl_fixed
2025-11-03T19:47:20.6702250Z [5/126] Compiling C object libnlsl_c.a.p/pltx_dummy.c.o
2025-11-03T19:47:20.7564080Z [6/126] Compiling Fortran object libnlsl_fixed.a.p/src_fortran_cli_stdio.f90.o
2025-11-03T19:47:20.8126710Z [7/126] Compiling C object libnlsl_c.a.p/genio.c.o
2025-11-03T19:47:20.8244710Z ../genio.c: In function 'putint':
2025-11-03T19:47:20.8346570Z ../genio.c:60:6: warning: old-style function definition [-Wold-style-definition]
2025-11-03T19:47:20.8458510Z    60 | void putint( iout )
2025-11-03T19:47:20.8560270Z       |      ^~~~~~
2025-11-03T19:47:20.8660880Z ../genio.c: In function 'putrecsize':
2025-11-03T19:47:20.8782760Z ../genio.c:89:6: warning: old-style function definition [-Wold-style-definition]
2025-11-03T19:47:20.8884200Z    89 | void putrecsize( recsize )
2025-11-03T19:47:20.8984870Z       |      ^~~~~~~~~~
2025-11-03T19:47:20.9085060Z ../genio.c: In function 'getlinerec':
2025-11-03T19:47:20.9186240Z ../genio.c:112:5: warning: old-style function definition [-Wold-style-definition]
2025-11-03T19:47:20.9376110Z   112 | int getlinerec( line )
2025-11-03T19:47:20.9376390Z       |     ^~~~~~~~~~
2025-11-03T19:47:20.9476930Z ../genio.c: In function 'putlinerec':
2025-11-03T19:47:20.9578210Z ../genio.c:128:6: warning: old-style function definition [-Wold-style-definition]
2025-11-03T19:47:20.9680090Z   128 | void putlinerec( line )
2025-11-03T19:47:20.9781440Z       |      ^~~~~~~~~~
2025-11-03T19:47:20.9880660Z ../genio.c: In function 'getarray':
2025-11-03T19:47:20.9981790Z ../genio.c:186:5: warning: old-style function definition [-Wold-style-definition]
2025-11-03T19:47:21.0083360Z   186 | int getarray( array, arrylth, maxpts )
2025-11-03T19:47:21.0184250Z       |     ^~~~~~~~
2025-11-03T19:47:21.0284820Z ../genio.c: In function 'putarray':
2025-11-03T19:47:21.0386200Z ../genio.c:209:6: warning: old-style function definition [-Wold-style-definition]
2025-11-03T19:47:21.0489390Z   209 | void putarray( array, arrylth )
2025-11-03T19:47:21.0590330Z       |      ^~~~~~~~
2025-11-03T19:47:21.0691260Z ../genio.c: In function 'array_err':
2025-11-03T19:47:21.0794260Z ../genio.c:227:5: warning: old-style function definition [-Wold-style-definition]
2025-11-03T19:47:21.0899480Z   227 | int array_err( errstring )
2025-11-03T19:47:21.1000510Z       |     ^~~~~~~~~
2025-11-03T19:47:21.1101540Z In file included from ../genio.c:33:
2025-11-03T19:47:21.1202660Z ../genio.c: In function 'getbin_':
2025-11-03T19:47:21.1307190Z ../genio.c:235:18: warning: old-style function definition [-Wold-style-definition]
2025-11-03T19:47:21.1427990Z   235 | long int FORTRAN(getbin)( filename, xarry, yarry, npoints, comment, ncmts, maxpts )
2025-11-03T19:47:21.1533650Z       |                  ^~~~~~
2025-11-03T19:47:21.1637210Z ../fortrancall.h:6:20: note: in definition of macro 'FORTRAN'
2025-11-03T19:47:21.1738540Z     6 | #define FORTRAN(n) n##_
2025-11-03T19:47:21.1839810Z       |                    ^
2025-11-03T19:47:21.1941060Z ../genio.c: In function 'putbin':
2025-11-03T19:47:21.2043890Z ../genio.c:302:10: warning: old-style function definition [-Wold-style-definition]
2025-11-03T19:47:21.2145850Z   302 | long int putbin( filename, xarry, yarry, npoints, comment, ncmts )
2025-11-03T19:47:21.2247510Z       |          ^~~~~~
2025-11-03T19:47:21.2362370Z [8/126] Compiling Fortran object libnlsl_fixed.a.p/src_fortran_cli_strutl2.f90.o
2025-11-03T19:47:21.2462650Z [9/126] Compiling Fortran object libnlsl_fixed.a.p/src_fortran_cli_helpc.f90.o
2025-11-03T19:47:21.2464960Z [10/126] Compiling Fortran object libnlsl_fixed.a.p/src_fortran_cli_strutl1.f90.o
2025-11-03T19:47:21.2566930Z ../src/fortran/cli/strutl1.f90:268:11:
2025-11-03T19:47:21.2668180Z 
2025-11-03T19:47:21.2769070Z   268 |       ival=fval
2025-11-03T19:47:21.2872660Z       |           1
2025-11-03T19:47:21.2975140Z Warning: Possible change of value in conversion from REAL(8) to INTEGER(4) at (1) [-Wconversion]
2025-11-03T19:47:21.3076790Z ../src/fortran/cli/strutl1.f90:83:19:
2025-11-03T19:47:21.3177530Z 
2025-11-03T19:47:21.3279850Z    83 |       integer i,j,ichr,ichar
2025-11-03T19:47:21.3381000Z       |                   1~~~
2025-11-03T19:47:21.3482070Z Warning: Unused variable 'ichr' declared at (1) [-Wunused-variable]
2025-11-03T19:47:21.3584000Z [11/126] Compiling Fortran object libnlsl_fixed.a.p/src_fortran_least_squares_brent.f90.o
2025-11-03T19:47:21.3686070Z [12/126] Compiling Fortran object libnlsl_fixed.a.p/src_fortran_least_squares_maxl.f90.o
2025-11-03T19:47:21.3720020Z [13/126] Compiling Fortran object libnlsl_fixed.a.p/src_fortran_least_squares_covar.f90.o
2025-11-03T19:47:21.3720790Z [14/126] Compiling Fortran object libnlsl_fixed.a.p/src_fortran_matrix_model_bincom.f90.o
2025-11-03T19:47:21.3736640Z [15/126] Compiling Fortran object libnlsl_fixed.a.p/src_fortran_least_squares_qrsolv.f90.o
2025-11-03T19:47:21.3838360Z [16/126] Compiling Fortran object libnlsl_fixed.a.p/src_fortran_matrix_model_dfunc.f90.o
2025-11-03T19:47:21.4105060Z [17/126] Compiling Fortran object libnlsl_fixed.a.p/src_fortran_matrix_model_fmomnt.f90.o
2025-11-03T19:47:21.4408610Z [18/126] Compiling Fortran object libnlsl_fixed.a.p/src_fortran_matrix_model_symdef.f90.o
2025-11-03T19:47:21.4615010Z [19/126] Compiling Fortran object libnlsl_fixed.a.p/src_fortran_matrix_model_lgrint.f90.o
2025-11-03T19:47:21.4716330Z ../src/fortran/matrix_model/lgrint.f90:89:21:
2025-11-03T19:47:21.4816350Z 
2025-11-03T19:47:21.4917000Z    89 |             dx=cmplx(abs(b/a(m+1))**(1.d0/m),0.d0)
2025-11-03T19:47:21.5018270Z       |                     1
2025-11-03T19:47:21.5118700Z Warning: Conversion from REAL(8) to default-kind COMPLEX(4) at (1) might lose precision, consider using the KIND argument [-Wconversion]
2025-11-03T19:47:21.5149240Z ../src/fortran/matrix_model/lgrint.f90:128:12:
2025-11-03T19:47:21.5149500Z 
2025-11-03T19:47:21.5149550Z   128 |       return
2025-11-03T19:47:21.5149730Z       |            ^
2025-11-03T19:47:21.5150070Z Warning: '__result_lgrint' may be used uninitialized [-Wmaybe-uninitialized]
2025-11-03T19:47:21.5150390Z ../src/fortran/matrix_model/lgrint.f90:36:6:
2025-11-03T19:47:21.5150580Z 
2025-11-03T19:47:21.5150630Z    36 |       function lgrint(fn)
2025-11-03T19:47:21.5150890Z       |      ^
2025-11-03T19:47:21.5151090Z note: '__result_lgrint' was declared here
2025-11-03T19:47:21.6446210Z [20/126] Compiling Fortran object libnlsl_fixed.a.p/src_fortran_io_preprocessing_correl.f90.o
2025-11-03T19:47:21.6547820Z [21/126] Compiling Fortran object libnlsl_fixed.a.p/src_fortran_krylov_solvers_cfs.f90.o
2025-11-03T19:47:21.6968760Z [22/126] Compiling Fortran object libnlsl_fixed.a.p/src_fortran_krylov_solvers_ccrints.f90.o
2025-11-03T19:47:21.7603790Z [23/126] Compiling Fortran object libnlsl_fixed.a.p/src_fortran_core_errmsg.f90.o
2025-11-03T19:47:21.7710010Z [24/126] Compiling Fortran object libnlsl_fixed.a.p/src_fortran_core_ipar.f90.o
2025-11-03T19:47:21.8054440Z [25/126] Compiling C object libnlsl_c.a.p/41a8656fc06c6fd225b6cc02e3379a74ef2d4316_site-packages_numpy_f2py_src_fortranobject.c.o
2025-11-03T19:47:21.8154500Z [26/126] Compiling Fortran object libnlsl_fixed.a.p/src_fortran_core_iterat.f90.o
2025-11-03T19:47:21.8813130Z [27/126] Compiling Fortran object libnlsl_fixed.a.p/src_fortran_core_mtsdef.f90.o
2025-11-03T19:47:21.9228360Z [28/126] Compiling Fortran object libnlsl_fixed.a.p/src_fortran_core_nlsdim.f90.o
2025-11-03T19:47:21.9336180Z [29/126] Compiling Fortran object libnlsl_fixed.a.p/src_fortran_least_squares_mnbrak.f90.o
2025-11-03T19:47:21.9541710Z [30/126] Compiling Fortran object libnlsl_fixed.a.p/src_fortran_cli_confc.f90.o
2025-11-03T19:47:22.0619320Z [31/126] Compiling Fortran object libnlsl_fixed.a.p/src_fortran_core_physcn.f90.o
2025-11-03T19:47:22.0986050Z [32/126] Generating f2py_wrappers with a custom command
2025-11-03T19:47:22.1100250Z Reading fortran codes...
2025-11-03T19:47:22.1195150Z 	Reading file '../pynlsl.pyf' (format:free)
2025-11-03T19:47:22.1283720Z Line #226 in ../pynlsl.pyf:"            integer, pointer, save, intent(inout) :: pnsite       name: nsite"
2025-11-03T19:47:22.1289850Z 	updatevars: could not crack entity declaration "pnsitename:". Ignoring.
2025-11-03T19:47:22.1309070Z 	Reading file '../src/fortran/krylov_solvers/eprprm.f90' (format:free)
2025-11-03T19:47:22.1322890Z 	Reading file '../src/fortran/core/lmcom.f90' (format:free)
2025-11-03T19:47:22.1328350Z 	Reading file '../src/fortran/core/parcom.f90' (format:free)
2025-11-03T19:47:22.1330990Z 	Reading file '../src/fortran/core/lpnam.f90' (format:free)
2025-11-03T19:47:22.1333370Z 	Reading file '../src/fortran/core/expdat.f90' (format:free)
2025-11-03T19:47:22.1436270Z 	Reading file '../src/fortran/core/iterat.f90' (format:free)
2025-11-03T19:47:22.1568480Z 	Reading file '../src/fortran/core/ipsfind.f90' (format:free)
2025-11-03T19:47:22.1569510Z 	Reading file '../src/fortran/least_squares/fitl.f90' (format:free)
2025-11-03T19:47:22.1710340Z Line #120 in ../src/fortran/least_squares/fitl.f90:"           call lmnls( lfun,ndatot,nprm,x,fvec,fjac,MXPT,ftol,xtol,gtol, "
2025-11-03T19:47:22.1811550Z 	analyzeline: No name/args pattern found for line.
2025-11-03T19:47:22.1913450Z 	Reading file '../src/fortran/matrix_model/lfun.f90' (format:free)
2025-11-03T19:47:22.1980100Z Line #121 in ../src/fortran/matrix_model/lfun.f90:"            call momdls( fparm(1,isi),iparm(1,isi),icalc, "
2025-11-03T19:47:22.2081640Z 	analyzeline: No name/args pattern found for line.
2025-11-03T19:47:22.2183150Z Line #305 in ../src/fortran/matrix_model/lfun.f90:"                        call momdls( fparm(1,isi),iparm(1,isi),icalc, "
2025-11-03T19:47:22.2310740Z 	analyzeline: No name/args pattern found for line.
2025-11-03T19:47:22.2356600Z Line #371 in ../src/fortran/matrix_model/lfun.f90:"            call sscale( data,spectr,wspec,MXPT,work,nsite,m,ctol, "
2025-11-03T19:47:22.2357240Z 	analyzeline: No name/args pattern found for line.
2025-11-03T19:47:22.2357750Z Line #390 in ../src/fortran/matrix_model/lfun.f90:"            call fstplt( data(ixsp(i)),fvec(ixsp(i)),  "
2025-11-03T19:47:22.2358180Z 	analyzeline: No name/args pattern found for line.
2025-11-03T19:47:22.2358650Z Line #496 in ../src/fortran/matrix_model/lfun.f90:"                     call momdls( fparm(1,isi),iparm(1,isi),icalc, "
2025-11-03T19:47:22.2359200Z 	analyzeline: No name/args pattern found for line.
2025-11-03T19:47:22.2359600Z 	Reading file '../src/fortran/cli/stdio.f90' (format:free)
2025-11-03T19:47:22.2359970Z 	Reading file '../src/fortran/core/mspctr.f90' (format:free)
2025-11-03T19:47:22.2360490Z 	Reading file '../src/fortran/cli/nlsl.f90' (format:free)
2025-11-03T19:47:22.2361450Z Line #328 in ../src/fortran/cli/nlsl.f90:"      external getlin "
2025-11-03T19:47:22.2361920Z 	analyzeline: ignoring program arguments
2025-11-03T19:47:22.2362260Z 	Reading file '../src/fortran/cli/setprm.f90' (format:free)
2025-11-03T19:47:22.2362720Z 	Reading file '../src/fortran/io_preprocessing/setspc.f90' (format:free)
2025-11-03T19:47:22.2363210Z 	Reading file '../src/fortran/io_preprocessing/writr.f90' (format:free)
2025-11-03T19:47:22.2363510Z Post-processing...
2025-11-03T19:47:22.2363740Z 	Block: fortrancore
2025-11-03T19:47:22.2363980Z 			Block: fortrancore
2025-11-03T19:47:22.2364230Z 					Block: procline
2025-11-03T19:47:22.2364590Z In: :fortrancore:../pynlsl.pyf:fortrancore:unknown_interface:procline
2025-11-03T19:47:22.2365050Z get_useparameters: no module nlsnam info used by procline
2025-11-03T19:47:22.2365450Z In: :fortrancore:../pynlsl.pyf:fortrancore:unknown_interface:procline
2025-11-03T19:47:22.2365920Z get_useparameters: no module stdio info used by procline
2025-11-03T19:47:22.2366390Z In: :fortrancore:../pynlsl.pyf:fortrancore:unknown_interface:procline
2025-11-03T19:47:22.2366750Z get_useparameters: no module symdef info used by procline
2025-11-03T19:47:22.2367030Z 					Block: fitl
2025-11-03T19:47:22.2367310Z In: :fortrancore:../pynlsl.pyf:fortrancore:unknown_interface:fitl
2025-11-03T19:47:22.2367740Z get_useparameters: no module expdat info used by fitl
2025-11-03T19:47:22.2368070Z In: :fortrancore:../pynlsl.pyf:fortrancore:unknown_interface:fitl
2025-11-03T19:47:22.2368410Z get_useparameters: no module eprprm info used by fitl
2025-11-03T19:47:22.2368800Z In: :fortrancore:../pynlsl.pyf:fortrancore:unknown_interface:fitl
2025-11-03T19:47:22.2369170Z get_useparameters: no module parcom info used by fitl
2025-11-03T19:47:22.2369480Z In: :fortrancore:../pynlsl.pyf:fortrancore:unknown_interface:fitl
2025-11-03T19:47:22.2369760Z get_useparameters: no module stdio info used by fitl
2025-11-03T19:47:22.2407270Z In: :fortrancore:../pynlsl.pyf:fortrancore:unknown_interface:fitl
2025-11-03T19:47:22.2408190Z get_useparameters: no module rnddbl info used by fitl
2025-11-03T19:47:22.2409320Z In: :fortrancore:../pynlsl.pyf:fortrancore:unknown_interface:fitl
2025-11-03T19:47:22.2409610Z get_useparameters: no module lpnam info used by fitl
2025-11-03T19:47:22.2409930Z In: :fortrancore:../pynlsl.pyf:fortrancore:unknown_interface:fitl
2025-11-03T19:47:22.2410300Z get_useparameters: no module timer info used by fitl
2025-11-03T19:47:22.2410630Z In: :fortrancore:../pynlsl.pyf:fortrancore:unknown_interface:fitl
2025-11-03T19:47:22.2411620Z get_useparameters: no module iterat info used by fitl
2025-11-03T19:47:22.2412620Z In: :fortrancore:../pynlsl.pyf:fortrancore:unknown_interface:fitl
2025-11-03T19:47:22.2414380Z get_useparameters: no module mspctr info used by fitl
2025-11-03T19:47:22.2414760Z In: :fortrancore:../pynlsl.pyf:fortrancore:unknown_interface:fitl
2025-11-03T19:47:22.2415090Z get_useparameters: no module nlsnam info used by fitl
2025-11-03T19:47:22.2416250Z In: :fortrancore:../pynlsl.pyf:fortrancore:unknown_interface:fitl
2025-11-03T19:47:22.2417130Z get_useparameters: no module lmcom info used by fitl
2025-11-03T19:47:22.2418340Z In: :fortrancore:../pynlsl.pyf:fortrancore:unknown_interface:fitl
2025-11-03T19:47:22.2418680Z get_useparameters: no module errmsg info used by fitl
2025-11-03T19:47:22.2419000Z In: :fortrancore:../pynlsl.pyf:fortrancore:unknown_interface:fitl
2025-11-03T19:47:22.2420320Z get_useparameters: no module nlsdim info used by fitl
2025-11-03T19:47:22.2420580Z 					Block: wrspc
2025-11-03T19:47:22.2420860Z In: :fortrancore:../pynlsl.pyf:fortrancore:unknown_interface:wrspc
2025-11-03T19:47:22.2422600Z get_useparameters: no module nlsdim info used by wrspc
2025-11-03T19:47:22.2423510Z In: :fortrancore:../pynlsl.pyf:fortrancore:unknown_interface:wrspc
2025-11-03T19:47:22.2426450Z get_useparameters: no module expdat info used by wrspc
2025-11-03T19:47:22.2427650Z In: :fortrancore:../pynlsl.pyf:fortrancore:unknown_interface:wrspc
2025-11-03T19:47:22.2429520Z get_useparameters: no module parcom info used by wrspc
2025-11-03T19:47:22.2430490Z In: :fortrancore:../pynlsl.pyf:fortrancore:unknown_interface:wrspc
2025-11-03T19:47:22.2431810Z get_useparameters: no module lmcom info used by wrspc
2025-11-03T19:47:22.2432310Z In: :fortrancore:../pynlsl.pyf:fortrancore:unknown_interface:wrspc
2025-11-03T19:47:22.2433280Z get_useparameters: no module iterat info used by wrspc
2025-11-03T19:47:22.2435320Z In: :fortrancore:../pynlsl.pyf:fortrancore:unknown_interface:wrspc
2025-11-03T19:47:22.2435680Z get_useparameters: no module nlsnam info used by wrspc
2025-11-03T19:47:22.2436060Z In: :fortrancore:../pynlsl.pyf:fortrancore:unknown_interface:wrspc
2025-11-03T19:47:22.2436390Z get_useparameters: no module mspctr info used by wrspc
2025-11-03T19:47:22.2436720Z In: :fortrancore:../pynlsl.pyf:fortrancore:unknown_interface:wrspc
2025-11-03T19:47:22.2439030Z get_useparameters: no module stdio info used by wrspc
2025-11-03T19:47:22.2440420Z 					Block: nlsinit
2025-11-03T19:47:22.2442210Z In: :fortrancore:../pynlsl.pyf:fortrancore:unknown_interface:nlsinit
2025-11-03T19:47:22.2443230Z get_useparameters: no module expdat info used by nlsinit
2025-11-03T19:47:22.2444500Z In: :fortrancore:../pynlsl.pyf:fortrancore:unknown_interface:nlsinit
2025-11-03T19:47:22.2445930Z get_useparameters: no module eprprm info used by nlsinit
2025-11-03T19:47:22.2446910Z In: :fortrancore:../pynlsl.pyf:fortrancore:unknown_interface:nlsinit
2025-11-03T19:47:22.2450110Z get_useparameters: no module parcom info used by nlsinit
2025-11-03T19:47:22.2451510Z In: :fortrancore:../pynlsl.pyf:fortrancore:unknown_interface:nlsinit
2025-11-03T19:47:22.2453170Z get_useparameters: no module basis info used by nlsinit
2025-11-03T19:47:22.2454030Z In: :fortrancore:../pynlsl.pyf:fortrancore:unknown_interface:nlsinit
2025-11-03T19:47:22.2454770Z get_useparameters: no module stdio info used by nlsinit
2025-11-03T19:47:22.2455090Z In: :fortrancore:../pynlsl.pyf:fortrancore:unknown_interface:nlsinit
2025-11-03T19:47:22.2455450Z get_useparameters: no module iterat info used by nlsinit
2025-11-03T19:47:22.2455860Z In: :fortrancore:../pynlsl.pyf:fortrancore:unknown_interface:nlsinit
2025-11-03T19:47:22.2456860Z get_useparameters: no module tridag info used by nlsinit
2025-11-03T19:47:22.2457200Z In: :fortrancore:../pynlsl.pyf:fortrancore:unknown_interface:nlsinit
2025-11-03T19:47:22.2458320Z get_useparameters: no module mspctr info used by nlsinit
2025-11-03T19:47:22.2496950Z In: :fortrancore:../pynlsl.pyf:fortrancore:unknown_interface:nlsinit
2025-11-03T19:47:22.2497570Z get_useparameters: no module nlsnam info used by nlsinit
2025-11-03T19:47:22.2497990Z In: :fortrancore:../pynlsl.pyf:fortrancore:unknown_interface:nlsinit
2025-11-03T19:47:22.2498350Z get_useparameters: no module lmcom info used by nlsinit
2025-11-03T19:47:22.2498700Z In: :fortrancore:../pynlsl.pyf:fortrancore:unknown_interface:nlsinit
2025-11-03T19:47:22.2499110Z get_useparameters: no module nlsdim info used by nlsinit
2025-11-03T19:47:22.2499380Z 					Block: single_point
2025-11-03T19:47:22.2499700Z In: :fortrancore:../pynlsl.pyf:fortrancore:unknown_interface:single_point
2025-11-03T19:47:22.2530460Z get_useparameters: no module nlsdim info used by single_point
2025-11-03T19:47:22.2530880Z In: :fortrancore:../pynlsl.pyf:fortrancore:unknown_interface:single_point
2025-11-03T19:47:22.2531270Z get_useparameters: no module eprprm info used by single_point
2025-11-03T19:47:22.2531620Z In: :fortrancore:../pynlsl.pyf:fortrancore:unknown_interface:single_point
2025-11-03T19:47:22.2532050Z get_useparameters: no module expdat info used by single_point
2025-11-03T19:47:22.2532620Z In: :fortrancore:../pynlsl.pyf:fortrancore:unknown_interface:single_point
2025-11-03T19:47:22.2560610Z get_useparameters: no module tridag info used by single_point
2025-11-03T19:47:22.2561390Z In: :fortrancore:../pynlsl.pyf:fortrancore:unknown_interface:single_point
2025-11-03T19:47:22.2561840Z get_useparameters: no module mspctr info used by single_point
2025-11-03T19:47:22.2562640Z In: :fortrancore:../pynlsl.pyf:fortrancore:unknown_interface:single_point
2025-11-03T19:47:22.2563020Z get_useparameters: no module ftwork info used by single_point
2025-11-03T19:47:22.2563490Z In: :fortrancore:../pynlsl.pyf:fortrancore:unknown_interface:single_point
2025-11-03T19:47:22.2563800Z get_useparameters: no module parcom info used by single_point
2025-11-03T19:47:22.2566610Z In: :fortrancore:../pynlsl.pyf:fortrancore:unknown_interface:single_point
2025-11-03T19:47:22.2566990Z get_useparameters: no module basis info used by single_point
2025-11-03T19:47:22.2567470Z In: :fortrancore:../pynlsl.pyf:fortrancore:unknown_interface:single_point
2025-11-03T19:47:22.2567780Z get_useparameters: no module errmsg info used by single_point
2025-11-03T19:47:22.2568140Z In: :fortrancore:../pynlsl.pyf:fortrancore:unknown_interface:single_point
2025-11-03T19:47:22.2568490Z get_useparameters: no module pidef info used by single_point
2025-11-03T19:47:22.2568800Z In: :fortrancore:../pynlsl.pyf:fortrancore:unknown_interface:single_point
2025-11-03T19:47:22.2569110Z get_useparameters: no module stdio info used by single_point
2025-11-03T19:47:22.2569430Z In: :fortrancore:../pynlsl.pyf:fortrancore:unknown_interface:single_point
2025-11-03T19:47:22.2569730Z get_useparameters: no module iterat info used by single_point
2025-11-03T19:47:22.2570040Z In: :fortrancore:../pynlsl.pyf:fortrancore:unknown_interface:single_point
2025-11-03T19:47:22.2570350Z get_useparameters: no module rnddbl info used by single_point
2025-11-03T19:47:22.2570570Z 					Block: lfun
2025-11-03T19:47:22.2570780Z In: :fortrancore:../pynlsl.pyf:fortrancore:unknown_interface:lfun
2025-11-03T19:47:22.2571050Z get_useparameters: no module nlsdim info used by lfun
2025-11-03T19:47:22.2571320Z In: :fortrancore:../pynlsl.pyf:fortrancore:unknown_interface:lfun
2025-11-03T19:47:22.2571590Z get_useparameters: no module eprprm info used by lfun
2025-11-03T19:47:22.2571850Z In: :fortrancore:../pynlsl.pyf:fortrancore:unknown_interface:lfun
2025-11-03T19:47:22.2572110Z get_useparameters: no module expdat info used by lfun
2025-11-03T19:47:22.2572380Z In: :fortrancore:../pynlsl.pyf:fortrancore:unknown_interface:lfun
2025-11-03T19:47:22.2572660Z get_useparameters: no module tridag info used by lfun
2025-11-03T19:47:22.2572930Z In: :fortrancore:../pynlsl.pyf:fortrancore:unknown_interface:lfun
2025-11-03T19:47:22.2573210Z get_useparameters: no module mspctr info used by lfun
2025-11-03T19:47:22.2573480Z In: :fortrancore:../pynlsl.pyf:fortrancore:unknown_interface:lfun
2025-11-03T19:47:22.2577190Z get_useparameters: no module ftwork info used by lfun
2025-11-03T19:47:22.2577470Z In: :fortrancore:../pynlsl.pyf:fortrancore:unknown_interface:lfun
2025-11-03T19:47:22.2577740Z get_useparameters: no module parcom info used by lfun
2025-11-03T19:47:22.2578010Z In: :fortrancore:../pynlsl.pyf:fortrancore:unknown_interface:lfun
2025-11-03T19:47:22.2578300Z get_useparameters: no module basis info used by lfun
2025-11-03T19:47:22.2578570Z In: :fortrancore:../pynlsl.pyf:fortrancore:unknown_interface:lfun
2025-11-03T19:47:22.2578850Z get_useparameters: no module errmsg info used by lfun
2025-11-03T19:47:22.2579450Z In: :fortrancore:../pynlsl.pyf:fortrancore:unknown_interface:lfun
2025-11-03T19:47:22.2579730Z get_useparameters: no module pidef info used by lfun
2025-11-03T19:47:22.2580000Z In: :fortrancore:../pynlsl.pyf:fortrancore:unknown_interface:lfun
2025-11-03T19:47:22.2580270Z get_useparameters: no module stdio info used by lfun
2025-11-03T19:47:22.2580540Z In: :fortrancore:../pynlsl.pyf:fortrancore:unknown_interface:lfun
2025-11-03T19:47:22.2580810Z get_useparameters: no module iterat info used by lfun
2025-11-03T19:47:22.2581090Z In: :fortrancore:../pynlsl.pyf:fortrancore:unknown_interface:lfun
2025-11-03T19:47:22.2581360Z get_useparameters: no module rnddbl info used by lfun
2025-11-03T19:47:22.2581560Z 					Block: xpack
2025-11-03T19:47:22.2581760Z In: :fortrancore:../pynlsl.pyf:fortrancore:unknown_interface:xpack
2025-11-03T19:47:22.2582040Z get_useparameters: no module nlsdim info used by xpack
2025-11-03T19:47:22.2582470Z In: :fortrancore:../pynlsl.pyf:fortrancore:unknown_interface:xpack
2025-11-03T19:47:22.2582770Z get_useparameters: no module eprprm info used by xpack
2025-11-03T19:47:22.2583120Z In: :fortrancore:../pynlsl.pyf:fortrancore:unknown_interface:xpack
2025-11-03T19:47:22.2583430Z get_useparameters: no module expdat info used by xpack
2025-11-03T19:47:22.2583710Z In: :fortrancore:../pynlsl.pyf:fortrancore:unknown_interface:xpack
2025-11-03T19:47:22.2583990Z get_useparameters: no module parcom info used by xpack
2025-11-03T19:47:22.2584260Z In: :fortrancore:../pynlsl.pyf:fortrancore:unknown_interface:xpack
2025-11-03T19:47:22.2584540Z get_useparameters: no module rnddbl info used by xpack
2025-11-03T19:47:22.2584750Z 					Block: setspc
2025-11-03T19:47:22.2584950Z In: :fortrancore:../pynlsl.pyf:fortrancore:unknown_interface:setspc
2025-11-03T19:47:22.2585230Z get_useparameters: no module nlsdim info used by setspc
2025-11-03T19:47:22.2585520Z In: :fortrancore:../pynlsl.pyf:fortrancore:unknown_interface:setspc
2025-11-03T19:47:22.2585800Z get_useparameters: no module eprprm info used by setspc
2025-11-03T19:47:22.2586090Z In: :fortrancore:../pynlsl.pyf:fortrancore:unknown_interface:setspc
2025-11-03T19:47:22.2586370Z get_useparameters: no module expdat info used by setspc
2025-11-03T19:47:22.2586670Z In: :fortrancore:../pynlsl.pyf:fortrancore:unknown_interface:setspc
2025-11-03T19:47:22.2626310Z get_useparameters: no module parcom info used by setspc
2025-11-03T19:47:22.2626640Z In: :fortrancore:../pynlsl.pyf:fortrancore:unknown_interface:setspc
2025-11-03T19:47:22.2626940Z get_useparameters: no module basis info used by setspc
2025-11-03T19:47:22.2627230Z In: :fortrancore:../pynlsl.pyf:fortrancore:unknown_interface:setspc
2025-11-03T19:47:22.2627500Z get_useparameters: no module errmsg info used by setspc
2025-11-03T19:47:22.2627780Z In: :fortrancore:../pynlsl.pyf:fortrancore:unknown_interface:setspc
2025-11-03T19:47:22.2628060Z get_useparameters: no module iterat info used by setspc
2025-11-03T19:47:22.2628360Z In: :fortrancore:../pynlsl.pyf:fortrancore:unknown_interface:setspc
2025-11-03T19:47:22.2628650Z get_useparameters: no module rnddbl info used by setspc
2025-11-03T19:47:22.2628930Z In: :fortrancore:../pynlsl.pyf:fortrancore:unknown_interface:setspc
2025-11-03T19:47:22.2629200Z get_useparameters: no module stdio info used by setspc
2025-11-03T19:47:22.2629480Z In: :fortrancore:../pynlsl.pyf:fortrancore:unknown_interface:setspc
2025-11-03T19:47:22.2629750Z get_useparameters: no module pidef info used by setspc
2025-11-03T19:47:22.2629950Z 					Block: ipfind
2025-11-03T19:47:22.2630140Z In: :fortrancore:../pynlsl.pyf:fortrancore:unknown_interface:ipfind
2025-11-03T19:47:22.2630420Z get_useparameters: no module nlsdim info used by ipfind
2025-11-03T19:47:22.2630690Z In: :fortrancore:../pynlsl.pyf:fortrancore:unknown_interface:ipfind
2025-11-03T19:47:22.2630970Z get_useparameters: no module parcom info used by ipfind
2025-11-03T19:47:22.2631240Z In: :fortrancore:../pynlsl.pyf:fortrancore:unknown_interface:ipfind
2025-11-03T19:47:22.2631520Z get_useparameters: no module eprprm info used by ipfind
2025-11-03T19:47:22.2632060Z In: :fortrancore:../pynlsl.pyf:fortrancore:unknown_interface:ipfind
2025-11-03T19:47:22.2632330Z get_useparameters: no module lpnam info used by ipfind
2025-11-03T19:47:22.2632530Z 					Block: setprm
2025-11-03T19:47:22.2632740Z In: :fortrancore:../pynlsl.pyf:fortrancore:unknown_interface:setprm
2025-11-03T19:47:22.2633010Z get_useparameters: no module nlsdim info used by setprm
2025-11-03T19:47:22.2633290Z In: :fortrancore:../pynlsl.pyf:fortrancore:unknown_interface:setprm
2025-11-03T19:47:22.2633560Z get_useparameters: no module eprprm info used by setprm
2025-11-03T19:47:22.2633840Z In: :fortrancore:../pynlsl.pyf:fortrancore:unknown_interface:setprm
2025-11-03T19:47:22.2634110Z get_useparameters: no module expdat info used by setprm
2025-11-03T19:47:22.2634390Z In: :fortrancore:../pynlsl.pyf:fortrancore:unknown_interface:setprm
2025-11-03T19:47:22.2634690Z get_useparameters: no module tridag info used by setprm
2025-11-03T19:47:22.2635220Z In: :fortrancore:../pynlsl.pyf:fortrancore:unknown_interface:setprm
2025-11-03T19:47:22.2635510Z get_useparameters: no module parcom info used by setprm
2025-11-03T19:47:22.2684500Z In: :fortrancore:../pynlsl.pyf:fortrancore:unknown_interface:setprm
2025-11-03T19:47:22.2684870Z get_useparameters: no module symdef info used by setprm
2025-11-03T19:47:22.2685160Z In: :fortrancore:../pynlsl.pyf:fortrancore:unknown_interface:setprm
2025-11-03T19:47:22.2685450Z get_useparameters: no module stdio info used by setprm
2025-11-03T19:47:22.2685660Z 					Block: setipr
2025-11-03T19:47:22.2685850Z In: :fortrancore:../pynlsl.pyf:fortrancore:unknown_interface:setipr
2025-11-03T19:47:22.2686160Z get_useparameters: no module nlsdim info used by setipr
2025-11-03T19:47:22.2686440Z In: :fortrancore:../pynlsl.pyf:fortrancore:unknown_interface:setipr
2025-11-03T19:47:22.2686720Z get_useparameters: no module eprprm info used by setipr
2025-11-03T19:47:22.2687020Z In: :fortrancore:../pynlsl.pyf:fortrancore:unknown_interface:setipr
2025-11-03T19:47:22.2687290Z get_useparameters: no module expdat info used by setipr
2025-11-03T19:47:22.2687580Z In: :fortrancore:../pynlsl.pyf:fortrancore:unknown_interface:setipr
2025-11-03T19:47:22.2687850Z get_useparameters: no module parcom info used by setipr
2025-11-03T19:47:22.2688130Z In: :fortrancore:../pynlsl.pyf:fortrancore:unknown_interface:setipr
2025-11-03T19:47:22.2688400Z get_useparameters: no module tridag info used by setipr
2025-11-03T19:47:22.2688670Z In: :fortrancore:../pynlsl.pyf:fortrancore:unknown_interface:setipr
2025-11-03T19:47:22.2688950Z get_useparameters: no module basis info used by setipr
2025-11-03T19:47:22.2689220Z In: :fortrancore:../pynlsl.pyf:fortrancore:unknown_interface:setipr
2025-11-03T19:47:22.2689490Z get_useparameters: no module stdio info used by setipr
2025-11-03T19:47:22.2704750Z 					Block: getprm
2025-11-03T19:47:22.2704970Z In: :fortrancore:../pynlsl.pyf:fortrancore:unknown_interface:getprm
2025-11-03T19:47:22.2705270Z get_useparameters: no module nlsdim info used by getprm
2025-11-03T19:47:22.2705560Z In: :fortrancore:../pynlsl.pyf:fortrancore:unknown_interface:getprm
2025-11-03T19:47:22.2705840Z get_useparameters: no module eprprm info used by getprm
2025-11-03T19:47:22.2706120Z In: :fortrancore:../pynlsl.pyf:fortrancore:unknown_interface:getprm
2025-11-03T19:47:22.2706410Z get_useparameters: no module expdat info used by getprm
2025-11-03T19:47:22.2706920Z In: :fortrancore:../pynlsl.pyf:fortrancore:unknown_interface:getprm
2025-11-03T19:47:22.2707210Z get_useparameters: no module tridag info used by getprm
2025-11-03T19:47:22.2707500Z In: :fortrancore:../pynlsl.pyf:fortrancore:unknown_interface:getprm
2025-11-03T19:47:22.2707780Z get_useparameters: no module parcom info used by getprm
2025-11-03T19:47:22.2708060Z In: :fortrancore:../pynlsl.pyf:fortrancore:unknown_interface:getprm
2025-11-03T19:47:22.2708340Z get_useparameters: no module symdef info used by getprm
2025-11-03T19:47:22.2708910Z In: :fortrancore:../pynlsl.pyf:fortrancore:unknown_interface:getprm
2025-11-03T19:47:22.2709200Z get_useparameters: no module stdio info used by getprm
2025-11-03T19:47:22.2712060Z 					Block: sscale
2025-11-03T19:47:22.2712260Z In: :fortrancore:../pynlsl.pyf:fortrancore:unknown_interface:sscale
2025-11-03T19:47:22.2712540Z get_useparameters: no module nlsdim info used by sscale
2025-11-03T19:47:22.2712740Z 					Block: nlsdim
2025-11-03T19:47:22.2712860Z 					Block: lmcom
2025-11-03T19:47:22.2713080Z In: :fortrancore:../pynlsl.pyf:fortrancore:unknown_interface:lmcom
2025-11-03T19:47:22.2713390Z analyzevars: could not parse dimension for variable '(mxtv)'
2025-11-03T19:47:22.2713700Z In: :fortrancore:../pynlsl.pyf:fortrancore:unknown_interface:lmcom
2025-11-03T19:47:22.2713990Z analyzevars: could not parse dimension for variable '(mxtv)'
2025-11-03T19:47:22.2714280Z In: :fortrancore:../pynlsl.pyf:fortrancore:unknown_interface:lmcom
2025-11-03T19:47:22.2714580Z analyzevars: could not parse dimension for variable '(mxjcol)'
2025-11-03T19:47:22.2715140Z In: :fortrancore:../pynlsl.pyf:fortrancore:unknown_interface:lmcom
2025-11-03T19:47:22.2715460Z analyzevars: could not parse dimension for variable '(mxjcol)'
2025-11-03T19:47:22.2715750Z In: :fortrancore:../pynlsl.pyf:fortrancore:unknown_interface:lmcom
2025-11-03T19:47:22.2716070Z analyzevars: could not parse dimension for variable '(mxjcol)'
2025-11-03T19:47:22.2716370Z In: :fortrancore:../pynlsl.pyf:fortrancore:unknown_interface:lmcom
2025-11-03T19:47:22.2718540Z analyzevars: could not parse dimension for variable '(mxjcol)'
2025-11-03T19:47:22.2718830Z In: :fortrancore:../pynlsl.pyf:fortrancore:unknown_interface:lmcom
2025-11-03T19:47:22.2719130Z analyzevars: could not parse dimension for variable '(mxjcol)'
2025-11-03T19:47:22.2719430Z In: :fortrancore:../pynlsl.pyf:fortrancore:unknown_interface:lmcom
2025-11-03T19:47:22.2719910Z getstrlength: expected a signature of a string but got: {'typespec': 'character', 'charselector': {'*': '10'}, 'attrspec': ['save'], 'dimension': ['4']}
2025-11-03T19:47:22.2720560Z getstrlength: expected a signature of a string but got: {'typespec': 'character', 'charselector': {'*': '10'}, 'attrspec': ['save'], 'dimension': ['4']}
2025-11-03T19:47:22.2721190Z getstrlength: expected a signature of a string but got: {'typespec': 'character', 'charselector': {'*': '10'}, 'attrspec': ['save'], 'dimension': ['43']}
2025-11-03T19:47:22.2721880Z getstrlength: expected a signature of a string but got: {'typespec': 'character', 'charselector': {'*': '10'}, 'attrspec': ['save'], 'dimension': ['24']}
2025-11-03T19:47:22.2722500Z getstrlength: expected a signature of a string but got: {'typespec': 'character', 'charselector': {'*': '10'}, 'attrspec': ['save'], 'dimension': ['43']}
2025-11-03T19:47:22.2723120Z getstrlength: expected a signature of a string but got: {'typespec': 'character', 'charselector': {'*': '10'}, 'attrspec': ['save'], 'dimension': ['24']}
2025-11-03T19:47:22.2723740Z getstrlength: expected a signature of a string but got: {'typespec': 'character', 'charselector': {'*': '10'}, 'attrspec': ['save'], 'dimension': ['4']}
2025-11-03T19:47:22.2724370Z getstrlength: expected a signature of a string but got: {'typespec': 'character', 'charselector': {'*': '10'}, 'attrspec': ['save'], 'dimension': ['4']}
2025-11-03T19:47:22.2724820Z analyzevars: could not parse dimension for variable '(mxpt)'
2025-11-03T19:47:22.2725110Z In: :fortrancore:../pynlsl.pyf:fortrancore:unknown_interface:lmcom
2025-11-03T19:47:22.2725410Z analyzevars: could not parse dimension for variable '(mxjcol)'
2025-11-03T19:47:22.2725700Z In: :fortrancore:../pynlsl.pyf:fortrancore:unknown_interface:lmcom
2025-11-03T19:47:22.2726010Z analyzevars: could not parse dimension for variable '(mxjcol)'
2025-11-03T19:47:22.2726310Z In: :fortrancore:../pynlsl.pyf:fortrancore:unknown_interface:lmcom
2025-11-03T19:47:22.2726600Z analyzevars: could not parse dimension for variable '(mxpt)'
2025-11-03T19:47:22.2726890Z In: :fortrancore:../pynlsl.pyf:fortrancore:unknown_interface:lmcom
2025-11-03T19:47:22.2727190Z analyzevars: could not parse dimension for variable '(mxjcol)'
2025-11-03T19:47:22.2727510Z 						Block: lmcom_init
2025-11-03T19:47:22.2727640Z 					Block: parcom
2025-11-03T19:47:22.2727760Z 					Block: expdat
2025-11-03T19:47:22.2727880Z 					Block: iterat
2025-11-03T19:47:22.2727990Z 					Block: stdio
2025-11-03T19:47:22.2728110Z 					Block: eprprm
2025-11-03T19:47:22.2781030Z In: :fortrancore:../pynlsl.pyf:fortrancore:unknown_interface:eprprm
2025-11-03T19:47:22.2781440Z param_eval: got "name 'igaman' is not defined" on 'igaman'
2025-11-03T19:47:22.2781750Z In: :fortrancore:../pynlsl.pyf:fortrancore:unknown_interface:eprprm
2025-11-03T19:47:22.2782040Z param_eval: got "name 'ishift' is not defined" on 'ishift'
2025-11-03T19:47:22.2782250Z 						Block: prm_ptr_init
2025-11-03T19:47:22.2782390Z 					Block: mspctr
2025-11-03T19:47:22.2782590Z In: :fortrancore:../pynlsl.pyf:fortrancore:unknown_interface:mspctr
2025-11-03T19:47:22.2782890Z analyzevars: could not parse dimension for variable '(mxsite)'
2025-11-03T19:47:22.2783630Z In: :fortrancore:../pynlsl.pyf:fortrancore:unknown_interface:mspctr
2025-11-03T19:47:22.2783970Z analyzevars: could not parse dimension for variable '(mxsite)'
2025-11-03T19:47:22.2784280Z In: :fortrancore:../pynlsl.pyf:fortrancore:unknown_interface:mspctr
2025-11-03T19:47:22.2784580Z analyzevars: could not parse dimension for variable '(mxspc)'
2025-11-03T19:47:22.2784870Z In: :fortrancore:../pynlsl.pyf:fortrancore:unknown_interface:mspctr
2025-11-03T19:47:22.2785170Z analyzevars: could not parse dimension for variable '(mxpt)'
2025-11-03T19:47:22.2785450Z In: :fortrancore:../pynlsl.pyf:fortrancore:unknown_interface:mspctr
2025-11-03T19:47:22.2831100Z analyzevars: could not parse dimension for variable '(mxsite)'
2025-11-03T19:47:22.2831440Z In: :fortrancore:../pynlsl.pyf:fortrancore:unknown_interface:mspctr
2025-11-03T19:47:22.2831740Z analyzevars: could not parse dimension for variable '(mxpt)'
2025-11-03T19:47:22.2832040Z In: :fortrancore:../pynlsl.pyf:fortrancore:unknown_interface:mspctr
2025-11-03T19:47:22.2832360Z analyzevars: could not parse dimension for variable '(mxsite)'
2025-11-03T19:47:22.2832600Z 			Block: eprprm
2025-11-03T19:47:22.2832790Z In: :fortrancore:../src/fortran/krylov_solvers/eprprm.f90:eprprm
2025-11-03T19:47:22.2833070Z param_eval: got "name 'igaman' is not defined" on 'igaman'
2025-11-03T19:47:22.2833340Z In: :fortrancore:../src/fortran/krylov_solvers/eprprm.f90:eprprm
2025-11-03T19:47:22.2833610Z param_eval: got "name 'ishift' is not defined" on 'ishift'
2025-11-03T19:47:22.2833820Z 				Block: prm_ptr_init
2025-11-03T19:47:22.2833950Z 			Block: lmcom
2025-11-03T19:47:22.2834070Z 				Block: lmcom_init
2025-11-03T19:47:22.2834200Z 			Block: parcom
2025-11-03T19:47:22.2834320Z 			Block: lpnam
2025-11-03T19:47:22.2834440Z 			Block: expdat
2025-11-03T19:47:22.2834560Z 			Block: iterat
2025-11-03T19:47:22.2834670Z 			Block: ipfind
2025-11-03T19:47:22.2834840Z In: :fortrancore:../src/fortran/core/ipsfind.f90:ipfind
2025-11-03T19:47:22.2835090Z param_eval: got "name 'igaman' is not defined" on 'igaman'
2025-11-03T19:47:22.2835340Z In: :fortrancore:../src/fortran/core/ipsfind.f90:ipfind
2025-11-03T19:47:22.2835600Z param_eval: got "name 'ishift' is not defined" on 'ishift'
2025-11-03T19:47:22.2835800Z 			Block: isfind
2025-11-03T19:47:22.2835960Z In: :fortrancore:../src/fortran/core/ipsfind.f90:isfind
2025-11-03T19:47:22.2836210Z get_useparameters: no module basis info used by isfind
2025-11-03T19:47:22.2836400Z 			Block: fitl
2025-11-03T19:47:22.2836570Z In: :fortrancore:../src/fortran/least_squares/fitl.f90:fitl
2025-11-03T19:47:22.2836840Z get_useparameters: no module nlsnam info used by fitl
2025-11-03T19:47:22.2837120Z In: :fortrancore:../src/fortran/least_squares/fitl.f90:fitl
2025-11-03T19:47:22.2837390Z param_eval: got "name 'igaman' is not defined" on 'igaman'
2025-11-03T19:47:22.2837660Z In: :fortrancore:../src/fortran/least_squares/fitl.f90:fitl
2025-11-03T19:47:22.2837930Z param_eval: got "name 'ishift' is not defined" on 'ishift'
2025-11-03T19:47:22.2838250Z In: :fortrancore:../src/fortran/least_squares/fitl.f90:fitl
2025-11-03T19:47:22.2838810Z get_useparameters: no module errmsg info used by fitl
2025-11-03T19:47:22.2839070Z In: :fortrancore:../src/fortran/least_squares/fitl.f90:fitl
2025-11-03T19:47:22.2839330Z get_useparameters: no module timer info used by fitl
2025-11-03T19:47:22.2839640Z In: :fortrancore:../src/fortran/least_squares/fitl.f90:fitl
2025-11-03T19:47:22.2839910Z get_useparameters: no module rnddbl info used by fitl
2025-11-03T19:47:22.2840120Z 			Block: xpack
2025-11-03T19:47:22.2840330Z In: :fortrancore:../src/fortran/least_squares/fitl.f90:xpack
2025-11-03T19:47:22.2853200Z param_eval: got "name 'igaman' is not defined" on 'igaman'
2025-11-03T19:47:22.2853490Z In: :fortrancore:../src/fortran/least_squares/fitl.f90:xpack
2025-11-03T19:47:22.2853770Z param_eval: got "name 'ishift' is not defined" on 'ishift'
2025-11-03T19:47:22.2854030Z In: :fortrancore:../src/fortran/least_squares/fitl.f90:xpack
2025-11-03T19:47:22.2854570Z get_useparameters: no module rnddbl info used by xpack
2025-11-03T19:47:22.2854780Z 			Block: wtdres
2025-11-03T19:47:22.2854920Z 			Block: single_point
2025-11-03T19:47:22.2855120Z In: :fortrancore:../src/fortran/matrix_model/lfun.f90:single_point
2025-11-03T19:47:22.2855400Z param_eval: got "name 'igaman' is not defined" on 'igaman'
2025-11-03T19:47:22.2855670Z In: :fortrancore:../src/fortran/matrix_model/lfun.f90:single_point
2025-11-03T19:47:22.2855950Z param_eval: got "name 'ishift' is not defined" on 'ishift'
2025-11-03T19:47:22.2856220Z In: :fortrancore:../src/fortran/matrix_model/lfun.f90:single_point
2025-11-03T19:47:22.2856500Z get_useparameters: no module tridag info used by single_point
2025-11-03T19:47:22.2856790Z In: :fortrancore:../src/fortran/matrix_model/lfun.f90:single_point
2025-11-03T19:47:22.2857070Z get_useparameters: no module ftwork info used by single_point
2025-11-03T19:47:22.2857350Z In: :fortrancore:../src/fortran/matrix_model/lfun.f90:single_point
2025-11-03T19:47:22.2857630Z get_useparameters: no module basis info used by single_point
2025-11-03T19:47:22.2857910Z In: :fortrancore:../src/fortran/matrix_model/lfun.f90:single_point
2025-11-03T19:47:22.2858200Z get_useparameters: no module errmsg info used by single_point
2025-11-03T19:47:22.2858480Z In: :fortrancore:../src/fortran/matrix_model/lfun.f90:single_point
2025-11-03T19:47:22.2858760Z get_useparameters: no module pidef info used by single_point
2025-11-03T19:47:22.2859140Z In: :fortrancore:../src/fortran/matrix_model/lfun.f90:single_point
2025-11-03T19:47:22.2859430Z get_useparameters: no module rnddbl info used by single_point
2025-11-03T19:47:22.2859710Z In: :fortrancore:../src/fortran/matrix_model/lfun.f90:single_point
2025-11-03T19:47:22.2860020Z param_eval: got "eval() arg 1 must be a string, bytes or code object" on 4
2025-11-03T19:47:22.2860250Z 			Block: lfun
2025-11-03T19:47:22.2860420Z In: :fortrancore:../src/fortran/matrix_model/lfun.f90:lfun
2025-11-03T19:47:22.2860670Z param_eval: got "name 'igaman' is not defined" on 'igaman'
2025-11-03T19:47:22.2860940Z In: :fortrancore:../src/fortran/matrix_model/lfun.f90:lfun
2025-11-03T19:47:22.2861220Z param_eval: got "name 'ishift' is not defined" on 'ishift'
2025-11-03T19:47:22.2861490Z In: :fortrancore:../src/fortran/matrix_model/lfun.f90:lfun
2025-11-03T19:47:22.2861750Z get_useparameters: no module tridag info used by lfun
2025-11-03T19:47:22.2863560Z In: :fortrancore:../src/fortran/matrix_model/lfun.f90:lfun
2025-11-03T19:47:22.2863870Z get_useparameters: no module ftwork info used by lfun
2025-11-03T19:47:22.2864140Z In: :fortrancore:../src/fortran/matrix_model/lfun.f90:lfun
2025-11-03T19:47:22.2864470Z get_useparameters: no module basis info used by lfun
2025-11-03T19:47:22.2864720Z In: :fortrancore:../src/fortran/matrix_model/lfun.f90:lfun
2025-11-03T19:47:22.2864980Z get_useparameters: no module errmsg info used by lfun
2025-11-03T19:47:22.2865240Z In: :fortrancore:../src/fortran/matrix_model/lfun.f90:lfun
2025-11-03T19:47:22.2866320Z get_useparameters: no module pidef info used by lfun
2025-11-03T19:47:22.2866710Z In: :fortrancore:../src/fortran/matrix_model/lfun.f90:lfun
2025-11-03T19:47:22.2867160Z get_useparameters: no module rnddbl info used by lfun
2025-11-03T19:47:22.2867410Z In: :fortrancore:../src/fortran/matrix_model/lfun.f90:lfun
2025-11-03T19:47:22.2867740Z param_eval: got "eval() arg 1 must be a string, bytes or code object" on 4
2025-11-03T19:47:22.2867980Z 			Block: hltchk
2025-11-03T19:47:22.2868170Z In: :fortrancore:../src/fortran/matrix_model/lfun.f90:hltchk
2025-11-03T19:47:22.2868430Z get_useparameters: no module errmsg info used by hltchk
2025-11-03T19:47:22.2868630Z 			Block: stdio
2025-11-03T19:47:22.2868760Z 			Block: mspctr
2025-11-03T19:47:22.2868870Z 			Block: procline
2025-11-03T19:47:22.2869040Z In: :fortrancore:../src/fortran/cli/nlsl.f90:procline
2025-11-03T19:47:22.2869290Z get_useparameters: no module nlsnam info used by procline
2025-11-03T19:47:22.2869540Z In: :fortrancore:../src/fortran/cli/nlsl.f90:procline
2025-11-03T19:47:22.2869950Z get_useparameters: no module symdef info used by procline
2025-11-03T19:47:22.2870160Z 			Block: nlsl
2025-11-03T19:47:22.2870310Z In: :fortrancore:../src/fortran/cli/nlsl.f90:nlsl
2025-11-03T19:47:22.2870550Z get_useparameters: no module nlsnam info used by nlsl
2025-11-03T19:47:22.2870790Z In: :fortrancore:../src/fortran/cli/nlsl.f90:nlsl
2025-11-03T19:47:22.2871030Z param_eval: got "name 'igaman' is not defined" on 'igaman'
2025-11-03T19:47:22.2871270Z In: :fortrancore:../src/fortran/cli/nlsl.f90:nlsl
2025-11-03T19:47:22.2871510Z param_eval: got "name 'ishift' is not defined" on 'ishift'
2025-11-03T19:47:22.2871760Z In: :fortrancore:../src/fortran/cli/nlsl.f90:nlsl
2025-11-03T19:47:22.2872010Z get_useparameters: no module symdef info used by nlsl
2025-11-03T19:47:22.2872220Z 			Block: nlsinit
2025-11-03T19:47:22.2872390Z In: :fortrancore:../src/fortran/cli/nlsl.f90:nlsinit
2025-11-03T19:47:22.2872650Z get_useparameters: no module nlsnam info used by nlsinit
2025-11-03T19:47:22.2872900Z In: :fortrancore:../src/fortran/cli/nlsl.f90:nlsinit
2025-11-03T19:47:22.2873150Z param_eval: got "name 'igaman' is not defined" on 'igaman'
2025-11-03T19:47:22.2873400Z In: :fortrancore:../src/fortran/cli/nlsl.f90:nlsinit
2025-11-03T19:47:22.2873650Z param_eval: got "name 'ishift' is not defined" on 'ishift'
2025-11-03T19:47:22.2873890Z In: :fortrancore:../src/fortran/cli/nlsl.f90:nlsinit
2025-11-03T19:47:22.2874140Z get_useparameters: no module tridag info used by nlsinit
2025-11-03T19:47:22.2874390Z In: :fortrancore:../src/fortran/cli/nlsl.f90:nlsinit
2025-11-03T19:47:22.2874630Z get_useparameters: no module basis info used by nlsinit
2025-11-03T19:47:22.2874880Z In: :fortrancore:../src/fortran/cli/nlsl.f90:nlsinit
2025-11-03T19:47:22.2875120Z get_useparameters: no module parsav info used by nlsinit
2025-11-03T19:47:22.2875330Z 			Block: setprm
2025-11-03T19:47:22.2875490Z In: :fortrancore:../src/fortran/cli/setprm.f90:setprm
2025-11-03T19:47:22.2875740Z param_eval: got "name 'igaman' is not defined" on 'igaman'
2025-11-03T19:47:22.2876000Z In: :fortrancore:../src/fortran/cli/setprm.f90:setprm
2025-11-03T19:47:22.2876250Z param_eval: got "name 'ishift' is not defined" on 'ishift'
2025-11-03T19:47:22.2876500Z In: :fortrancore:../src/fortran/cli/setprm.f90:setprm
2025-11-03T19:47:22.2876750Z get_useparameters: no module tridag info used by setprm
2025-11-03T19:47:22.2877000Z In: :fortrancore:../src/fortran/cli/setprm.f90:setprm
2025-11-03T19:47:22.2877250Z get_useparameters: no module symdef info used by setprm
2025-11-03T19:47:22.2877450Z 			Block: setipr
2025-11-03T19:47:22.2877620Z In: :fortrancore:../src/fortran/cli/setprm.f90:setipr
2025-11-03T19:47:22.2877870Z param_eval: got "name 'igaman' is not defined" on 'igaman'
2025-11-03T19:47:22.2878120Z In: :fortrancore:../src/fortran/cli/setprm.f90:setipr
2025-11-03T19:47:22.2878370Z param_eval: got "name 'ishift' is not defined" on 'ishift'
2025-11-03T19:47:22.2878620Z In: :fortrancore:../src/fortran/cli/setprm.f90:setipr
2025-11-03T19:47:22.2878860Z get_useparameters: no module tridag info used by setipr
2025-11-03T19:47:22.2879110Z In: :fortrancore:../src/fortran/cli/setprm.f90:setipr
2025-11-03T19:47:22.2879470Z get_useparameters: no module basis info used by setipr
2025-11-03T19:47:22.2879680Z 			Block: spcpar
2025-11-03T19:47:22.2879850Z In: :fortrancore:../src/fortran/cli/setprm.f90:spcpar
2025-11-03T19:47:22.2880090Z param_eval: got "name 'igaman' is not defined" on 'igaman'
2025-11-03T19:47:22.2880350Z In: :fortrancore:../src/fortran/cli/setprm.f90:spcpar
2025-11-03T19:47:22.2880600Z param_eval: got "name 'ishift' is not defined" on 'ishift'
2025-11-03T19:47:22.2880810Z 			Block: ptype
2025-11-03T19:47:22.2880930Z 			Block: ixlim
2025-11-03T19:47:22.2881050Z 			Block: getprm
2025-11-03T19:47:22.2881210Z In: :fortrancore:../src/fortran/cli/setprm.f90:getprm
2025-11-03T19:47:22.2881450Z param_eval: got "name 'igaman' is not defined" on 'igaman'
2025-11-03T19:47:22.2881700Z In: :fortrancore:../src/fortran/cli/setprm.f90:getprm
2025-11-03T19:47:22.2881950Z param_eval: got "name 'ishift' is not defined" on 'ishift'
2025-11-03T19:47:22.2882340Z In: :fortrancore:../src/fortran/cli/setprm.f90:getprm
2025-11-03T19:47:22.2882600Z get_useparameters: no module tridag info used by getprm
2025-11-03T19:47:22.2882870Z In: :fortrancore:../src/fortran/cli/setprm.f90:getprm
2025-11-03T19:47:22.2883120Z get_useparameters: no module symdef info used by getprm
2025-11-03T19:47:22.2883320Z 			Block: setspc
2025-11-03T19:47:22.2883530Z In: :fortrancore:../src/fortran/io_preprocessing/setspc.f90:setspc
2025-11-03T19:47:22.2883820Z param_eval: got "name 'igaman' is not defined" on 'igaman'
2025-11-03T19:47:22.2884100Z In: :fortrancore:../src/fortran/io_preprocessing/setspc.f90:setspc
2025-11-03T19:47:22.2884380Z param_eval: got "name 'ishift' is not defined" on 'ishift'
2025-11-03T19:47:22.2884650Z In: :fortrancore:../src/fortran/io_preprocessing/setspc.f90:setspc
2025-11-03T19:47:22.2884930Z get_useparameters: no module basis info used by setspc
2025-11-03T19:47:22.2885210Z In: :fortrancore:../src/fortran/io_preprocessing/setspc.f90:setspc
2025-11-03T19:47:22.2885490Z get_useparameters: no module errmsg info used by setspc
2025-11-03T19:47:22.2885770Z In: :fortrancore:../src/fortran/io_preprocessing/setspc.f90:setspc
2025-11-03T19:47:22.2886040Z get_useparameters: no module rnddbl info used by setspc
2025-11-03T19:47:22.2886330Z In: :fortrancore:../src/fortran/io_preprocessing/setspc.f90:setspc
2025-11-03T19:47:22.2886610Z get_useparameters: no module pidef info used by setspc
2025-11-03T19:47:22.2886830Z 			Block: wrfun
2025-11-03T19:47:22.2886960Z 			Block: wrspc
2025-11-03T19:47:22.2887140Z In: :fortrancore:../src/fortran/io_preprocessing/writr.f90:wrspc
2025-11-03T19:47:22.2887410Z get_useparameters: no module nlsnam info used by wrspc
2025-11-03T19:47:22.2887600Z 			Block: wrjac
2025-11-03T19:47:22.2887720Z 			Block: wrtrdg
2025-11-03T19:47:22.2887900Z In: :fortrancore:../src/fortran/io_preprocessing/writr.f90:wrtrdg
2025-11-03T19:47:22.2888180Z get_useparameters: no module tridag info used by wrtrdg
2025-11-03T19:47:22.2888400Z Applying post-processing hooks...
2025-11-03T19:47:22.2888590Z   character_backward_compatibility_hook
2025-11-03T19:47:22.2888780Z Post-processing (stage 2)...
2025-11-03T19:47:22.2888930Z 	Block: fortrancore
2025-11-03T19:47:22.2889060Z 		Block: unknown_interface
2025-11-03T19:47:22.2889200Z 			Block: eprprm
2025-11-03T19:47:22.2889320Z 				Block: prm_ptr_init
2025-11-03T19:47:22.2889460Z 			Block: lmcom
2025-11-03T19:47:22.2889570Z 				Block: lmcom_init
2025-11-03T19:47:22.2889700Z 			Block: parcom
2025-11-03T19:47:22.2889810Z 			Block: lpnam
2025-11-03T19:47:22.2889920Z 			Block: expdat
2025-11-03T19:47:22.2955660Z 			Block: iterat
2025-11-03T19:47:22.2955830Z 			Block: ipfind
2025-11-03T19:47:22.2955950Z 			Block: isfind
2025-11-03T19:47:22.2956060Z 			Block: fitl
2025-11-03T19:47:22.2956180Z 			Block: xpack
2025-11-03T19:47:22.2956300Z 			Block: wtdres
2025-11-03T19:47:22.2956430Z 			Block: single_point
2025-11-03T19:47:22.2956560Z 			Block: lfun
2025-11-03T19:47:22.2956670Z 			Block: hltchk
2025-11-03T19:47:22.2956810Z 			Block: stdio
2025-11-03T19:47:22.2956920Z 			Block: mspctr
2025-11-03T19:47:22.2957340Z 			Block: procline
2025-11-03T19:47:22.2957460Z 			Block: nlsl
2025-11-03T19:47:22.2957570Z 			Block: nlsinit
2025-11-03T19:47:22.2957680Z 			Block: setprm
2025-11-03T19:47:22.2957790Z 			Block: setipr
2025-11-03T19:47:22.2957900Z 			Block: spcpar
2025-11-03T19:47:22.2958010Z 			Block: ptype
2025-11-03T19:47:22.2958130Z 			Block: ixlim
2025-11-03T19:47:22.2958230Z 			Block: getprm
2025-11-03T19:47:22.2958340Z 			Block: setspc
2025-11-03T19:47:22.2958450Z 			Block: wrfun
2025-11-03T19:47:22.2958570Z 			Block: wrspc
2025-11-03T19:47:22.2958680Z 			Block: wrjac
2025-11-03T19:47:22.2958790Z 			Block: wrtrdg
2025-11-03T19:47:22.2958910Z Building modules...
2025-11-03T19:47:22.2959050Z     Building module "fortrancore"...
2025-11-03T19:47:22.2959250Z     Generating possibly empty wrappers"
2025-11-03T19:47:22.2959450Z     Maybe empty "fortrancore-f2pywrappers.f"
2025-11-03T19:47:22.2959930Z         Constructing wrapper function "procline"...
2025-11-03T19:47:22.2960130Z           procline(line)
2025-11-03T19:47:22.2960290Z     Generating possibly empty wrappers"
2025-11-03T19:47:22.2960490Z     Maybe empty "fortrancore-f2pywrappers.f"
2025-11-03T19:47:22.2960700Z         Constructing wrapper function "fitl"...
2025-11-03T19:47:22.2960880Z           fitl()
2025-11-03T19:47:22.2961010Z     Generating possibly empty wrappers"
2025-11-03T19:47:22.2961210Z     Maybe empty "fortrancore-f2pywrappers.f"
2025-11-03T19:47:22.2961410Z         Constructing wrapper function "wrspc"...
2025-11-03T19:47:22.2961580Z           wrspc()
2025-11-03T19:47:22.2961710Z     Generating possibly empty wrappers"
2025-11-03T19:47:22.2961910Z     Maybe empty "fortrancore-f2pywrappers.f"
2025-11-03T19:47:22.2962120Z         Constructing wrapper function "nlsinit"...
2025-11-03T19:47:22.2962300Z           nlsinit()
2025-11-03T19:47:22.2962430Z     Generating possibly empty wrappers"
2025-11-03T19:47:22.2962630Z     Maybe empty "fortrancore-f2pywrappers.f"
2025-11-03T19:47:22.2962850Z         Constructing wrapper function "single_point"...
2025-11-03T19:47:22.2963060Z           single_point(iflag)
2025-11-03T19:47:22.2963220Z     Generating possibly empty wrappers"
2025-11-03T19:47:22.2963410Z     Maybe empty "fortrancore-f2pywrappers.f"
2025-11-03T19:47:22.2963620Z         Constructing wrapper function "lfun"...
2025-11-03T19:47:22.2963820Z           lfun(m,n,x,fvec,fjac,ldfjac,iflag)
2025-11-03T19:47:22.2964010Z     Generating possibly empty wrappers"
2025-11-03T19:47:22.2964200Z     Maybe empty "fortrancore-f2pywrappers.f"
2025-11-03T19:47:22.2964400Z         Constructing wrapper function "xpack"...
2025-11-03T19:47:22.2964580Z           xpack(x,n)
2025-11-03T19:47:22.2964730Z     Generating possibly empty wrappers"
2025-11-03T19:47:22.2964920Z     Maybe empty "fortrancore-f2pywrappers.f"
2025-11-03T19:47:22.2965120Z         Constructing wrapper function "setspc"...
2025-11-03T19:47:22.2965310Z           setspc(isite,ise)
2025-11-03T19:47:22.2965470Z     Generating possibly empty wrappers"
2025-11-03T19:47:22.2965660Z     Maybe empty "fortrancore-f2pywrappers.f"
2025-11-03T19:47:22.2965910Z 		Creating wrapper for Fortran function "ipfind"("ipfind")...
2025-11-03T19:47:22.2966160Z         Constructing wrapper function "ipfind"...
2025-11-03T19:47:22.2966380Z           ipfind = ipfind(token,lth)
2025-11-03T19:47:22.2966560Z     Generating possibly empty wrappers"
2025-11-03T19:47:22.2966750Z     Maybe empty "fortrancore-f2pywrappers.f"
2025-11-03T19:47:22.2966960Z         Constructing wrapper function "setprm"...
2025-11-03T19:47:22.2967150Z           setprm(ixparm,ixsite,fval)
2025-11-03T19:47:22.2967330Z     Generating possibly empty wrappers"
2025-11-03T19:47:22.2967520Z     Maybe empty "fortrancore-f2pywrappers.f"
2025-11-03T19:47:22.2967730Z         Constructing wrapper function "setipr"...
2025-11-03T19:47:22.2967920Z           setipr(ixparm,ixsite,ival)
2025-11-03T19:47:22.2968250Z     Generating possibly empty wrappers"
2025-11-03T19:47:22.2969150Z     Maybe empty "fortrancore-f2pywrappers.f"
2025-11-03T19:47:22.2969570Z 		Creating wrapper for Fortran function "getprm"("getprm")...
2025-11-03T19:47:22.2969830Z         Constructing wrapper function "getprm"...
2025-11-03T19:47:22.2970040Z           getprm = getprm(ixparm,ixsite)
2025-11-03T19:47:22.2970230Z     Generating possibly empty wrappers"
2025-11-03T19:47:22.2970430Z     Maybe empty "fortrancore-f2pywrappers.f"
2025-11-03T19:47:22.2970640Z         Constructing wrapper function "sscale"...
2025-11-03T19:47:22.2970950Z           sscale(data,spct,wspct,ldspct,work,nsite,npt,ctol,noneg,iscal,sfac,resid)
2025-11-03T19:47:22.2971270Z 		Constructing F90 module support for "nlsdim"...
2025-11-03T19:47:22.2971480Z 			Skipping nlsdim since it is in 'use'...
2025-11-03T19:47:22.2971690Z 		Constructing F90 module support for "lmcom"...
2025-11-03T19:47:22.2972040Z 		  Variables: tcov gnvec gradf flmprm qtf lmflag ilmprm corr nprint fjac x fvec diag flmprm_name ilmprm_name
2025-11-03T19:47:22.2972470Z             Constructing wrapper function "lmcom.lmcom_init"...
2025-11-03T19:47:22.2972700Z               lmcom_init()
2025-11-03T19:47:22.2972870Z 		Constructing F90 module support for "parcom"...
2025-11-03T19:47:22.2973220Z 			Skipping parcom since it is in 'use'...
2025-11-03T19:47:22.2973430Z 		Constructing F90 module support for "expdat"...
2025-11-03T19:47:22.2973640Z 			Skipping expdat since it is in 'use'...
2025-11-03T19:47:22.2973840Z 		Constructing F90 module support for "iterat"...
2025-11-03T19:47:22.2974040Z 			Skipping iterat since it is in 'use'...
2025-11-03T19:47:22.2974250Z 		Constructing F90 module support for "stdio"...
2025-11-03T19:47:22.2974450Z 			Skipping stdio since it is in 'use'...
2025-11-03T19:47:22.2974650Z 		Constructing F90 module support for "eprprm"...
2025-11-03T19:47:22.2975020Z 		  Variables: fepr fepr_name iepr iepr_name iphase igib0 igib2 iin2 iipdf iist iml iwyy igyy iayy idy igamman ishiftr
2025-11-03T19:47:22.2975420Z             Constructing wrapper function "eprprm.prm_ptr_init"...
2025-11-03T19:47:22.2975660Z               prm_ptr_init()
2025-11-03T19:47:22.2975850Z 		Constructing F90 module support for "mspctr"...
2025-11-03T19:47:22.2976070Z 			Skipping mspctr since it is in 'use'...
2025-11-03T19:47:22.2976320Z     Wrote C/API module "fortrancore" to file "./fortrancoremodule.c"
2025-11-03T19:47:22.2976630Z     Fortran 77 wrappers are saved to "./fortrancore-f2pywrappers.f"
2025-11-03T19:47:22.2976940Z     Fortran 90 wrappers are saved to "./fortrancore-f2pywrappers2.f90"
2025-11-03T19:47:22.2977190Z     Building module "fortrancore"...
2025-11-03T19:47:22.2977370Z     Generating possibly empty wrappers"
2025-11-03T19:47:22.2977570Z     Maybe empty "fortrancore-f2pywrappers.f"
2025-11-03T19:47:22.2977810Z 		Creating wrapper for Fortran function "ipfind"("ipfind")...
2025-11-03T19:47:22.2978060Z         Constructing wrapper function "ipfind"...
2025-11-03T19:47:22.2978250Z           ipfind = ipfind(token,lth)
2025-11-03T19:47:22.2978430Z     Generating possibly empty wrappers"
2025-11-03T19:47:22.2978630Z     Maybe empty "fortrancore-f2pywrappers.f"
2025-11-03T19:47:22.2978880Z 		Creating wrapper for Fortran function "isfind"("isfind")...
2025-11-03T19:47:22.2979120Z         Constructing wrapper function "isfind"...
2025-11-03T19:47:22.2979320Z           isfind = isfind(token,lth)
2025-11-03T19:47:22.2979490Z     Generating possibly empty wrappers"
2025-11-03T19:47:22.2979690Z     Maybe empty "fortrancore-f2pywrappers.f"
2025-11-03T19:47:22.2979890Z         Constructing wrapper function "fitl"...
2025-11-03T19:47:22.2980510Z           fitl()
2025-11-03T19:47:22.2980670Z     Generating possibly empty wrappers"
2025-11-03T19:47:22.2980890Z     Maybe empty "fortrancore-f2pywrappers.f"
2025-11-03T19:47:22.2981100Z         Constructing wrapper function "xpack"...
2025-11-03T19:47:22.2981290Z           xpack(x,[n])
2025-11-03T19:47:22.2981450Z     Generating possibly empty wrappers"
2025-11-03T19:47:22.2981650Z     Maybe empty "fortrancore-f2pywrappers.f"
2025-11-03T19:47:22.2981900Z 		Creating wrapper for Fortran function "wtdres"("wtdres")...
2025-11-03T19:47:22.2982300Z         Constructing wrapper function "wtdres"...
2025-11-03T19:47:22.2982540Z           wtdres = wtdres(fvec,ixsp,npts,rmsn,[m,nspc])
2025-11-03T19:47:22.2982750Z     Generating possibly empty wrappers"
2025-11-03T19:47:22.2982950Z     Maybe empty "fortrancore-f2pywrappers.f"
2025-11-03T19:47:22.2983170Z         Constructing wrapper function "single_point"...
2025-11-03T19:47:22.2983370Z           single_point(iflag)
2025-11-03T19:47:22.2983540Z     Generating possibly empty wrappers"
2025-11-03T19:47:22.2983740Z     Maybe empty "fortrancore-f2pywrappers.f"
2025-11-03T19:47:22.2983950Z         Constructing wrapper function "lfun"...
2025-11-03T19:47:22.2984150Z           lfun(x,fvec,fjac,iflag,[m,n,ldfjac])
2025-11-03T19:47:22.2984350Z     Generating possibly empty wrappers"
2025-11-03T19:47:22.2984540Z     Maybe empty "fortrancore-f2pywrappers.f"
2025-11-03T19:47:22.2984840Z 		Creating wrapper for Fortran function "hltchk"("hltchk")...
2025-11-03T19:47:22.2985090Z         Constructing wrapper function "hltchk"...
2025-11-03T19:47:22.2985310Z           hltchk = hltchk(ierr,isite,ispec,iflag)
2025-11-03T19:47:22.2985510Z     Generating possibly empty wrappers"
2025-11-03T19:47:22.2985710Z     Maybe empty "fortrancore-f2pywrappers.f"
2025-11-03T19:47:22.2985920Z         Constructing wrapper function "procline"...
2025-11-03T19:47:22.2986110Z           procline(line)
2025-11-03T19:47:22.2986260Z     Generating possibly empty wrappers"
2025-11-03T19:47:22.2986480Z     Maybe empty "fortrancore-f2pywrappers.f"
2025-11-03T19:47:22.2986700Z         Constructing wrapper function "nlsinit"...
2025-11-03T19:47:22.2986890Z           nlsinit()
2025-11-03T19:47:22.2987030Z     Generating possibly empty wrappers"
2025-11-03T19:47:22.2987250Z     Maybe empty "fortrancore-f2pywrappers.f"
2025-11-03T19:47:22.2987470Z         Constructing wrapper function "setprm"...
2025-11-03T19:47:22.2987680Z           setprm(ixparm,ixsite,fval)
2025-11-03T19:47:22.2987870Z     Generating possibly empty wrappers"
2025-11-03T19:47:22.2988140Z     Maybe empty "fortrancore-f2pywrappers.f"
2025-11-03T19:47:22.2994180Z         Constructing wrapper function "setipr"...
2025-11-03T19:47:22.2994410Z           setipr(ixparm,ixsite,ival)
2025-11-03T19:47:22.2994600Z     Generating possibly empty wrappers"
2025-11-03T19:47:22.2994790Z     Maybe empty "fortrancore-f2pywrappers.f"
2025-11-03T19:47:22.2995030Z 		Creating wrapper for Fortran function "spcpar"("spcpar")...
2025-11-03T19:47:22.2995280Z         Constructing wrapper function "spcpar"...
2025-11-03T19:47:22.2995470Z           spcpar = spcpar(ix)
2025-11-03T19:47:22.2995640Z     Generating possibly empty wrappers"
2025-11-03T19:47:22.3001950Z     Maybe empty "fortrancore-f2pywrappers.f"
2025-11-03T19:47:22.3003070Z 		Creating wrapper for Fortran function "ptype"("ptype")...
2025-11-03T19:47:22.3027080Z         Constructing wrapper function "ptype"...
2025-11-03T19:47:22.3027300Z           ptype = ptype(ix)
2025-11-03T19:47:22.3027500Z     Generating possibly empty wrappers"
2025-11-03T19:47:22.3027720Z     Maybe empty "fortrancore-f2pywrappers.f"
2025-11-03T19:47:22.3027970Z 		Creating wrapper for Fortran function "ixlim"("ixlim")...
2025-11-03T19:47:22.3028210Z         Constructing wrapper function "ixlim"...
2025-11-03T19:47:22.3028400Z           ixlim = ixlim(ix)
2025-11-03T19:47:22.3028560Z     Generating possibly empty wrappers"
2025-11-03T19:47:22.3028750Z     Maybe empty "fortrancore-f2pywrappers.f"
2025-11-03T19:47:22.3029000Z 		Creating wrapper for Fortran function "getprm"("getprm")...
2025-11-03T19:47:22.3029250Z         Constructing wrapper function "getprm"...
2025-11-03T19:47:22.3029450Z           getprm = getprm(ixparm,ixsite)
2025-11-03T19:47:22.3029640Z     Generating possibly empty wrappers"
2025-11-03T19:47:22.3029830Z     Maybe empty "fortrancore-f2pywrappers.f"
2025-11-03T19:47:22.3052390Z         Constructing wrapper function "setspc"...
2025-11-03T19:47:22.3052620Z           setspc(isite,ise)
2025-11-03T19:47:22.3052840Z     Generating possibly empty wrappers"
2025-11-03T19:47:22.3053390Z     Maybe empty "fortrancore-f2pywrappers.f"
2025-11-03T19:47:22.3053610Z         Constructing wrapper function "wrfun"...
2025-11-03T19:47:22.3053790Z           wrfun(iter)
2025-11-03T19:47:22.3053940Z     Generating possibly empty wrappers"
2025-11-03T19:47:22.3055210Z     Maybe empty "fortrancore-f2pywrappers.f"
2025-11-03T19:47:22.3055420Z         Constructing wrapper function "wrspc"...
2025-11-03T19:47:22.3055600Z           wrspc()
2025-11-03T19:47:22.3055730Z     Generating possibly empty wrappers"
2025-11-03T19:47:22.3055940Z     Maybe empty "fortrancore-f2pywrappers.f"
2025-11-03T19:47:22.3056140Z         Constructing wrapper function "wrjac"...
2025-11-03T19:47:22.3056320Z           wrjac(iter)
2025-11-03T19:47:22.3056470Z     Generating possibly empty wrappers"
2025-11-03T19:47:22.3056660Z     Maybe empty "fortrancore-f2pywrappers.f"
2025-11-03T19:47:22.3056990Z         Constructing wrapper function "wrtrdg"...
2025-11-03T19:47:22.3057190Z           wrtrdg(iter)
2025-11-03T19:47:22.3057360Z 		Constructing F90 module support for "eprprm"...
2025-11-03T19:47:22.3057800Z 		  Variables: fepr fepr_name iepr iepr_name phase gib0 gib2 in2 ipdf ist iphase igib0 igib2 iin2 iipdf iist iml iwyy igyy iayy idy igamman ishiftr
2025-11-03T19:47:22.3058250Z             Constructing wrapper function "eprprm.prm_ptr_init"...
2025-11-03T19:47:22.3058470Z               prm_ptr_init()
2025-11-03T19:47:22.3058650Z 		Constructing F90 module support for "lmcom"...
2025-11-03T19:47:22.3059070Z 		  Variables: fvec ipvt nprint lmflag flmprm ftol gtol xtol factor ilmprm maxev maxitr mode info flmprm_name ilmprm_name
2025-11-03T19:47:22.3059520Z             Constructing wrapper function "lmcom.lmcom_init"...
2025-11-03T19:47:22.3059760Z               lmcom_init()
2025-11-03T19:47:22.3059940Z 		Constructing F90 module support for "parcom"...
2025-11-03T19:47:22.3060170Z 			Skipping parcom since it is in 'use'...
2025-11-03T19:47:22.3060430Z 		Constructing F90 module support for "lpnam"...
2025-11-03T19:47:22.3060660Z 			Skipping lpnam since it is in 'use'...
2025-11-03T19:47:22.3060890Z 		Constructing F90 module support for "expdat"...
2025-11-03T19:47:22.3061710Z 			Skipping expdat since it is in 'use'...
2025-11-03T19:47:22.3062200Z 		Constructing F90 module support for "iterat"...
2025-11-03T19:47:22.3063350Z 			Skipping iterat since it is in 'use'...
2025-11-03T19:47:22.3064240Z 		Constructing F90 module support for "stdio"...
2025-11-03T19:47:22.3064510Z 			Skipping stdio since it is in 'use'...
2025-11-03T19:47:22.3064800Z 		Constructing F90 module support for "mspctr"...
2025-11-03T19:47:22.3066610Z 			Skipping mspctr since it is in 'use'...
2025-11-03T19:47:22.3067570Z     Wrote C/API module "fortrancore" to file "./fortrancoremodule.c"
2025-11-03T19:47:22.3068180Z     Fortran 77 wrappers are saved to "./fortrancore-f2pywrappers.f"
2025-11-03T19:47:22.3068990Z     Fortran 90 wrappers are saved to "./fortrancore-f2pywrappers2.f90"
2025-11-03T19:47:22.3069480Z [33/126] Compiling Fortran object libnlsl_fixed.a.p/src_fortran_matrix_model_basis.f90.o
2025-11-03T19:47:22.3070780Z [34/126] Compiling Fortran object libnlsl_fixed.a.p/src_fortran_least_squares_sscale.f90.o
2025-11-03T19:47:22.3071280Z [35/126] Compiling Fortran object libnlsl_fixed.a.p/src_fortran_krylov_solvers_eprmat.f90.o
2025-11-03T19:47:22.3116020Z [36/126] Compiling Fortran object libnlsl_fixed.a.p/src_fortran_least_squares_sshift.f90.o
2025-11-03T19:47:22.3217070Z ../src/fortran/least_squares/sshift.f90:55:17:
2025-11-03T19:47:22.3317920Z 
2025-11-03T19:47:22.3419140Z    55 |       integer i,info,irng,isi,ixmx,ixw1,ixw2,ixw3,j,jtmp,k,mneg,
2025-11-03T19:47:22.3452620Z       |                 1~~~
2025-11-03T19:47:22.3457330Z Warning: Unused variable 'info' declared at (1) [-Wunused-variable]
2025-11-03T19:47:22.3461450Z ../src/fortran/least_squares/sshift.f90:60:44:
2025-11-03T19:47:22.3482050Z 
2025-11-03T19:47:22.3502550Z    60 |       double precision amat(MXSITE,MXSITE),qraux(MXSITE),
2025-11-03T19:47:22.3616030Z       |                                            1~~~~~~~~~~~~
2025-11-03T19:47:22.3688820Z Warning: Unused variable 'qraux' declared at (1) [-Wunused-variable]
2025-11-03T19:47:22.3789930Z [37/126] Compiling Fortran object libnlsl_fixed.a.p/src_fortran_krylov_solvers_tridag.f90.o
2025-11-03T19:47:22.3892170Z [38/126] Compiling Fortran object libnlsl_fixed.a.p/src_fortran_core_expdat.f90.o
2025-11-03T19:47:22.4001750Z [39/126] Scanning target nlsl_wrapper for modules
2025-11-03T19:47:22.4102760Z [40/126] Compiling Fortran object libnlsl_fixed.a.p/src_fortran_core_lmcom.f90.o
2025-11-03T19:47:22.4203670Z [41/126] Compiling Fortran object libnlsl_fixed.a.p/src_fortran_core_lpnam.f90.o
2025-11-03T19:47:22.4527490Z [42/126] Generating dynamic dependency information for target nlsl_wrapper
2025-11-03T19:47:22.5048210Z [43/126] Compiling Fortran object libnlsl_fixed.a.p/src_fortran_core_mspctr.f90.o
2025-11-03T19:47:22.5254030Z [44/126] Compiling Fortran object libnlsl_fixed.a.p/src_fortran_matrix_model_tdsqz.f90.o
2025-11-03T19:47:22.5825690Z [45/126] Compiling Fortran object libnlsl_fixed.a.p/src_fortran_core_nlsnam.f90.o
2025-11-03T19:47:22.6228710Z [46/126] Compiling Fortran object libnlsl_fixed.a.p/src_fortran_core_parcom.f90.o
2025-11-03T19:47:22.6642540Z [47/126] Compiling Fortran object libnlsl_fixed.a.p/src_fortran_core_parsav.f90.o
2025-11-03T19:47:22.7760850Z [48/126] Compiling Fortran object libnlsl_fixed.a.p/src_fortran_io_preprocessing_setnm.f90.o
2025-11-03T19:47:22.7808870Z ../src/fortran/io_preprocessing/setnm.f90:30:19:
2025-11-03T19:47:22.7876900Z 
2025-11-03T19:47:22.7977760Z    30 |       character*1 chr
2025-11-03T19:47:22.7978000Z       |                   1~~
2025-11-03T19:47:22.8097180Z Warning: Unused variable 'chr' declared at (1) [-Wunused-variable]
2025-11-03T19:47:22.8097520Z ../src/fortran/io_preprocessing/setnm.f90:75:19:
2025-11-03T19:47:22.8097690Z 
2025-11-03T19:47:22.8097750Z    75 |       character*1 chr
2025-11-03T19:47:22.8097940Z       |                   1~~
2025-11-03T19:47:22.8098170Z Warning: Unused variable 'chr' declared at (1) [-Wunused-variable]
2025-11-03T19:47:22.8098600Z [49/126] Compiling Fortran object libnlsl_fixed.a.p/src_fortran_cli_fitc.f90.o
2025-11-03T19:47:22.8513500Z [50/126] Compiling Fortran object libnlsl_fixed.a.p/src_fortran_cli_scalec.f90.o
2025-11-03T19:47:22.8616870Z ../src/fortran/cli/scalec.f90:44:33:
2025-11-03T19:47:22.8718000Z 
2025-11-03T19:47:22.8818860Z    44 |       integer i,iact,iflag,ival,ixsm,jx,jx1,jx2,lth
2025-11-03T19:47:22.8920010Z       |                                 1~~~
2025-11-03T19:47:22.9021040Z Warning: Unused variable 'ixsm' declared at (1) [-Wunused-variable]
2025-11-03T19:47:22.9122120Z ../src/fortran/cli/scalec.f90:167:28:
2025-11-03T19:47:22.9124320Z 
2025-11-03T19:47:22.9125270Z   167 |       if (iact.eq.IAUTO .or. iact.eq.IADJST) then
2025-11-03T19:47:22.9126050Z       |                            ^
2025-11-03T19:47:22.9136420Z Warning: 'iact' may be used uninitialized [-Wmaybe-uninitialized]
2025-11-03T19:47:22.9136710Z ../src/fortran/cli/scalec.f90:44:17:
2025-11-03T19:47:22.9136870Z 
2025-11-03T19:47:22.9136980Z    44 |       integer i,iact,iflag,ival,ixsm,jx,jx1,jx2,lth
2025-11-03T19:47:22.9137190Z       |                 ^~~~
2025-11-03T19:47:22.9137340Z note: 'iact' was declared here
2025-11-03T19:47:22.9138110Z [51/126] Compiling Fortran object libnlsl_fixed.a.p/src_fortran_io_preprocessing_getdat.f90.o
2025-11-03T19:47:22.9749010Z [52/126] Compiling Fortran object libnlsl_fixed.a.p/src_fortran_matrix_model_l1pfun.f90.o
2025-11-03T19:47:22.9863450Z [53/126] Compiling Fortran object libnlsl_fixed.a.p/src_fortran_cli_sitec.f90.o
2025-11-03T19:47:23.0395430Z [54/126] Compiling Fortran object libnlsl_fixed.a.p/src_fortran_least_squares_stats.f90.o
2025-11-03T19:47:23.0497220Z ../src/fortran/least_squares/stats.f90:301:6:
2025-11-03T19:47:23.0598170Z 
2025-11-03T19:47:23.0742840Z   301 |       function ts( al, nu )
2025-11-03T19:47:23.0843830Z       |      ^
2025-11-03T19:47:23.0944700Z Warning: '__result_ts' may be used uninitialized [-Wmaybe-uninitialized]
2025-11-03T19:47:23.1045820Z ../src/fortran/least_squares/stats.f90:326:6:
2025-11-03T19:47:23.1146500Z 
2025-11-03T19:47:23.1247690Z   326 |       function fs( al, nu1, nu2 )
2025-11-03T19:47:23.1331260Z       |      ^
2025-11-03T19:47:23.1432120Z Warning: '__result_fs' may be used uninitialized [-Wmaybe-uninitialized]
2025-11-03T19:47:23.1633840Z [55/126] Compiling Fortran object libnlsl_fixed.a.p/src_fortran_cli_shiftc.f90.o
2025-11-03T19:47:23.1740630Z [56/126] Compiling Fortran object libnlsl_fixed.a.p/src_fortran_core_pidef.f90.o
2025-11-03T19:47:23.1852860Z [57/126] Compiling Fortran object libnlsl_fixed.a.p/src_fortran_core_rnddbl.f90.o
2025-11-03T19:47:23.2054250Z [58/126] Compiling Fortran object libnlsl_fixed.a.p/src_fortran_io_preprocessing_writec.f90.o
2025-11-03T19:47:23.2828020Z [59/126] Compiling Fortran object libnlsl_fixed.a.p/src_fortran_core_timer.f90.o
2025-11-03T19:47:23.3133050Z [60/126] Compiling Fortran object libnlsl_fixed.a.p/src_fortran_krylov_solvers_eprprm.f90.o
2025-11-03T19:47:23.3234990Z f951: Warning: Nonconforming tab character in column 1 of line 266 [-Wtabs]
2025-11-03T19:47:23.3516130Z [61/126] Compiling Fortran object libnlsl_fixed.a.p/src_fortran_cli_ordrpr.f90.o
2025-11-03T19:47:23.4061950Z [62/126] Compiling Fortran object libnlsl_fixed.a.p/src_fortran_cli_datac.f90.o
2025-11-03T19:47:23.4163210Z ../src/fortran/cli/datac.f90:46:51:
2025-11-03T19:47:23.4264090Z 
2025-11-03T19:47:23.4371800Z    46 |       integer i,iret,ispc,ival,ix,ixs,j,lth,ncmts,normlz
2025-11-03T19:47:23.4473190Z       |                                                   1~~~~~
2025-11-03T19:47:23.4595530Z Warning: Unused variable 'normlz' declared at (1) [-Wunused-variable]
2025-11-03T19:47:23.4598860Z [63/126] Compiling Fortran object libnlsl_fixed.a.p/src_fortran_least_squares_caldlm.f90.o
2025-11-03T19:47:23.5295510Z [64/126] Compiling Fortran object libnlsl_fixed.a.p/src_fortran_cli_assgnc.f90.o
2025-11-03T19:47:23.5398740Z ../src/fortran/cli/assgnc.f90:28:15:
2025-11-03T19:47:23.5405240Z 
2025-11-03T19:47:23.5429790Z    28 |       integer i,ibn,isi,isp,ival,ixsi1,ixsi2,ixsm,ixsp1,ixsp2,
2025-11-03T19:47:23.5501140Z       |               1
2025-11-03T19:47:23.5616920Z Warning: Unused variable 'i' declared at (1) [-Wunused-variable]
2025-11-03T19:47:23.5717840Z ../src/fortran/cli/assgnc.f90:28:29:
2025-11-03T19:47:23.5818490Z 
2025-11-03T19:47:23.5919420Z    28 |       integer i,ibn,isi,isp,ival,ixsi1,ixsi2,ixsm,ixsp1,ixsp2,
2025-11-03T19:47:23.6020380Z       |                             1~~~
2025-11-03T19:47:23.6121310Z Warning: Unused variable 'ival' declared at (1) [-Wunused-variable]
2025-11-03T19:47:23.6222330Z [65/126] Compiling Fortran object libnlsl_fixed.a.p/src_fortran_io_preprocessing_writr.f90.o
2025-11-03T19:47:23.6323310Z [66/126] Compiling Fortran object libnlsl_fixed.a.p/src_fortran_cli_addprm.f90.o
2025-11-03T19:47:23.6424260Z [67/126] Compiling Fortran object libnlsl_fixed.a.p/src_fortran_cli_fixc.f90.o
2025-11-03T19:47:23.6525260Z [68/126] Compiling Fortran object libnlsl_fixed.a.p/src_fortran_cli_convtc.f90.o
2025-11-03T19:47:23.6554100Z ../src/fortran/cli/convtc.f90:36:36:
2025-11-03T19:47:23.6554340Z 
2025-11-03T19:47:23.6554510Z    36 |       character line*80, token*30, ident*9, varstr*9, tnstr*9
2025-11-03T19:47:23.6555520Z       |                                    1~~~~
2025-11-03T19:47:23.6555800Z Warning: Unused variable 'ident' declared at (1) [-Wunused-variable]
2025-11-03T19:47:23.6556160Z ../src/fortran/cli/convtc.f90:37:60:
2025-11-03T19:47:23.6559130Z 
2025-11-03T19:47:23.6659890Z    37 |       integer i,iflg,ix,ixa,ixf,ixten,ix2,j,jx,jx1,jx2,lth,k
2025-11-03T19:47:23.6660190Z       |                                                            1
2025-11-03T19:47:23.6660450Z Warning: Unused variable 'k' declared at (1) [-Wunused-variable]
2025-11-03T19:47:23.7558780Z [69/126] Compiling Fortran object libnlsl_fixed.a.p/src_fortran_cli_rmvprm.f90.o
2025-11-03T19:47:23.7698140Z ../src/fortran/cli/rmvprm.f90:49:21:
2025-11-03T19:47:23.7698340Z 
2025-11-03T19:47:23.7799630Z    49 |          tmptag=ident
2025-11-03T19:47:23.7900360Z       |                     1
2025-11-03T19:47:23.8001150Z Warning: CHARACTER expression will be truncated in assignment (9/30) at (1) [-Wcharacter-truncation]
2025-11-03T19:47:23.8119630Z [70/126] Compiling Fortran object libnlsl_fixed.a.p/src_fortran_cli_series.f90.o
2025-11-03T19:47:23.8220720Z [71/126] Compiling Fortran object libnlsl_fixed.a.p/src_fortran_cli_letc.f90.o
2025-11-03T19:47:23.8321680Z ../src/fortran/cli/letc.f90:32:32:
2025-11-03T19:47:23.8422580Z 
2025-11-03T19:47:23.8523370Z    32 |       integer i,ileft,irt,ival,ixf,ixr,ixr2,ixs,ixt,ixxa,
2025-11-03T19:47:23.8625830Z       |                                1~~
2025-11-03T19:47:23.8726890Z Warning: Unused variable 'ixf' declared at (1) [-Wunused-variable]
2025-11-03T19:47:23.8828090Z ../src/fortran/cli/letc.f90:32:49:
2025-11-03T19:47:23.8928620Z 
2025-11-03T19:47:23.9029810Z    32 |       integer i,ileft,irt,ival,ixf,ixr,ixr2,ixs,ixt,ixxa,
2025-11-03T19:47:23.9130750Z       |                                                 1~~
2025-11-03T19:47:23.9149120Z Warning: Unused variable 'ixt' declared at (1) [-Wunused-variable]
2025-11-03T19:47:24.0042900Z [72/126] Compiling Fortran object libnlsl_fixed.a.p/src_fortran_cli_setprm.f90.o
2025-11-03T19:47:24.0144480Z [73/126] Compiling Fortran object libnlsl_fixed.a.p/src_fortran_cli_srchc.f90.o
2025-11-03T19:47:24.0247300Z [74/126] Compiling Fortran object libnlsl_fixed.a.p/src_fortran_cli_nlsl.f90.o
2025-11-03T19:47:24.0451240Z [75/126] Compiling Fortran object libnlsl_fixed.a.p/src_fortran_cli_parc.f90.o
2025-11-03T19:47:24.1877620Z [76/126] Compiling Fortran object libnlsl_fixed.a.p/src_fortran_cli_varyc.f90.o
2025-11-03T19:47:24.2480360Z [77/126] Compiling Fortran object libnlsl_fixed.a.p/src_fortran_least_squares_covrpt.f90.o
2025-11-03T19:47:24.2788800Z [78/126] Compiling Fortran object libnlsl_fixed.a.p/src_fortran_cli_statc.f90.o
2025-11-03T19:47:24.2990860Z [79/126] Compiling Fortran object libnlsl_fixed.a.p/src_fortran_least_squares_fitl.f90.o
2025-11-03T19:47:24.3091790Z ../src/fortran/least_squares/fitl.f90:208:5:
2025-11-03T19:47:24.3192690Z 
2025-11-03T19:47:24.3293600Z   208 |  2038 format(10x,'No data files were specified')
2025-11-03T19:47:24.3394480Z       |     1
2025-11-03T19:47:24.3495370Z Warning: Label 2038 at (1) defined but not used [-Wunused-label]
2025-11-03T19:47:24.3595730Z ../src/fortran/least_squares/fitl.f90:36:17:
2025-11-03T19:47:24.3696580Z 
2025-11-03T19:47:24.3798880Z    36 |       integer i,ifile,iflag,iret,ix,nfev,njev
2025-11-03T19:47:24.3900800Z       |                 1~~~~
2025-11-03T19:47:24.4001120Z Warning: Unused variable 'ifile' declared at (1) [-Wunused-variable]
2025-11-03T19:47:24.4103280Z ../src/fortran/least_squares/fitl.f90:36:29:
2025-11-03T19:47:24.4203730Z 
2025-11-03T19:47:24.4296010Z    36 |       integer i,ifile,iflag,iret,ix,nfev,njev
2025-11-03T19:47:24.4296690Z       |                             1~~~
2025-11-03T19:47:24.4297150Z Warning: Unused variable 'iret' declared at (1) [-Wunused-variable]
2025-11-03T19:47:24.4297580Z ../src/fortran/least_squares/fitl.f90:36:34:
2025-11-03T19:47:24.4297860Z 
2025-11-03T19:47:24.4298060Z    36 |       integer i,ifile,iflag,iret,ix,nfev,njev
2025-11-03T19:47:24.4298420Z       |                                  1~
2025-11-03T19:47:24.4298810Z Warning: Unused variable 'ix' declared at (1) [-Wunused-variable]
2025-11-03T19:47:24.4669370Z [80/126] Compiling Fortran object libnlsl_fixed.a.p/src_fortran_matrix_model_bessel.f90.o
2025-11-03T19:47:24.4876670Z [81/126] Compiling Fortran object libnlsl_fixed.a.p/src_fortran_least_squares_lmpar.f90.o
2025-11-03T19:47:24.5286220Z [82/126] Compiling Fortran object libnlsl_fixed.a.p/src_fortran_matrix_model_anxlk.f90.o
2025-11-03T19:47:24.5497860Z [83/126] Compiling Fortran object libnlsl_fixed.a.p/src_fortran_matrix_model_basisc.f90.o
2025-11-03T19:47:24.5600690Z ../src/fortran/matrix_model/basisc.f90:30:30:
2025-11-03T19:47:24.5700620Z 
2025-11-03T19:47:24.5802360Z    30 |       integer i,ierr,isi,isp,ival,ixsp1,ixsp2,ixsi1,ixsi2,ixss(2),
2025-11-03T19:47:24.5903100Z       |                              1~~~
2025-11-03T19:47:24.6038570Z Warning: Unused variable 'ival' declared at (1) [-Wunused-variable]
2025-11-03T19:47:24.6039350Z ../src/fortran/matrix_model/basisc.f90:157:26:
2025-11-03T19:47:24.6140180Z 
2025-11-03T19:47:24.6241180Z   157 |       character token*30,ixname*30
2025-11-03T19:47:24.6349650Z       |                          1~~~~~
2025-11-03T19:47:24.6454660Z Warning: Unused variable 'ixname' declared at (1) [-Wunused-variable]
2025-11-03T19:47:24.7483080Z [84/126] Compiling Fortran object libnlsl_fixed.a.p/src_fortran_matrix_model_cd2km.f90.o
2025-11-03T19:47:24.8442510Z [85/126] Compiling Fortran object libnlsl_fixed.a.p/src_fortran_least_squares_lmnls.f90.o
2025-11-03T19:47:24.8542960Z ../src/fortran/least_squares/lmnls.f90:222:47:
2025-11-03T19:47:24.8644250Z 
2025-11-03T19:47:24.8754670Z   222 |      *                 pnorm,prered,ratio,sum,temp,temp1,temp2,xnorm
2025-11-03T19:47:24.8854690Z       |                                               ^~~~
2025-11-03T19:47:24.8957640Z Warning: 'temp' may be used uninitialized [-Wmaybe-uninitialized]
2025-11-03T19:47:24.9079790Z [86/126] Compiling Fortran object libnlsl_fixed.a.p/src_fortran_matrix_model_lbasix.f90.o
2025-11-03T19:47:25.0599040Z [87/126] Compiling Fortran object libnlsl_fixed.a.p/src_fortran_matrix_model_momdls.f90.o
2025-11-03T19:47:25.1001600Z [88/126] Compiling Fortran object libnlsl_fixed.a.p/src_fortran_matrix_model_setmts.f90.o
2025-11-03T19:47:25.1894660Z [89/126] Compiling Fortran object libnlsl_fixed.a.p/src_fortran_matrix_model_lcheck.f90.o
2025-11-03T19:47:25.3029780Z [90/126] Compiling Fortran object libnlsl_fixed.a.p/src_fortran_matrix_model_tdchek.f90.o
2025-11-03T19:47:25.3636480Z [91/126] Compiling Fortran object libnlsl_fixed.a.p/src_fortran_krylov_solvers_cgltri.f90.o
2025-11-03T19:47:25.3837180Z [92/126] Compiling Fortran object libnlsl_fixed.a.p/src_fortran_matrix_model_tensym.f90.o
2025-11-03T19:47:25.3939700Z ../src/fortran/matrix_model/tensym.f90:100:15:
2025-11-03T19:47:25.4041160Z 
2025-11-03T19:47:25.4141710Z   100 |       integer x,y,z,iflg
2025-11-03T19:47:25.4242760Z       |               1
2025-11-03T19:47:25.4250890Z Warning: Unused variable 'x' declared at (1) [-Wunused-variable]
2025-11-03T19:47:25.4252020Z ../src/fortran/matrix_model/tensym.f90:100:17:
2025-11-03T19:47:25.4252280Z 
2025-11-03T19:47:25.4252440Z   100 |       integer x,y,z,iflg
2025-11-03T19:47:25.4252710Z       |                 1
2025-11-03T19:47:25.4253030Z Warning: Unused variable 'y' declared at (1) [-Wunused-variable]
2025-11-03T19:47:25.4253390Z ../src/fortran/matrix_model/tensym.f90:100:19:
2025-11-03T19:47:25.4253630Z 
2025-11-03T19:47:25.4253780Z   100 |       integer x,y,z,iflg
2025-11-03T19:47:25.4254030Z       |                   1
2025-11-03T19:47:25.4254360Z Warning: Unused variable 'z' declared at (1) [-Wunused-variable]
2025-11-03T19:47:25.4254780Z ../src/fortran/matrix_model/tensym.f90:88:18:
2025-11-03T19:47:25.4255040Z 
2025-11-03T19:47:25.4255180Z    88 |       t(3)=(tx-ty)
2025-11-03T19:47:25.4255420Z       |                  ^
2025-11-03T19:47:25.4255740Z Warning: 'tx' may be used uninitialized [-Wmaybe-uninitialized]
2025-11-03T19:47:25.4256090Z ../src/fortran/matrix_model/tensym.f90:71:39:
2025-11-03T19:47:25.4256330Z 
2025-11-03T19:47:25.4256610Z    71 |       double precision TWO,THREE,t(3),tx,ty,tz
2025-11-03T19:47:25.4256840Z       |                                       ^~
2025-11-03T19:47:25.4257020Z note: 'tx' was declared here
2025-11-03T19:47:25.4257210Z ../src/fortran/matrix_model/tensym.f90:88:18:
2025-11-03T19:47:25.4257350Z 
2025-11-03T19:47:25.4257420Z    88 |       t(3)=(tx-ty)
2025-11-03T19:47:25.4257560Z       |                  ^
2025-11-03T19:47:25.4257770Z Warning: 'ty' may be used uninitialized [-Wmaybe-uninitialized]
2025-11-03T19:47:25.4258020Z ../src/fortran/matrix_model/tensym.f90:71:42:
2025-11-03T19:47:25.4258160Z 
2025-11-03T19:47:25.4258250Z    71 |       double precision TWO,THREE,t(3),tx,ty,tz
2025-11-03T19:47:25.4259040Z       |                                          ^~
2025-11-03T19:47:25.4259220Z note: 'ty' was declared here
2025-11-03T19:47:25.4259400Z ../src/fortran/matrix_model/tensym.f90:87:25:
2025-11-03T19:47:25.4259540Z 
2025-11-03T19:47:25.4259630Z    87 |       t(2)=tz-(tx+ty)/TWO
2025-11-03T19:47:25.4259790Z       |                         ^
2025-11-03T19:47:25.4260050Z Warning: 'tz' may be used uninitialized [-Wmaybe-uninitialized]
2025-11-03T19:47:25.4260300Z ../src/fortran/matrix_model/tensym.f90:71:45:
2025-11-03T19:47:25.4260440Z 
2025-11-03T19:47:25.4260510Z    71 |       double precision TWO,THREE,t(3),tx,ty,tz
2025-11-03T19:47:25.4260760Z       |                                             ^~
2025-11-03T19:47:25.4260940Z note: 'tz' was declared here
2025-11-03T19:47:25.4675350Z [93/126] Compiling Fortran object libnlsl_fixed.a.p/src_fortran_krylov_solvers_cscg.f90.o
2025-11-03T19:47:25.5180610Z [94/126] Compiling Fortran object libnlsl_fixed.a.p/src_fortran_krylov_solvers_fz.f90.o
2025-11-03T19:47:25.5687110Z [95/126] Compiling Fortran object libnlsl_fixed.a.p/src_fortran_krylov_solvers_pstvec.f90.o
2025-11-03T19:47:25.6500830Z [96/126] Compiling Fortran object libnlsl_fixed.a.p/src_fortran_krylov_solvers_scmvm.f90.o
2025-11-03T19:47:25.7410970Z [97/126] Compiling Fortran object libnlsl_fixed.a.p/src_fortran_io_preprocessing_setspc.f90.o
2025-11-03T19:47:25.7649930Z [98/126] Compiling Fortran object libnlsl_fixed.a.p/src_fortran_krylov_solvers_stvect.f90.o
2025-11-03T19:47:25.7751490Z ../src/fortran/krylov_solvers/stvect.f90:43:15:
2025-11-03T19:47:25.7856110Z 
2025-11-03T19:47:25.8124380Z    43 |       logical evenk,fmpi0
2025-11-03T19:47:25.8225380Z       |               1~~~~
2025-11-03T19:47:25.8326490Z Warning: Unused variable 'evenk' declared at (1) [-Wunused-variable]
2025-11-03T19:47:25.8439060Z ../src/fortran/krylov_solvers/stvect.f90:43:21:
2025-11-03T19:47:25.8539820Z 
2025-11-03T19:47:25.8642570Z    43 |       logical evenk,fmpi0
2025-11-03T19:47:25.8744210Z       |                     1~~~~
2025-11-03T19:47:25.8859270Z Warning: Unused variable 'fmpi0' declared at (1) [-Wunused-variable]
2025-11-03T19:47:25.8960350Z [99/126] Compiling Fortran object libnlsl_fixed.a.p/src_fortran_core_ipsfind.f90.o
2025-11-03T19:47:25.9062330Z [100/126] Compiling Fortran object libnlsl_fixed.a.p/src_fortran_matrix_model_pmatrl.f90.o
2025-11-03T19:47:25.9164790Z ../src/fortran/matrix_model/pmatrl.f90:98:17:
2025-11-03T19:47:25.9266910Z 
2025-11-03T19:47:25.9367880Z    98 |      #     ipnc,ipncmn,ipncmx,iqnc,iqncmn,iqncmx,
2025-11-03T19:47:25.9470640Z       |                 1~~~~~
2025-11-03T19:47:25.9574360Z Warning: Unused variable 'ipncmn' declared at (1) [-Wunused-variable]
2025-11-03T19:47:25.9676660Z ../src/fortran/matrix_model/pmatrl.f90:98:24:
2025-11-03T19:47:25.9779090Z 
2025-11-03T19:47:25.9881820Z    98 |      #     ipnc,ipncmn,ipncmx,iqnc,iqncmn,iqncmx,
2025-11-03T19:47:25.9983770Z       |                        1~~~~~
2025-11-03T19:47:26.0085730Z Warning: Unused variable 'ipncmx' declared at (1) [-Wunused-variable]
2025-11-03T19:47:26.0188160Z ../src/fortran/matrix_model/pmatrl.f90:95:17:
2025-11-03T19:47:26.0307600Z 
2025-11-03T19:47:26.0409020Z    95 |      #     ipnr,ipnrmn,ipnrmx,iqnr,iqnrmn,iqnrmx,
2025-11-03T19:47:26.0528390Z       |                 1~~~~~
2025-11-03T19:47:26.0530170Z Warning: Unused variable 'ipnrmn' declared at (1) [-Wunused-variable]
2025-11-03T19:47:26.0731140Z ../src/fortran/matrix_model/pmatrl.f90:95:24:
2025-11-03T19:47:26.0832600Z 
2025-11-03T19:47:26.0943600Z    95 |      #     ipnr,ipnrmn,ipnrmx,iqnr,iqnrmn,iqnrmx,
2025-11-03T19:47:26.1045000Z       |                        1~~~~~
2025-11-03T19:47:26.1145790Z Warning: Unused variable 'ipnrmx' declared at (1) [-Wunused-variable]
2025-11-03T19:47:26.1247540Z ../src/fortran/matrix_model/pmatrl.f90:98:36:
2025-11-03T19:47:26.1348190Z 
2025-11-03T19:47:26.1449330Z    98 |      #     ipnc,ipncmn,ipncmx,iqnc,iqncmn,iqncmx,
2025-11-03T19:47:26.1549840Z       |                                    1~~~~~
2025-11-03T19:47:26.1655440Z Warning: Unused variable 'iqncmn' declared at (1) [-Wunused-variable]
2025-11-03T19:47:26.1726530Z ../src/fortran/matrix_model/pmatrl.f90:98:43:
2025-11-03T19:47:26.1729320Z 
2025-11-03T19:47:26.1731250Z    98 |      #     ipnc,ipncmn,ipncmx,iqnc,iqncmn,iqncmx,
2025-11-03T19:47:26.1733150Z       |                                           1~~~~~
2025-11-03T19:47:26.1734800Z Warning: Unused variable 'iqncmx' declared at (1) [-Wunused-variable]
2025-11-03T19:47:26.1786290Z ../src/fortran/matrix_model/pmatrl.f90:95:36:
2025-11-03T19:47:26.1895120Z 
2025-11-03T19:47:26.1999080Z    95 |      #     ipnr,ipnrmn,ipnrmx,iqnr,iqnrmn,iqnrmx,
2025-11-03T19:47:26.2099150Z       |                                    1~~~~~
2025-11-03T19:47:26.2205030Z Warning: Unused variable 'iqnrmn' declared at (1) [-Wunused-variable]
2025-11-03T19:47:26.2310280Z ../src/fortran/matrix_model/pmatrl.f90:95:43:
2025-11-03T19:47:26.2417750Z 
2025-11-03T19:47:26.2518850Z    95 |      #     ipnr,ipnrmn,ipnrmx,iqnr,iqnrmn,iqnrmx,
2025-11-03T19:47:26.2619860Z       |                                           1~~~~~
2025-11-03T19:47:26.2726520Z Warning: Unused variable 'iqnrmx' declared at (1) [-Wunused-variable]
2025-11-03T19:47:26.2841790Z ../src/fortran/matrix_model/pmatrl.f90:96:33:
2025-11-03T19:47:26.2943530Z 
2025-11-03T19:47:26.3044420Z    96 |      #     lc,lcmax,ld,ldabs,kc,kcmn,kcmx,kd,ks,
2025-11-03T19:47:26.3147170Z       |                                 1~~~
2025-11-03T19:47:26.3247770Z Warning: Unused variable 'kcmn' declared at (1) [-Wunused-variable]
2025-11-03T19:47:26.3349280Z ../src/fortran/matrix_model/pmatrl.f90:96:38:
2025-11-03T19:47:26.3449080Z 
2025-11-03T19:47:26.3549930Z    96 |      #     lc,lcmax,ld,ldabs,kc,kcmn,kcmx,kd,ks,
2025-11-03T19:47:26.3652900Z       |                                      1~~~
2025-11-03T19:47:26.3753290Z Warning: Unused variable 'kcmx' declared at (1) [-Wunused-variable]
2025-11-03T19:47:26.3855250Z ../src/fortran/matrix_model/pmatrl.f90:94:28:
2025-11-03T19:47:26.3956700Z 
2025-11-03T19:47:26.4057630Z    94 |       integer lr,lrprod,kr,krmx,mr,mrmx,
2025-11-03T19:47:26.4167450Z       |                            1~~~
2025-11-03T19:47:26.4290200Z Warning: Unused variable 'krmx' declared at (1) [-Wunused-variable]
2025-11-03T19:47:26.4402430Z ../src/fortran/matrix_model/pmatrl.f90:97:27:
2025-11-03T19:47:26.4503330Z 
2025-11-03T19:47:26.4607760Z    97 |      #     kdabs,ksabs,mc,mcmn,mcmx,md,ms,mdabs,msabs,
2025-11-03T19:47:26.4710570Z       |                           1~~~
2025-11-03T19:47:26.4811640Z Warning: Unused variable 'mcmn' declared at (1) [-Wunused-variable]
2025-11-03T19:47:26.4912720Z ../src/fortran/matrix_model/pmatrl.f90:97:32:
2025-11-03T19:47:26.5013380Z 
2025-11-03T19:47:26.5113950Z    97 |      #     kdabs,ksabs,mc,mcmn,mcmx,md,ms,mdabs,msabs,
2025-11-03T19:47:26.5214350Z       |                                1~~~
2025-11-03T19:47:26.5314650Z Warning: Unused variable 'mcmx' declared at (1) [-Wunused-variable]
2025-11-03T19:47:26.5415440Z ../src/fortran/matrix_model/pmatrl.f90:94:36:
2025-11-03T19:47:26.5516100Z 
2025-11-03T19:47:26.5616960Z    94 |       integer lr,lrprod,kr,krmx,mr,mrmx,
2025-11-03T19:47:26.5717400Z       |                                    1~~~
2025-11-03T19:47:26.5818780Z Warning: Unused variable 'mrmx' declared at (1) [-Wunused-variable]
2025-11-03T19:47:26.5919110Z ../src/fortran/matrix_model/pmatrl.f90:256:27:
2025-11-03T19:47:26.6019820Z 
2025-11-03T19:47:26.6123510Z   256 |             c1=dble(lrprod)
2025-11-03T19:47:26.6236860Z       |                           ^
2025-11-03T19:47:26.6338120Z Warning: 'lrprod' may be used uninitialized [-Wmaybe-uninitialized]
2025-11-03T19:47:26.6441640Z ../src/fortran/matrix_model/pmatrl.f90:94:18:
2025-11-03T19:47:26.6542300Z 
2025-11-03T19:47:26.6645260Z    94 |       integer lr,lrprod,kr,krmx,mr,mrmx,
2025-11-03T19:47:26.6755870Z       |                  ^~~~~~
2025-11-03T19:47:26.6857030Z note: 'lrprod' was declared here
2025-11-03T19:47:26.6957210Z ../src/fortran/matrix_model/pmatrl.f90:242:20:
2025-11-03T19:47:26.7058080Z 
2025-11-03T19:47:26.7158980Z   242 |             cjkr=jkr
2025-11-03T19:47:26.7259090Z       |                    ^
2025-11-03T19:47:26.7360070Z Warning: 'iparlr' may be used uninitialized [-Wmaybe-uninitialized]
2025-11-03T19:47:26.7475280Z ../src/fortran/matrix_model/pmatrl.f90:102:23:
2025-11-03T19:47:26.7576350Z 
2025-11-03T19:47:26.7678350Z   102 |      #        ioldpnc,iparlr,iparlc,jkc,jkr,jkd,jmc,jmr,jmd,
2025-11-03T19:47:26.7783040Z       |                       ^~~~~~
2025-11-03T19:47:26.7886160Z note: 'iparlr' was declared here
2025-11-03T19:47:26.8027360Z ../src/fortran/matrix_model/pmatrl.f90:566:34:
2025-11-03T19:47:26.8111250Z 
2025-11-03T19:47:26.8211950Z   566 |                cnp=ONE/(cnpr*cnpc)
2025-11-03T19:47:26.8313050Z       |                                  ^
2025-11-03T19:47:26.8414240Z Warning: 'cnpr' may be used uninitialized [-Wmaybe-uninitialized]
2025-11-03T19:47:26.8478940Z ../src/fortran/matrix_model/pmatrl.f90:107:18:
2025-11-03T19:47:26.8565830Z 
2025-11-03T19:47:26.8701180Z   107 |      #     cpmkr,cnpr,c1,c2,c3,c4,
2025-11-03T19:47:26.8830970Z       |                  ^~~~
2025-11-03T19:47:26.8932100Z note: 'cnpr' was declared here
2025-11-03T19:47:26.9034040Z ../src/fortran/matrix_model/pmatrl.f90:554:29:
2025-11-03T19:47:26.9165280Z 
2025-11-03T19:47:26.9266620Z   554 |                ipns=ipnr+ipnc
2025-11-03T19:47:26.9369040Z       |                             ^
2025-11-03T19:47:26.9372150Z Warning: 'ipnr' may be used uninitialized [-Wmaybe-uninitialized]
2025-11-03T19:47:26.9488310Z ../src/fortran/matrix_model/pmatrl.f90:95:12:
2025-11-03T19:47:26.9504330Z 
2025-11-03T19:47:26.9514170Z    95 |      #     ipnr,ipnrmn,ipnrmx,iqnr,iqnrmn,iqnrmx,
2025-11-03T19:47:26.9514690Z       |            ^~~~
2025-11-03T19:47:26.9515050Z note: 'ipnr' was declared here
2025-11-03T19:47:26.9515440Z ../src/fortran/matrix_model/pmatrl.f90:564:26:
2025-11-03T19:47:26.9524830Z 
2025-11-03T19:47:26.9525220Z   564 |                jmd=jmr-jmc
2025-11-03T19:47:26.9525600Z       |                          ^
2025-11-03T19:47:26.9526020Z Warning: 'jmr' may be used uninitialized [-Wmaybe-uninitialized]
2025-11-03T19:47:26.9526520Z ../src/fortran/matrix_model/pmatrl.f90:102:53:
2025-11-03T19:47:26.9526800Z 
2025-11-03T19:47:26.9527070Z   102 |      #        ioldpnc,iparlr,iparlc,jkc,jkr,jkd,jmc,jmr,jmd,
2025-11-03T19:47:26.9534070Z       |                                                     ^~~
2025-11-03T19:47:26.9534490Z note: 'jmr' was declared here
2025-11-03T19:47:26.9534910Z ../src/fortran/matrix_model/pmatrl.f90:779:32:
2025-11-03T19:47:26.9535200Z 
2025-11-03T19:47:26.9535400Z   779 |                   cgam=cgam+cdfd
2025-11-03T19:47:26.9535770Z       |                                ^
2025-11-03T19:47:26.9548750Z Warning: 'cdfd' may be used uninitialized [-Wmaybe-uninitialized]
2025-11-03T19:47:26.9549330Z ../src/fortran/matrix_model/pmatrl.f90:108:12:
2025-11-03T19:47:26.9549640Z 
2025-11-03T19:47:26.9549900Z   108 |      #     cdfd,cnl,cplkc,cnk,z,ra0,ra,rg,rw,ra1,rg1,rw1,
2025-11-03T19:47:26.9555310Z       |            ^~~~
2025-11-03T19:47:26.9555690Z note: 'cdfd' was declared here
2025-11-03T19:47:26.9556120Z ../src/fortran/matrix_model/pmatrl.f90:410:43:
2025-11-03T19:47:26.9556410Z 
2025-11-03T19:47:26.9556620Z   410 |                      rw1=fwd(2,kd+3)*z*cjkr
2025-11-03T19:47:26.9557030Z       |                                           ^
2025-11-03T19:47:26.9574870Z Warning: 'cjkr' may be used uninitialized [-Wmaybe-uninitialized]
2025-11-03T19:47:26.9575520Z ../src/fortran/matrix_model/pmatrl.f90:110:65:
2025-11-03T19:47:26.9576340Z 
2025-11-03T19:47:26.9585060Z   110 |      #     cdffu,cnpc,cnp,cnorm,d1,d2,sa1,clioi1,fki,cgamw,cjmc,cjkr,
2025-11-03T19:47:26.9585560Z       |                                                                 ^~~~
2025-11-03T19:47:26.9585910Z note: 'cjkr' was declared here
2025-11-03T19:47:26.9586260Z ../src/fortran/matrix_model/pmatrl.f90:514:35:
2025-11-03T19:47:26.9586590Z 
2025-11-03T19:47:26.9586780Z   514 |                   c1=cpmkr*cnl*cnk
2025-11-03T19:47:26.9601100Z       |                                   ^
2025-11-03T19:47:26.9601550Z Warning: 'cpmkr' may be used uninitialized [-Wmaybe-uninitialized]
2025-11-03T19:47:26.9602040Z ../src/fortran/matrix_model/pmatrl.f90:107:12:
2025-11-03T19:47:26.9602340Z 
2025-11-03T19:47:26.9603320Z   107 |      #     cpmkr,cnpr,c1,c2,c3,c4,
2025-11-03T19:47:26.9611790Z       |            ^~~~~
2025-11-03T19:47:26.9612150Z note: 'cpmkr' was declared here
2025-11-03T19:47:26.9612540Z ../src/fortran/matrix_model/pmatrl.f90:363:26:
2025-11-03T19:47:26.9612800Z 
2025-11-03T19:47:26.9612980Z   363 |                jkd=jkr-jkc
2025-11-03T19:47:26.9613290Z       |                          ^
2025-11-03T19:47:26.9625740Z Warning: 'jkr' may be used uninitialized [-Wmaybe-uninitialized]
2025-11-03T19:47:26.9626190Z ../src/fortran/matrix_model/pmatrl.f90:102:41:
2025-11-03T19:47:26.9626480Z 
2025-11-03T19:47:26.9627090Z   102 |      #        ioldpnc,iparlr,iparlc,jkc,jkr,jkd,jmc,jmr,jmd,
2025-11-03T19:47:26.9631770Z       |                                         ^~~
2025-11-03T19:47:26.9632150Z note: 'jkr' was declared here
2025-11-03T19:47:26.9632500Z ../src/fortran/matrix_model/pmatrl.f90:401:36:
2025-11-03T19:47:26.9632810Z 
2025-11-03T19:47:26.9633010Z   401 |                if ((kdabs.le.2).and.fld) then
2025-11-03T19:47:26.9633380Z       |                                    ^
2025-11-03T19:47:26.9640640Z Warning: 'fld' may be used uninitialized [-Wmaybe-uninitialized]
2025-11-03T19:47:26.9641140Z ../src/fortran/matrix_model/pmatrl.f90:114:20:
2025-11-03T19:47:26.9641490Z 
2025-11-03T19:47:26.9641770Z   114 |       logical flk0,fld,fldmd,fdpqi,fdjkm
2025-11-03T19:47:26.9642120Z       |                    ^~~
2025-11-03T19:47:26.9658000Z note: 'fld' was declared here
2025-11-03T19:47:26.9661820Z ../src/fortran/matrix_model/pmatrl.f90:369:23:
2025-11-03T19:47:26.9662110Z 
2025-11-03T19:47:26.9662330Z   369 |                cjkc=jkc
2025-11-03T19:47:26.9662660Z       |                       ^
2025-11-03T19:47:26.9663100Z Warning: 'iparlc' may be used uninitialized [-Wmaybe-uninitialized]
2025-11-03T19:47:26.9670200Z ../src/fortran/matrix_model/pmatrl.f90:102:30:
2025-11-03T19:47:26.9670540Z 
2025-11-03T19:47:26.9670800Z   102 |      #        ioldpnc,iparlr,iparlc,jkc,jkr,jkd,jmc,jmr,jmd,
2025-11-03T19:47:26.9671210Z       |                              ^~~~~~
2025-11-03T19:47:26.9671550Z note: 'iparlc' was declared here
2025-11-03T19:47:26.9671930Z ../src/fortran/matrix_model/pmatrl.f90:523:48:
2025-11-03T19:47:26.9683180Z 
2025-11-03T19:47:26.9683850Z   523 |      #                   *w3j(lr,l,lc,kr,-ks,kc)
2025-11-03T19:47:26.9684220Z       |                                                ^
2025-11-03T19:47:26.9684640Z Warning: 'cjkc' may be used uninitialized [-Wmaybe-uninitialized]
2025-11-03T19:47:26.9692860Z ../src/fortran/matrix_model/pmatrl.f90:111:12:
2025-11-03T19:47:26.9693090Z 
2025-11-03T19:47:26.9693310Z   111 |      #     cjkc,sa2,clioi2,clioua,sg1,sg2,sw1,sw2,clioug,ctemp,zeen
2025-11-03T19:47:26.9693640Z       |            ^~~~
2025-11-03T19:47:26.9693860Z note: 'cjkc' was declared here
2025-11-03T19:47:26.9694130Z ../src/fortran/matrix_model/pmatrl.f90:514:35:
2025-11-03T19:47:26.9696810Z 
2025-11-03T19:47:26.9697020Z   514 |                   c1=cpmkr*cnl*cnk
2025-11-03T19:47:26.9697310Z       |                                   ^
2025-11-03T19:47:26.9697650Z Warning: 'cnk' may be used uninitialized [-Wmaybe-uninitialized]
2025-11-03T19:47:26.9697990Z ../src/fortran/matrix_model/pmatrl.f90:108:27:
2025-11-03T19:47:26.9698220Z 
2025-11-03T19:47:26.9698440Z   108 |      #     cdfd,cnl,cplkc,cnk,z,ra0,ra,rg,rw,ra1,rg1,rw1,
2025-11-03T19:47:26.9704800Z       |                           ^~~
2025-11-03T19:47:26.9705070Z note: 'cnk' was declared here
2025-11-03T19:47:26.9705330Z ../src/fortran/matrix_model/pmatrl.f90:523:48:
2025-11-03T19:47:26.9705550Z 
2025-11-03T19:47:26.9705880Z   523 |      #                   *w3j(lr,l,lc,kr,-ks,kc)
2025-11-03T19:47:26.9706170Z       |                                                ^
2025-11-03T19:47:26.9706660Z Warning: 'cplkc' may be used uninitialized [-Wmaybe-uninitialized]
2025-11-03T19:47:26.9709440Z ../src/fortran/matrix_model/pmatrl.f90:108:21:
2025-11-03T19:47:26.9709660Z 
2025-11-03T19:47:26.9709840Z   108 |      #     cdfd,cnl,cplkc,cnk,z,ra0,ra,rg,rw,ra1,rg1,rw1,
2025-11-03T19:47:26.9710150Z       |                     ^~~~~
2025-11-03T19:47:26.9710410Z note: 'cplkc' was declared here
2025-11-03T19:47:26.9713960Z ../src/fortran/matrix_model/pmatrl.f90:510:38:
2025-11-03T19:47:26.9714200Z 
2025-11-03T19:47:26.9714360Z   510 |      #            (ipar(ks).eq.1).and.(jkd.eq.0)) then
2025-11-03T19:47:26.9714650Z       |                                      ^
2025-11-03T19:47:26.9714970Z Warning: 'jkd' may be used uninitialized [-Wmaybe-uninitialized]
2025-11-03T19:47:26.9715310Z ../src/fortran/matrix_model/pmatrl.f90:102:45:
2025-11-03T19:47:26.9715520Z 
2025-11-03T19:47:26.9718340Z   102 |      #        ioldpnc,iparlr,iparlc,jkc,jkr,jkd,jmc,jmr,jmd,
2025-11-03T19:47:26.9718700Z       |                                             ^~~
2025-11-03T19:47:26.9718960Z note: 'jkd' was declared here
2025-11-03T19:47:26.9719220Z ../src/fortran/matrix_model/pmatrl.f90:468:43:
2025-11-03T19:47:26.9719940Z 
2025-11-03T19:47:26.9722090Z   468 |                flk0=(ld.eq.0).and.(kd.eq.0)
2025-11-03T19:47:26.9723630Z       |                                           ^
2025-11-03T19:47:26.9724820Z Warning: 'kd' may be used uninitialized [-Wmaybe-uninitialized]
2025-11-03T19:47:26.9726010Z ../src/fortran/matrix_model/pmatrl.f90:96:43:
2025-11-03T19:47:26.9726840Z 
2025-11-03T19:47:26.9727590Z    96 |      #     lc,lcmax,ld,ldabs,kc,kcmn,kcmx,kd,ks,
2025-11-03T19:47:26.9728460Z       |                                           ^~
2025-11-03T19:47:26.9729180Z note: 'kd' was declared here
2025-11-03T19:47:26.9729850Z ../src/fortran/matrix_model/pmatrl.f90:510:38:
2025-11-03T19:47:26.9730580Z 
2025-11-03T19:47:26.9731100Z   510 |      #            (ipar(ks).eq.1).and.(jkd.eq.0)) then
2025-11-03T19:47:26.9731990Z       |                                      ^
2025-11-03T19:47:26.9732980Z Warning: 'kdabs' may be used uninitialized [-Wmaybe-uninitialized]
2025-11-03T19:47:26.9734010Z ../src/fortran/matrix_model/pmatrl.f90:97:12:
2025-11-03T19:47:26.9734660Z 
2025-11-03T19:47:26.9735280Z    97 |      #     kdabs,ksabs,mc,mcmn,mcmx,md,ms,mdabs,msabs,
2025-11-03T19:47:26.9736710Z       |            ^~~~~
2025-11-03T19:47:26.9737610Z note: 'kdabs' was declared here
2025-11-03T19:47:26.9738320Z ../src/fortran/matrix_model/pmatrl.f90:510:38:
2025-11-03T19:47:26.9739120Z 
2025-11-03T19:47:26.9739770Z   510 |      #            (ipar(ks).eq.1).and.(jkd.eq.0)) then
2025-11-03T19:47:26.9746240Z       |                                      ^
2025-11-03T19:47:26.9746600Z Warning: 'ksabs' may be used uninitialized [-Wmaybe-uninitialized]
2025-11-03T19:47:26.9747010Z ../src/fortran/matrix_model/pmatrl.f90:97:18:
2025-11-03T19:47:26.9747250Z 
2025-11-03T19:47:26.9747430Z    97 |      #     kdabs,ksabs,mc,mcmn,mcmx,md,ms,mdabs,msabs,
2025-11-03T19:47:26.9747740Z       |                  ^~~~~
2025-11-03T19:47:26.9747970Z note: 'ksabs' was declared here
2025-11-03T19:47:26.9748230Z ../src/fortran/matrix_model/pmatrl.f90:514:35:
2025-11-03T19:47:26.9750540Z 
2025-11-03T19:47:26.9750710Z   514 |                   c1=cpmkr*cnl*cnk
2025-11-03T19:47:26.9751000Z       |                                   ^
2025-11-03T19:47:26.9754760Z Warning: 'cnl' may be used uninitialized [-Wmaybe-uninitialized]
2025-11-03T19:47:26.9755240Z ../src/fortran/matrix_model/pmatrl.f90:108:17:
2025-11-03T19:47:26.9755460Z 
2025-11-03T19:47:26.9755650Z   108 |      #     cdfd,cnl,cplkc,cnk,z,ra0,ra,rg,rw,ra1,rg1,rw1,
2025-11-03T19:47:26.9755960Z       |                 ^~~
2025-11-03T19:47:26.9756190Z note: 'cnl' was declared here
2025-11-03T19:47:26.9756450Z ../src/fortran/matrix_model/pmatrl.f90:468:43:
2025-11-03T19:47:26.9765150Z 
2025-11-03T19:47:26.9765390Z   468 |                flk0=(ld.eq.0).and.(kd.eq.0)
2025-11-03T19:47:26.9766110Z       |                                           ^
2025-11-03T19:47:26.9766430Z Warning: 'ld' may be used uninitialized [-Wmaybe-uninitialized]
2025-11-03T19:47:26.9766770Z ../src/fortran/matrix_model/pmatrl.f90:96:21:
2025-11-03T19:47:26.9766990Z 
2025-11-03T19:47:26.9770240Z    96 |      #     lc,lcmax,ld,ldabs,kc,kcmn,kcmx,kd,ks,
2025-11-03T19:47:26.9770560Z       |                     ^~
2025-11-03T19:47:26.9770790Z note: 'ld' was declared here
2025-11-03T19:47:26.9771100Z ../src/fortran/matrix_model/pmatrl.f90:510:38:
2025-11-03T19:47:26.9771320Z 
2025-11-03T19:47:26.9771480Z   510 |      #            (ipar(ks).eq.1).and.(jkd.eq.0)) then
2025-11-03T19:47:26.9771820Z       |                                      ^
2025-11-03T19:47:26.9775790Z Warning: 'ldabs' may be used uninitialized [-Wmaybe-uninitialized]
2025-11-03T19:47:26.9776230Z ../src/fortran/matrix_model/pmatrl.f90:96:24:
2025-11-03T19:47:26.9776460Z 
2025-11-03T19:47:26.9776860Z    96 |      #     lc,lcmax,ld,ldabs,kc,kcmn,kcmx,kd,ks,
2025-11-03T19:47:26.9777220Z       |                        ^~~~~
2025-11-03T19:47:26.9779950Z note: 'ldabs' was declared here
2025-11-03T19:47:26.9780310Z ../src/fortran/matrix_model/pmatrl.f90:529:64:
2025-11-03T19:47:26.9780550Z 
2025-11-03T19:47:26.9780730Z   529 |                         cdff=cdff+w3j(lr,l,lc,mr,0,-mr)*c1*cdffu
2025-11-03T19:47:26.9781050Z       |                                                                ^
2025-11-03T19:47:26.9781390Z Warning: 'cdff' may be used uninitialized [-Wmaybe-uninitialized]
2025-11-03T19:47:26.9782110Z ../src/fortran/matrix_model/pmatrl.f90:109:55:
2025-11-03T19:47:26.9784120Z 
2025-11-03T19:47:26.9784330Z   109 |      #     ra2,rg2,rw2,cliou,cgam,cplmc,wliou1,wliou2,cdff,cdffr,
2025-11-03T19:47:26.9784660Z       |                                                       ^~~~
2025-11-03T19:47:26.9785480Z note: 'cdff' was declared here
2025-11-03T19:47:26.9785830Z ../src/fortran/matrix_model/pmatrl.f90:573:36:
2025-11-03T19:47:26.9788410Z 
2025-11-03T19:47:26.9788600Z   573 |                if((ipndab.le.2).and.(mdabs.le.2)) then
2025-11-03T19:47:26.9788890Z       |                                    ^
2025-11-03T19:47:26.9789220Z Warning: 'mdabs' may be used uninitialized [-Wmaybe-uninitialized]
2025-11-03T19:47:26.9789720Z ../src/fortran/matrix_model/pmatrl.f90:97:43:
2025-11-03T19:47:26.9791460Z 
2025-11-03T19:47:26.9792560Z    97 |      #     kdabs,ksabs,mc,mcmn,mcmx,md,ms,mdabs,msabs,
2025-11-03T19:47:26.9793040Z       |                                           ^~~~~
2025-11-03T19:47:26.9793490Z note: 'mdabs' was declared here
2025-11-03T19:47:26.9793820Z ../src/fortran/matrix_model/pmatrl.f90:574:47:
2025-11-03T19:47:26.9794900Z 
2025-11-03T19:47:26.9800090Z   574 |                   d1=d2km(1,ipnd+3,md+3)*wliou1
2025-11-03T19:47:26.9800400Z       |                                               ^
2025-11-03T19:47:26.9800730Z Warning: 'md' may be used uninitialized [-Wmaybe-uninitialized]
2025-11-03T19:47:26.9801120Z ../src/fortran/matrix_model/pmatrl.f90:97:37:
2025-11-03T19:47:26.9801350Z 
2025-11-03T19:47:26.9805510Z    97 |      #     kdabs,ksabs,mc,mcmn,mcmx,md,ms,mdabs,msabs,
2025-11-03T19:47:26.9805860Z       |                                     ^~
2025-11-03T19:47:26.9806130Z note: 'md' was declared here
2025-11-03T19:47:26.9806380Z ../src/fortran/matrix_model/pmatrl.f90:580:47:
2025-11-03T19:47:26.9806600Z 
2025-11-03T19:47:26.9806750Z   580 |                   d2=d2km(1,ipns+3,ms+3)*wliou2
2025-11-03T19:47:26.9811020Z       |                                               ^
2025-11-03T19:47:26.9811360Z Warning: 'ms' may be used uninitialized [-Wmaybe-uninitialized]
2025-11-03T19:47:26.9811700Z ../src/fortran/matrix_model/pmatrl.f90:97:40:
2025-11-03T19:47:26.9811910Z 
2025-11-03T19:47:26.9812090Z    97 |      #     kdabs,ksabs,mc,mcmn,mcmx,md,ms,mdabs,msabs,
2025-11-03T19:47:26.9812390Z       |                                        ^~
2025-11-03T19:47:26.9818210Z note: 'ms' was declared here
2025-11-03T19:47:26.9818500Z ../src/fortran/matrix_model/pmatrl.f90:579:36:
2025-11-03T19:47:26.9818990Z 
2025-11-03T19:47:26.9819160Z   579 |                if((ipnsab.le.2).and.(msabs.le.2)) then
2025-11-03T19:47:26.9819500Z       |                                    ^
2025-11-03T19:47:26.9830030Z Warning: 'msabs' may be used uninitialized [-Wmaybe-uninitialized]
2025-11-03T19:47:26.9830770Z ../src/fortran/matrix_model/pmatrl.f90:97:49:
2025-11-03T19:47:26.9834850Z 
2025-11-03T19:47:26.9841860Z    97 |      #     kdabs,ksabs,mc,mcmn,mcmx,md,ms,mdabs,msabs,
2025-11-03T19:47:26.9852840Z       |                                                 ^~~~~
2025-11-03T19:47:26.9883800Z note: 'msabs' was declared here
2025-11-03T19:47:26.9884340Z ../src/fortran/matrix_model/pmatrl.f90:574:47:
2025-11-03T19:47:26.9889510Z 
2025-11-03T19:47:26.9889710Z   574 |                   d1=d2km(1,ipnd+3,md+3)*wliou1
2025-11-03T19:47:26.9890090Z       |                                               ^
2025-11-03T19:47:26.9890790Z Warning: 'wliou1' may be used uninitialized [-Wmaybe-uninitialized]
2025-11-03T19:47:26.9891290Z ../src/fortran/matrix_model/pmatrl.f90:109:41:
2025-11-03T19:47:26.9891570Z 
2025-11-03T19:47:26.9891790Z   109 |      #     ra2,rg2,rw2,cliou,cgam,cplmc,wliou1,wliou2,cdff,cdffr,
2025-11-03T19:47:26.9892190Z       |                                         ^~~~~~
2025-11-03T19:47:26.9898860Z note: 'wliou1' was declared here
2025-11-03T19:47:26.9908000Z ../src/fortran/matrix_model/pmatrl.f90:580:47:
2025-11-03T19:47:26.9911890Z 
2025-11-03T19:47:26.9912110Z   580 |                   d2=d2km(1,ipns+3,ms+3)*wliou2
2025-11-03T19:47:26.9912410Z       |                                               ^
2025-11-03T19:47:26.9912760Z Warning: 'wliou2' may be used uninitialized [-Wmaybe-uninitialized]
2025-11-03T19:47:26.9917810Z ../src/fortran/matrix_model/pmatrl.f90:109:48:
2025-11-03T19:47:26.9922100Z 
2025-11-03T19:47:26.9922350Z   109 |      #     ra2,rg2,rw2,cliou,cgam,cplmc,wliou1,wliou2,cdff,cdffr,
2025-11-03T19:47:26.9922750Z       |                                                ^~~~~~
2025-11-03T19:47:26.9923120Z note: 'wliou2' was declared here
2025-11-03T19:47:26.9923480Z ../src/fortran/matrix_model/pmatrl.f90:564:26:
2025-11-03T19:47:26.9924130Z 
2025-11-03T19:47:26.9924280Z   564 |                jmd=jmr-jmc
2025-11-03T19:47:26.9924520Z       |                          ^
2025-11-03T19:47:26.9927150Z Warning: 'jmc' may be used uninitialized [-Wmaybe-uninitialized]
2025-11-03T19:47:26.9928920Z ../src/fortran/matrix_model/pmatrl.f90:102:49:
2025-11-03T19:47:26.9932830Z 
2025-11-03T19:47:26.9937260Z   102 |      #        ioldpnc,iparlr,iparlc,jkc,jkr,jkd,jmc,jmr,jmd,
2025-11-03T19:47:26.9938720Z       |                                                 ^~~
2025-11-03T19:47:26.9939130Z note: 'jmc' was declared here
2025-11-03T19:47:26.9939430Z ../src/fortran/matrix_model/pmatrl.f90:671:54:
2025-11-03T19:47:26.9939890Z 
2025-11-03T19:47:26.9940110Z   671 |                      clioua=(sa1*d1+cjmc*cplmc*sa2*d2)
2025-11-03T19:47:26.9947430Z       |                                                      ^
2025-11-03T19:47:26.9947800Z Warning: 'cjmc' may be used uninitialized [-Wmaybe-uninitialized]
2025-11-03T19:47:26.9948230Z ../src/fortran/matrix_model/pmatrl.f90:110:60:
2025-11-03T19:47:26.9948450Z 
2025-11-03T19:47:26.9948660Z   110 |      #     cdffu,cnpc,cnp,cnorm,d1,d2,sa1,clioi1,fki,cgamw,cjmc,cjkr,
2025-11-03T19:47:26.9949020Z       |                                                            ^~~~
2025-11-03T19:47:26.9953000Z note: 'cjmc' was declared here
2025-11-03T19:47:26.9955670Z ../src/fortran/matrix_model/pmatrl.f90:709:65:
2025-11-03T19:47:26.9955900Z 
2025-11-03T19:47:26.9956050Z   709 |                         cgamw=cnorm*(sw1*d1+cjmc*cplmc*sw2*d2)*rw
2025-11-03T19:47:26.9956370Z       |                                                                 ^
2025-11-03T19:47:26.9956750Z Warning: 'cnorm' may be used uninitialized [-Wmaybe-uninitialized]
2025-11-03T19:47:26.9957100Z ../src/fortran/matrix_model/pmatrl.f90:110:27:
2025-11-03T19:47:26.9957310Z 
2025-11-03T19:47:26.9961330Z   110 |      #     cdffu,cnpc,cnp,cnorm,d1,d2,sa1,clioi1,fki,cgamw,cjmc,cjkr,
2025-11-03T19:47:26.9961650Z       |                           ^~~~~
2025-11-03T19:47:26.9962070Z note: 'cnorm' was declared here
2025-11-03T19:47:26.9962370Z ../src/fortran/matrix_model/pmatrl.f90:716:46:
2025-11-03T19:47:26.9962570Z 
2025-11-03T19:47:26.9963220Z   716 |      #                     cnp*(clioi1+clioi2)
2025-11-03T19:47:26.9965280Z       |                                              ^
2025-11-03T19:47:26.9966620Z Warning: 'cnp' may be used uninitialized [-Wmaybe-uninitialized]
2025-11-03T19:47:26.9970490Z ../src/fortran/matrix_model/pmatrl.f90:110:23:
2025-11-03T19:47:26.9970750Z 
2025-11-03T19:47:26.9970960Z   110 |      #     cdffu,cnpc,cnp,cnorm,d1,d2,sa1,clioi1,fki,cgamw,cjmc,cjkr,
2025-11-03T19:47:26.9971310Z       |                       ^~~
2025-11-03T19:47:26.9971600Z note: 'cnp' was declared here
2025-11-03T19:47:26.9980970Z ../src/fortran/matrix_model/pmatrl.f90:671:54:
2025-11-03T19:47:26.9981330Z 
2025-11-03T19:47:26.9981470Z   671 |                      clioua=(sa1*d1+cjmc*cplmc*sa2*d2)
2025-11-03T19:47:26.9981750Z       |                                                      ^
2025-11-03T19:47:26.9982060Z Warning: 'd1' may be used uninitialized [-Wmaybe-uninitialized]
2025-11-03T19:47:26.9982420Z ../src/fortran/matrix_model/pmatrl.f90:110:33:
2025-11-03T19:47:26.9982680Z 
2025-11-03T19:47:26.9984920Z   110 |      #     cdffu,cnpc,cnp,cnorm,d1,d2,sa1,clioi1,fki,cgamw,cjmc,cjkr,
2025-11-03T19:47:26.9989340Z       |                                 ^~
2025-11-03T19:47:26.9990470Z note: 'd1' was declared here
2025-11-03T19:47:26.9990770Z ../src/fortran/matrix_model/pmatrl.f90:671:54:
2025-11-03T19:47:26.9990990Z 
2025-11-03T19:47:26.9991200Z   671 |                      clioua=(sa1*d1+cjmc*cplmc*sa2*d2)
2025-11-03T19:47:26.9991540Z       |                                                      ^
2025-11-03T19:47:26.9993080Z Warning: 'd2' may be used uninitialized [-Wmaybe-uninitialized]
2025-11-03T19:47:26.9997160Z ../src/fortran/matrix_model/pmatrl.f90:110:36:
2025-11-03T19:47:26.9999890Z 
2025-11-03T19:47:27.0000100Z   110 |      #     cdffu,cnpc,cnp,cnorm,d1,d2,sa1,clioi1,fki,cgamw,cjmc,cjkr,
2025-11-03T19:47:27.0000480Z       |                                    ^~
2025-11-03T19:47:27.0000820Z note: 'd2' was declared here
2025-11-03T19:47:27.0001100Z ../src/fortran/matrix_model/pmatrl.f90:748:41:
2025-11-03T19:47:27.0001290Z 
2025-11-03T19:47:27.0001420Z   748 |      #            (md.eq.0).and.flk0.and.fdjkm) then
2025-11-03T19:47:27.0005020Z       |                                         ^
2025-11-03T19:47:27.0005330Z Warning: 'fdjkm' may be used uninitialized [-Wmaybe-uninitialized]
2025-11-03T19:47:27.0005640Z ../src/fortran/matrix_model/pmatrl.f90:114:36:
2025-11-03T19:47:27.0005830Z 
2025-11-03T19:47:27.0005960Z   114 |       logical flk0,fld,fldmd,fdpqi,fdjkm
2025-11-03T19:47:27.0006240Z       |                                    ^~~~~
2025-11-03T19:47:27.0009440Z note: 'fdjkm' was declared here
2025-11-03T19:47:27.0009740Z ../src/fortran/matrix_model/pmatrl.f90:598:48:
2025-11-03T19:47:27.0009930Z 
2025-11-03T19:47:27.0010060Z   598 |                fdpqi=(ipnd.eq.0).and.(iqnd.eq.0)
2025-11-03T19:47:27.0010350Z       |                                                ^
2025-11-03T19:47:27.0010690Z Warning: 'ipnd' may be used uninitialized [-Wmaybe-uninitialized]
2025-11-03T19:47:27.0011050Z ../src/fortran/matrix_model/pmatrl.f90:99:12:
2025-11-03T19:47:27.0011240Z 
2025-11-03T19:47:27.0014040Z    99 |      #     ipnd,ipns,ipndab,ipnsab,iqnd,iqns,iqndab,
2025-11-03T19:47:27.0014570Z       |            ^~~~
2025-11-03T19:47:27.0014870Z note: 'ipnd' was declared here
2025-11-03T19:47:27.0015100Z ../src/fortran/matrix_model/pmatrl.f90:623:42:
2025-11-03T19:47:27.0015300Z 
2025-11-03T19:47:27.0015440Z   623 |      #                  (ipndab.le.1).and.(in2.ne.0)) then
2025-11-03T19:47:27.0024950Z       |                                          ^
2025-11-03T19:47:27.0025260Z Warning: 'ipndab' may be used uninitialized [-Wmaybe-uninitialized]
2025-11-03T19:47:27.0025860Z ../src/fortran/matrix_model/pmatrl.f90:99:22:
2025-11-03T19:47:27.0026060Z 
2025-11-03T19:47:27.0026200Z    99 |      #     ipnd,ipns,ipndab,ipnsab,iqnd,iqns,iqndab,
2025-11-03T19:47:27.0028530Z       |                      ^~~~~~
2025-11-03T19:47:27.0028770Z note: 'ipndab' was declared here
2025-11-03T19:47:27.0029010Z ../src/fortran/matrix_model/pmatrl.f90:651:27:
2025-11-03T19:47:27.0029210Z 
2025-11-03T19:47:27.0029330Z   651 |                         if(ipns.eq.0) then
2025-11-03T19:47:27.0029570Z       |                           ^
2025-11-03T19:47:27.0038260Z Warning: 'ipns' may be used uninitialized [-Wmaybe-uninitialized]
2025-11-03T19:47:27.0039300Z ../src/fortran/matrix_model/pmatrl.f90:99:17:
2025-11-03T19:47:27.0039490Z 
2025-11-03T19:47:27.0039630Z    99 |      #     ipnd,ipns,ipndab,ipnsab,iqnd,iqns,iqndab,
2025-11-03T19:47:27.0039890Z       |                 ^~~~
2025-11-03T19:47:27.0040740Z note: 'ipns' was declared here
2025-11-03T19:47:27.0041060Z ../src/fortran/matrix_model/pmatrl.f90:649:42:
2025-11-03T19:47:27.0047470Z 
2025-11-03T19:47:27.0050070Z   649 |      #                  (ipnsab.le.1).and.(in2.ne.0)) then
2025-11-03T19:47:27.0050350Z       |                                          ^
2025-11-03T19:47:27.0050660Z Warning: 'ipnsab' may be used uninitialized [-Wmaybe-uninitialized]
2025-11-03T19:47:27.0050980Z ../src/fortran/matrix_model/pmatrl.f90:99:29:
2025-11-03T19:47:27.0051220Z 
2025-11-03T19:47:27.0051370Z    99 |      #     ipnd,ipns,ipndab,ipnsab,iqnd,iqns,iqndab,
2025-11-03T19:47:27.0051630Z       |                             ^~~~~~
2025-11-03T19:47:27.0051860Z note: 'ipnsab' was declared here
2025-11-03T19:47:27.0159080Z ../src/fortran/matrix_model/pmatrl.f90:620:22:
2025-11-03T19:47:27.0159370Z 
2025-11-03T19:47:27.0159500Z   620 |                   if (jmd.eq.0) then
2025-11-03T19:47:27.0159720Z       |                      ^
2025-11-03T19:47:27.0160020Z Warning: 'jmd' may be used uninitialized [-Wmaybe-uninitialized]
2025-11-03T19:47:27.0160340Z ../src/fortran/matrix_model/pmatrl.f90:102:57:
2025-11-03T19:47:27.0160530Z 
2025-11-03T19:47:27.0160690Z   102 |      #        ioldpnc,iparlr,iparlc,jkc,jkr,jkd,jmc,jmr,jmd,
2025-11-03T19:47:27.0160990Z       |                                                         ^~~
2025-11-03T19:47:27.0161230Z note: 'jmd' was declared here
2025-11-03T19:47:27.0164690Z ../src/fortran/matrix_model/pmatrl.f90:671:54:
2025-11-03T19:47:27.0164880Z 
2025-11-03T19:47:27.0165010Z   671 |                      clioua=(sa1*d1+cjmc*cplmc*sa2*d2)
2025-11-03T19:47:27.0165280Z       |                                                      ^
2025-11-03T19:47:27.0165580Z Warning: 'cplmc' may be used uninitialized [-Wmaybe-uninitialized]
2025-11-03T19:47:27.0165890Z ../src/fortran/matrix_model/pmatrl.f90:109:35:
2025-11-03T19:47:27.0166080Z 
2025-11-03T19:47:27.0166250Z   109 |      #     ra2,rg2,rw2,cliou,cgam,cplmc,wliou1,wliou2,cdff,cdffr,
2025-11-03T19:47:27.0166550Z       |                                   ^~~~~
2025-11-03T19:47:27.0166790Z note: 'cplmc' was declared here
2025-11-03T19:47:27.0167020Z ../src/fortran/matrix_model/pmatrl.f90:590:15:
2025-11-03T19:47:27.0177130Z 
2025-11-03T19:47:27.0177340Z   590 |             if(fldmd) then
2025-11-03T19:47:27.0177580Z       |               ^
2025-11-03T19:47:27.0177860Z Warning: 'fldmd' may be used uninitialized [-Wmaybe-uninitialized]
2025-11-03T19:47:27.0178190Z ../src/fortran/matrix_model/pmatrl.f90:114:24:
2025-11-03T19:47:27.0178390Z 
2025-11-03T19:47:27.0178510Z   114 |       logical flk0,fld,fldmd,fdpqi,fdjkm
2025-11-03T19:47:27.0178760Z       |                        ^~~~~
2025-11-03T19:47:27.0178970Z note: 'fldmd' was declared here
2025-11-03T19:47:27.0179200Z ../src/fortran/matrix_model/pmatrl.f90:725:29:
2025-11-03T19:47:27.0242140Z 
2025-11-03T19:47:27.0242450Z   725 |      #                  .and.fdpqi) then
2025-11-03T19:47:27.0242800Z       |                             ^
2025-11-03T19:47:27.0243140Z Warning: 'flk0' may be used uninitialized [-Wmaybe-uninitialized]
2025-11-03T19:47:27.0244130Z ../src/fortran/matrix_model/pmatrl.f90:114:15:
2025-11-03T19:47:27.0346710Z 
2025-11-03T19:47:27.0369770Z   114 |       logical flk0,fld,fldmd,fdpqi,fdjkm
2025-11-03T19:47:27.0398960Z       |               ^~~~
2025-11-03T19:47:27.0402910Z note: 'flk0' was declared here
2025-11-03T19:47:27.0443520Z [101/126] Compiling Fortran object libnlsl_fixed.a.p/src_fortran_numerics_daxpy.f90.o
2025-11-03T19:47:27.0449310Z [102/126] Compiling Fortran object libnlsl_fixed.a.p/src_fortran_numerics_dcopy.f90.o
2025-11-03T19:47:27.0551940Z [103/126] Compiling Fortran object libnlsl_fixed.a.p/src_fortran_numerics_ddot.f90.o
2025-11-03T19:47:27.0557750Z [104/126] Compiling Fortran object libnlsl_fixed.a.p/src_fortran_numerics_drotg.f90.o
2025-11-03T19:47:27.0636790Z [105/126] Compiling Fortran object libnlsl_fixed.a.p/src_fortran_numerics_enorm.f90.o
2025-11-03T19:47:27.0637640Z [106/126] Compiling Fortran object libnlsl_fixed.a.p/src_fortran_numerics_dchex.f90.o
2025-11-03T19:47:27.0640410Z [107/126] Compiling Fortran object libnlsl_fixed.a.p/src_fortran_numerics_ftwork.f90.o
2025-11-03T19:47:27.0657130Z [108/126] Compiling Fortran object libnlsl_fixed.a.p/src_fortran_matrix_model_matrll.f90.o
2025-11-03T19:47:27.0662120Z ../src/fortran/matrix_model/matrll.f90:74:17:
2025-11-03T19:47:27.0700790Z 
2025-11-03T19:47:27.0702010Z    74 |       integer i,j,l,kdi,ksi,li,ierr
2025-11-03T19:47:27.0702430Z       |                 1
2025-11-03T19:47:27.0702730Z Warning: Unused variable 'j' declared at (1) [-Wunused-variable]
2025-11-03T19:47:27.0703070Z ../src/fortran/matrix_model/matrll.f90:478:48:
2025-11-03T19:47:27.0703280Z 
2025-11-03T19:47:27.0703400Z   478 |                           rw2=fwd(2,ks+3)*z*cjkr
2025-11-03T19:47:27.0704770Z       |                                                ^
2025-11-03T19:47:27.0708260Z Warning: 'z' may be used uninitialized [-Wmaybe-uninitialized]
2025-11-03T19:47:27.0708740Z ../src/fortran/matrix_model/matrll.f90:87:31:
2025-11-03T19:47:27.0709020Z 
2025-11-03T19:47:27.0709170Z    87 |      #     cdfd,cnl,cplkc,cnk,z,ra1,rg1,rw1,ra2,rg2,rw2,
2025-11-03T19:47:27.0720070Z       |                               ^
2025-11-03T19:47:27.0720380Z note: 'z' was declared here
2025-11-03T19:47:27.0721350Z [109/126] Compiling Fortran object libnlsl_fixed.a.p/src_fortran_numerics_plgndr.f90.o
2025-11-03T19:47:27.0722320Z ../src/fortran/numerics/plgndr.f90:21:6:
2025-11-03T19:47:27.0725880Z 
2025-11-03T19:47:27.0726030Z    21 |       function plgndr(l,m,z)
2025-11-03T19:47:27.0727710Z       |      ^
2025-11-03T19:47:27.0728010Z Warning: '__result_plgndr' may be used uninitialized [-Wmaybe-uninitialized]
2025-11-03T19:47:27.0728500Z [110/126] Compiling Fortran object libnlsl_fixed.a.p/src_fortran_numerics_ftfuns.f90.o
2025-11-03T19:47:27.0729870Z [111/126] Compiling Fortran object libnlsl_fixed.a.p/src_fortran_krylov_solvers_eprls.f90.o
2025-11-03T19:47:27.0730310Z ../src/fortran/krylov_solvers/eprls.f90:71:36:
2025-11-03T19:47:27.0730720Z 
2025-11-03T19:47:27.0731760Z    71 |       double precision cgerr,wline,df,f,g,gib,gnorm
2025-11-03T19:47:27.0732080Z       |                                    1~
2025-11-03T19:47:27.0732440Z Warning: Unused variable 'df' declared at (1) [-Wunused-variable]
2025-11-03T19:47:27.0733450Z ../src/fortran/krylov_solvers/eprls.f90:71:39:
2025-11-03T19:47:27.0733640Z 
2025-11-03T19:47:27.0733790Z    71 |       double precision cgerr,wline,df,f,g,gib,gnorm
2025-11-03T19:47:27.0734650Z       |                                       1
2025-11-03T19:47:27.0735570Z Warning: Unused variable 'f' declared at (1) [-Wunused-variable]
2025-11-03T19:47:27.0736600Z ../src/fortran/krylov_solvers/eprls.f90:71:41:
2025-11-03T19:47:27.0737730Z 
2025-11-03T19:47:27.0737900Z    71 |       double precision cgerr,wline,df,f,g,gib,gnorm
2025-11-03T19:47:27.0738900Z       |                                         1
2025-11-03T19:47:27.0739210Z Warning: Unused variable 'g' declared at (1) [-Wunused-variable]
2025-11-03T19:47:27.0740080Z ../src/fortran/krylov_solvers/eprls.f90:71:47:
2025-11-03T19:47:27.0743250Z 
2025-11-03T19:47:27.0743430Z    71 |       double precision cgerr,wline,df,f,g,gib,gnorm
2025-11-03T19:47:27.0743720Z       |                                               1~~~~
2025-11-03T19:47:27.0744030Z Warning: Unused variable 'gnorm' declared at (1) [-Wunused-variable]
2025-11-03T19:47:27.0744920Z ../src/fortran/krylov_solvers/eprls.f90:72:17:
2025-11-03T19:47:27.0745410Z 
2025-11-03T19:47:27.0745550Z    72 |       integer i,m,n,no2,nstp
2025-11-03T19:47:27.0746670Z       |                 1
2025-11-03T19:47:27.0748270Z Warning: Unused variable 'm' declared at (1) [-Wunused-variable]
2025-11-03T19:47:27.0748610Z ../src/fortran/krylov_solvers/eprls.f90:72:19:
2025-11-03T19:47:27.0750600Z 
2025-11-03T19:47:27.0750720Z    72 |       integer i,m,n,no2,nstp
2025-11-03T19:47:27.0750940Z       |                   1
2025-11-03T19:47:27.0752080Z Warning: Unused variable 'n' declared at (1) [-Wunused-variable]
2025-11-03T19:47:27.0752960Z ../src/fortran/krylov_solvers/eprls.f90:72:21:
2025-11-03T19:47:27.0754600Z 
2025-11-03T19:47:27.0754740Z    72 |       integer i,m,n,no2,nstp
2025-11-03T19:47:27.0754970Z       |                     1~~
2025-11-03T19:47:27.0755240Z Warning: Unused variable 'no2' declared at (1) [-Wunused-variable]
2025-11-03T19:47:27.0755640Z [112/126] Compiling Fortran object libnlsl_fixed.a.p/src_fortran_numerics_qrfac.f90.o
2025-11-03T19:47:27.0757020Z [113/126] Compiling Fortran object libnlsl_fixed.a.p/src_fortran_numerics_zaxpy.f90.o
2025-11-03T19:47:27.0758200Z [114/126] Compiling Fortran object libnlsl_fixed.a.p/src_fortran_io_preprocessing_gconvl.f90.o
2025-11-03T19:47:27.0764950Z [115/126] Compiling Fortran object libnlsl_fixed.a.p/src_fortran_numerics_qrutil.f90.o
2025-11-03T19:47:27.0765580Z [116/126] Compiling Fortran object libnlsl_fixed.a.p/src_fortran_numerics_w3j.f90.o
2025-11-03T19:47:27.0767520Z [117/126] Compiling Fortran object libnlsl_fixed.a.p/src_fortran_numerics_zaypx.f90.o
2025-11-03T19:47:27.0769740Z [118/126] Compiling Fortran object libnlsl_fixed.a.p/src_fortran_numerics_zdotu.f90.o
2025-11-03T19:47:27.0770940Z [119/126] Compiling Fortran object libnlsl_wrapper.a.p/meson-generated_.._fortrancore-f2pywrappers2.f90.o
2025-11-03T19:47:27.0772050Z [120/126] Compiling Fortran object libnlsl_wrapper.a.p/meson-generated_.._fortrancore-f2pywrappers.f.o
2025-11-03T19:47:27.0773610Z [121/126] Compiling Fortran object libnlsl_fixed.a.p/src_fortran_matrix_model_lfun.f90.o
2025-11-03T19:47:27.4617790Z [122/126] Compiling C object libnlsl_c.a.p/meson-generated_.._fortrancoremodule.c.o
2025-11-03T19:47:27.5839790Z [123/126] Linking static target libnlsl_wrapper.a
2025-11-03T19:47:27.6243550Z [124/126] Linking target fortrancore.cpython-39-darwin.so
2025-11-03T19:47:27.7158490Z [125/126] Linking static target libnlsl_fixed.a
2025-11-03T19:47:28.0638840Z [126/126] Linking static target libnlsl_c.a
2025-11-03T19:47:28.1095480Z [1/31] /Users/runner/work/NLSL/NLSL/.mesonpy-k2k62pfo/fortrancore.cpython-39-darwin.so
2025-11-03T19:47:28.1096080Z [2/31] /Users/runner/work/NLSL/NLSL/nlsl/__init__.py
2025-11-03T19:47:28.1096400Z [3/31] /Users/runner/work/NLSL/NLSL/nlsl/data.py
2025-11-03T19:47:28.1096690Z [4/31] /Users/runner/work/NLSL/NLSL/tests/5pc.par
2025-11-03T19:47:28.1097060Z [5/31] /Users/runner/work/NLSL/NLSL/tests/__init__.py
2025-11-03T19:47:28.1097360Z [6/31] /Users/runner/work/NLSL/NLSL/tests/c16pc371e.run
2025-11-03T19:47:28.1097660Z [7/31] /Users/runner/work/NLSL/NLSL/tests/csl.par
2025-11-03T19:47:28.1097960Z [8/31] /Users/runner/work/NLSL/NLSL/tests/sampl1.dat
2025-11-03T19:47:28.1098340Z [9/31] /Users/runner/work/NLSL/NLSL/tests/sampl1.run
2025-11-03T19:47:28.1098660Z [10/31] /Users/runner/work/NLSL/NLSL/tests/sampl2.run
2025-11-03T19:47:28.1098980Z [11/31] /Users/runner/work/NLSL/NLSL/tests/sampl200.dat
2025-11-03T19:47:28.1099320Z [12/31] /Users/runner/work/NLSL/NLSL/tests/sampl290.dat
2025-11-03T19:47:28.1099620Z [13/31] /Users/runner/work/NLSL/NLSL/tests/sampl2a.run
2025-11-03T19:47:28.1099940Z [14/31] /Users/runner/work/NLSL/NLSL/tests/sampl3.dat
2025-11-03T19:47:28.1100510Z [15/31] /Users/runner/work/NLSL/NLSL/tests/sampl3.run
2025-11-03T19:47:28.1100850Z [16/31] /Users/runner/work/NLSL/NLSL/tests/sampl3a.run
2025-11-03T19:47:28.1101160Z [17/31] /Users/runner/work/NLSL/NLSL/tests/sampl4.dat
2025-11-03T19:47:28.1101470Z [18/31] /Users/runner/work/NLSL/NLSL/tests/sampl4.run
2025-11-03T19:47:28.1101830Z [19/31] /Users/runner/work/NLSL/NLSL/tests/sampl4_reference.py
2025-11-03T19:47:28.1102180Z [20/31] /Users/runner/work/NLSL/NLSL/tests/sampl5.run
2025-11-03T19:47:28.1102500Z [21/31] /Users/runner/work/NLSL/NLSL/tests/sampl500.dat
2025-11-03T19:47:28.1102820Z [22/31] /Users/runner/work/NLSL/NLSL/tests/sampl590.dat
2025-11-03T19:47:28.1103210Z [23/31] /Users/runner/work/NLSL/NLSL/tests/test_current_spectrum.py
2025-11-03T19:47:28.1103580Z [24/31] /Users/runner/work/NLSL/NLSL/tests/test_data_helpers.py
2025-11-03T19:47:28.1104370Z [25/31] /Users/runner/work/NLSL/NLSL/tests/test_procline_aliases.py
2025-11-03T19:47:28.1104830Z [26/31] /Users/runner/work/NLSL/NLSL/tests/test_procline_multisite.py
2025-11-03T19:47:28.1105190Z [27/31] /Users/runner/work/NLSL/NLSL/tests/test_procline_set.py
2025-11-03T19:47:28.1105540Z [28/31] /Users/runner/work/NLSL/NLSL/tests/test_runexamples.py
2025-11-03T19:47:28.1105930Z [29/31] /Users/runner/work/NLSL/NLSL/tests/test_sampl4_best_parameters.py
2025-11-03T19:47:28.1106340Z [30/31] /Users/runner/work/NLSL/NLSL/tests/test_sampl4_fit.py
2025-11-03T19:47:28.1106660Z [31/31] /Users/runner/work/NLSL/NLSL/tests/test_sample1.py
2025-11-03T19:47:28.2325100Z Successfully built acert_nlsl-0.1.0.2-cp39-cp39-macosx_12_0_arm64.whl
2025-11-03T19:47:28.2580810Z ##[endgroup]
2025-11-03T19:47:28.2588500Z                                                              [32mâœ“ [0m17.72s
2025-11-03T19:47:28.2589270Z ##[group]Repairing wheel...
2025-11-03T19:47:28.2589530Z 
2025-11-03T19:47:28.2590470Z + delocate-wheel -w /private/var/folders/xc/cl1fyykn2pj4ryhdw6r1mqtc0000gn/T/cibw-run-r38q9rmd/cp39-macosx_arm64/repaired_wheel /private/var/folders/xc/cl1fyykn2pj4ryhdw6r1mqtc0000gn/T/cibw-run-r38q9rmd/cp39-macosx_arm64/built_wheel/acert_nlsl-0.1.0.2-cp39-cp39-macosx_12_0_arm64.whl
2025-11-03T19:47:30.5827900Z Traceback (most recent call last):
2025-11-03T19:47:30.5952530Z   File "/private/var/folders/xc/cl1fyykn2pj4ryhdw6r1mqtc0000gn/T/cibw-run-r38q9rmd/cp39-macosx_arm64/build/venv/bin/delocate-wheel", line 7, in <module>
2025-11-03T19:47:30.5977970Z     sys.exit(main())
2025-11-03T19:47:30.5982470Z   File "/private/var/folders/xc/cl1fyykn2pj4ryhdw6r1mqtc0000gn/T/cibw-run-r38q9rmd/cp39-macosx_arm64/build/venv/lib/python3.9/site-packages/delocate/cmd/delocate_wheel.py", line 115, in main
2025-11-03T19:47:30.5983630Z     copied = delocate_wheel(
2025-11-03T19:47:30.5984440Z   File "/private/var/folders/xc/cl1fyykn2pj4ryhdw6r1mqtc0000gn/T/cibw-run-r38q9rmd/cp39-macosx_arm64/build/venv/lib/python3.9/site-packages/delocate/delocating.py", line 1106, in delocate_wheel
2025-11-03T19:47:30.5985420Z     out_wheel_fixed = _check_and_update_wheel_name(
2025-11-03T19:47:30.5986300Z   File "/private/var/folders/xc/cl1fyykn2pj4ryhdw6r1mqtc0000gn/T/cibw-run-r38q9rmd/cp39-macosx_arm64/build/venv/lib/python3.9/site-packages/delocate/delocating.py", line 928, in _check_and_update_wheel_name
2025-11-03T19:47:30.5990490Z     raise DelocationError(
2025-11-03T19:47:30.5990950Z delocate.libsana.DelocationError: Library dependencies do not satisfy target MacOS version 12.0:
2025-11-03T19:47:30.5992280Z /private/var/folders/xc/cl1fyykn2pj4ryhdw6r1mqtc0000gn/T/tmp0wvih0v3/wheel/nlsl/.dylibs/libquadmath.0.dylib has a minimum target of 15.0
2025-11-03T19:47:30.5993440Z /private/var/folders/xc/cl1fyykn2pj4ryhdw6r1mqtc0000gn/T/tmp0wvih0v3/wheel/nlsl/.dylibs/libgfortran.5.dylib has a minimum target of 15.0
2025-11-03T19:47:30.5995440Z Set the environment variable 'MACOSX_DEPLOYMENT_TARGET=15.0' to update minimum supported macOS for this wheel.
2025-11-03T19:47:30.6741410Z ##[endgroup]
2025-11-03T19:47:30.6789830Z ##[error]cibuildwheel: Command delocate-wheel -w /private/var/folders/xc/cl1fyykn2pj4ryhdw6r1mqtc0000gn/T/cibw-run-r38q9rmd/cp39-macosx_arm64/repaired_wheel /private/var/folders/xc/cl1fyykn2pj4ryhdw6r1mqtc0000gn/T/cibw-run-r38q9rmd/cp39-macosx_arm64/built_wheel/acert_nlsl-0.1.0.2-cp39-cp39-macosx_12_0_arm64.whl failed with code 1. 
2025-11-03T19:47:30.6834290Z                                                               [31mâœ• [0m2.41s
2025-11-03T19:47:30.6834980Z 
2025-11-03T19:47:30.7537290Z ##[error]Process completed with exit code 1.
2025-11-03T19:47:30.7740960Z Post job cleanup.
2025-11-03T19:47:30.7795910Z Post job cleanup.
2025-11-03T19:47:31.2280300Z [command]/opt/homebrew/bin/git version
2025-11-03T19:47:31.2547810Z git version 2.50.1
2025-11-03T19:47:31.2741670Z Copying '/Users/runner/.gitconfig' to '/Users/runner/work/_temp/2a68eede-4fd7-4917-b68c-804af176bf3b/.gitconfig'
2025-11-03T19:47:31.2743910Z Temporarily overriding HOME='/Users/runner/work/_temp/2a68eede-4fd7-4917-b68c-804af176bf3b' before making global git config changes
2025-11-03T19:47:31.2744630Z Adding repository directory to the temporary git global config as a safe directory
2025-11-03T19:47:31.2745170Z [command]/opt/homebrew/bin/git config --global --add safe.directory /Users/runner/work/NLSL/NLSL
2025-11-03T19:47:31.3081180Z [command]/opt/homebrew/bin/git config --local --name-only --get-regexp core\.sshCommand
2025-11-03T19:47:31.3292160Z [command]/opt/homebrew/bin/git submodule foreach --recursive sh -c "git config --local --name-only --get-regexp 'core\.sshCommand' && git config --local --unset-all 'core.sshCommand' || :"
2025-11-03T19:47:31.4628440Z [command]/opt/homebrew/bin/git config --local --name-only --get-regexp http\.https\:\/\/github\.com\/\.extraheader
2025-11-03T19:47:31.4746580Z http.https://github.com/.extraheader
2025-11-03T19:47:31.4765960Z [command]/opt/homebrew/bin/git config --local --unset-all http.https://github.com/.extraheader
2025-11-03T19:47:31.4867140Z [command]/opt/homebrew/bin/git submodule foreach --recursive sh -c "git config --local --name-only --get-regexp 'http\.https\:\/\/github\.com\/\.extraheader' && git config --local --unset-all 'http.https://github.com/.extraheader' || :"
2025-11-03T19:47:31.6665170Z Cleaning up orphan processes
